
Discarded input sections

 .note.GNU-stack
                0x0000000000000000        0x0 build/main.o
 .note.GNU-stack
                0x0000000000000000        0x0 build/init.o
 .note.GNU-stack
                0x0000000000000000        0x0 build/interrupt.o
 .note.GNU-stack
                0x0000000000000000        0x0 build/timer.o
 .note.GNU-stack
                0x0000000000000000        0x0 build/debug.o
 .note.GNU-stack
                0x0000000000000000        0x0 build/memory.o
 .note.GNU-stack
                0x0000000000000000        0x0 build/bitmap.o
 .note.GNU-stack
                0x0000000000000000        0x0 build/string.o
 .note.GNU-stack
                0x0000000000000000        0x0 build/thread.o
 .note.GNU-stack
                0x0000000000000000        0x0 build/list.o
 .note.GNU-stack
                0x0000000000000000        0x0 build/sync.o
 .note.GNU-stack
                0x0000000000000000        0x0 build/console.o
 .note.GNU-stack
                0x0000000000000000        0x0 build/keyboard.o
 .note.GNU-stack
                0x0000000000000000        0x0 build/ioqueue.o
 .note.GNU-stack
                0x0000000000000000        0x0 build/tss.o
 .note.GNU-stack
                0x0000000000000000        0x0 build/process.o
 .note.GNU-stack
                0x0000000000000000        0x0 build/syscall.o
 .note.GNU-stack
                0x0000000000000000        0x0 build/syscall-init.o
 .note.GNU-stack
                0x0000000000000000        0x0 build/stdio.o

Memory Configuration

Name             Origin             Length             Attributes
*default*        0x0000000000000000 0xffffffffffffffff

Linker script and memory map

Address of section .text set to 0xc0001500
LOAD build/main.o
LOAD build/init.o
LOAD build/interrupt.o
LOAD build/timer.o
LOAD build/kernel.o
LOAD build/print.o
LOAD build/debug.o
LOAD build/memory.o
LOAD build/bitmap.o
LOAD build/string.o
LOAD build/thread.o
LOAD build/list.o
LOAD build/switch.o
LOAD build/sync.o
LOAD build/console.o
LOAD build/keyboard.o
LOAD build/ioqueue.o
LOAD build/tss.o
LOAD build/process.o
LOAD build/syscall.o
LOAD build/syscall-init.o
LOAD build/stdio.o
                [!provide]                        PROVIDE (__executable_start = SEGMENT_START ("text-segment", 0x8048000))
                0x00000000080480d4                . = (SEGMENT_START ("text-segment", 0x8048000) + SIZEOF_HEADERS)

.interp
 *(.interp)

.note.gnu.build-id
 *(.note.gnu.build-id)

.hash
 *(.hash)

.gnu.hash
 *(.gnu.hash)

.dynsym
 *(.dynsym)

.dynstr
 *(.dynstr)

.gnu.version
 *(.gnu.version)

.gnu.version_d
 *(.gnu.version_d)

.gnu.version_r
 *(.gnu.version_r)

.rel.dyn        0x00000000080480d4        0x0
 *(.rel.init)
 *(.rel.text .rel.text.* .rel.gnu.linkonce.t.*)
 *(.rel.fini)
 *(.rel.rodata .rel.rodata.* .rel.gnu.linkonce.r.*)
 *(.rel.data.rel.ro .rel.data.rel.ro.* .rel.gnu.linkonce.d.rel.ro.*)
 *(.rel.data .rel.data.* .rel.gnu.linkonce.d.*)
 *(.rel.tdata .rel.tdata.* .rel.gnu.linkonce.td.*)
 *(.rel.tbss .rel.tbss.* .rel.gnu.linkonce.tb.*)
 *(.rel.ctors)
 *(.rel.dtors)
 *(.rel.got)
 .rel.got       0x00000000080480d4        0x0 build/main.o
 *(.rel.bss .rel.bss.* .rel.gnu.linkonce.b.*)
 *(.rel.ifunc)

.rel.plt        0x00000000080480d4        0x0
 *(.rel.plt)
                [!provide]                        PROVIDE (__rel_iplt_start = .)
 *(.rel.iplt)
 .rel.iplt      0x00000000080480d4        0x0 build/main.o
                [!provide]                        PROVIDE (__rel_iplt_end = .)
                0x0000000008049000                . = ALIGN (CONSTANT (MAXPAGESIZE))

.init
 *(SORT_NONE(.init))

.plt            0x0000000008049000        0x0
 *(.plt)
 *(.iplt)
 .iplt          0x0000000008049000        0x0 build/main.o

.plt.got
 *(.plt.got)

.plt.sec
 *(.plt.sec)

.text           0x00000000c0001500     0x41e5
 *(.text.unlikely .text.*_unlikely .text.unlikely.*)
 *(.text.exit .text.exit.*)
 *(.text.startup .text.startup.*)
 *(.text.hot .text.hot.*)
 *(SORT_BY_NAME(.text.sorted.*))
 *(.text .stub .text.* .gnu.linkonce.t.*)
 .text          0x00000000c0001500      0x383 build/main.o
                0x00000000c0001500                main
                0x00000000c0001589                k_thread_a
                0x00000000c000166d                k_thread_b
                0x00000000c0001751                u_prog_a
                0x00000000c00017ea                u_prog_b
 .text          0x00000000c0001883       0x41 build/init.o
                0x00000000c0001883                init_all
 .text          0x00000000c00018c4      0x462 build/interrupt.o
                0x00000000c0001c17                intr_enable
                0x00000000c0001c40                intr_disable
                0x00000000c0001c68                intr_set_status
                0x00000000c0001c86                intr_get_status
                0x00000000c0001ca3                register_handler
                0x00000000c0001cc0                idt_init
 .text          0x00000000c0001d26      0x17a build/timer.o
                0x00000000c0001e4d                timer_init
 .text          0x00000000c0001ea0      0x55b build/kernel.o
                0x00000000c0001ea0                intr_exit
                0x00000000c00023d7                syscall_handler
 *fill*         0x00000000c00023fb        0x5 
 .text          0x00000000c0002400      0x172 build/print.o
                0x00000000c0002400                put_str
                0x00000000c000241e                put_char
                0x00000000c00024eb                put_int
                0x00000000c000254e                set_cursor
 .text          0x00000000c0002572       0xb0 build/debug.o
                0x00000000c0002572                panic_spin
 .text          0x00000000c0002622     0x1107 build/memory.o
                0x00000000c0002739                pte_ptr
                0x00000000c0002769                pde_ptr
                0x00000000c00028e7                malloc_page
                0x00000000c00029a9                get_kernel_pages
                0x00000000c0002a04                get_user_pages
                0x00000000c0002a59                get_a_page
                0x00000000c0002bb4                addr_v2p
                0x00000000c0002c07                sys_malloc
                0x00000000c0002f3c                pfree
                0x00000000c000306e                mfree_page
                0x00000000c000322f                sys_free
                0x00000000c0003615                block_desc_init
                0x00000000c00036aa                mem_init
 .text          0x00000000c0003729      0x243 build/bitmap.o
                0x00000000c0003729                bitmap_init
                0x00000000c000374c                bitmap_scan_test
                0x00000000c000378b                bitmap_scan
                0x00000000c00038b6                bitmap_set
 .text          0x00000000c000396c      0x3d5 build/string.o
                0x00000000c000396c                memset
                0x00000000c00039bf                memcpy
                0x00000000c0003a20                memcmp
                0x00000000c0003aa3                strcpy
                0x00000000c0003af8                strlen
                0x00000000c0003b3f                strcmp
                0x00000000c0003bb8                strchr
                0x00000000c0003c10                strrchr
                0x00000000c0003c6e                strcat
                0x00000000c0003cd8                strchrs
 .text          0x00000000c0003d41      0x590 build/thread.o
                0x00000000c0003d41                running_thread
                0x00000000c0003db1                thread_create
                0x00000000c0003e25                init_thread
                0x00000000c0003ec7                thread_start
                0x00000000c000401d                schedule
                0x00000000c0004145                thread_init
                0x00000000c00041a3                thread_block
                0x00000000c00041d8                thread_unblock
 .text          0x00000000c00042d1      0x1ee build/list.o
                0x00000000c00042d1                list_init
                0x00000000c00042ff                list_insert_before
                0x00000000c0004344                list_push
                0x00000000c0004362                list_append
                0x00000000c0004380                list_remove
                0x00000000c00043ba                list_pop
                0x00000000c00043dc                elem_find
                0x00000000c0004417                list_empty
                0x00000000c0004430                list_len
                0x00000000c0004465                list_traversal
 *fill*         0x00000000c00044bf        0x1 
 .text          0x00000000c00044c0       0x15 build/switch.o
                0x00000000c00044c0                switch_to
 .text          0x00000000c00044d5      0x311 build/sync.o
                0x00000000c00044d5                sema_init
                0x00000000c00044ff                lock_init
                0x00000000c000452f                sema_down
                0x00000000c000462a                sema_up
                0x00000000c00046d9                lock_acquire
                0x00000000c000474e                lock_release
 .text          0x00000000c00047e6       0xb6 build/console.o
                0x00000000c00047e6                console_init
                0x00000000c00047ff                console_acquire
                0x00000000c0004818                console_release
                0x00000000c0004831                console_put_str
                0x00000000c0004852                console_put_char
                0x00000000c000487b                console_put_int
 .text          0x00000000c000489c      0x2f1 build/keyboard.o
                0x00000000c0004b42                keyboard_init
 .text          0x00000000c0004b8d      0x2e0 build/ioqueue.o
                0x00000000c0004b8d                ioqueue_init
                0x00000000c0004be7                ioq_full
                0x00000000c0004c31                ioq_empty
                0x00000000c0004cfc                ioq_getchar
                0x00000000c0004db3                ioq_putchar
 .text          0x00000000c0004e6d      0x185 build/tss.o
                0x00000000c0004e6d                update_tss_esp
                0x00000000c0004ee8                tss_init
 .text          0x00000000c0004ff2      0x364 build/process.o
                0x00000000c0004ff2                start_process
                0x00000000c00050f7                page_dir_activate
                0x00000000c000512c                process_activate
                0x00000000c000517a                create_page_dir
                0x00000000c00051f3                create_user_vaddr_bitmap
                0x00000000c000523d                process_execute
 .text          0x00000000c0005356       0x6d build/syscall.o
                0x00000000c0005356                getpid
                0x00000000c000536b                write
                0x00000000c0005389                malloc
                0x00000000c00053a7                free
 .text          0x00000000c00053c3       0x87 build/syscall-init.o
                0x00000000c00053c3                sys_getpid
                0x00000000c00053d5                sys_write
                0x00000000c00053f9                syscall_init
 .text          0x00000000c000544a      0x29b build/stdio.o
                0x00000000c00054d1                vsprintf
                0x00000000c0005650                sprintf
                0x00000000c0005680                printf
 *(.gnu.warning)

.fini
 *(SORT_NONE(.fini))
                [!provide]                        PROVIDE (__etext = .)
                [!provide]                        PROVIDE (_etext = .)
                [!provide]                        PROVIDE (etext = .)
                0x00000000c0006000                . = ALIGN (CONSTANT (MAXPAGESIZE))
                0x00000000c0006000                . = SEGMENT_START ("rodata-segment", (ALIGN (CONSTANT (MAXPAGESIZE)) + (. & (CONSTANT (MAXPAGESIZE) - 0x1))))

.rodata         0x00000000c0006000      0xed7
 *(.rodata .rodata.* .gnu.linkonce.r.*)
 .rodata        0x00000000c0006000       0xcc build/main.o
 .rodata        0x00000000c00060cc        0xa build/init.o
 *fill*         0x00000000c00060d6        0x2 
 .rodata        0x00000000c00060d8      0x2b1 build/interrupt.o
 *fill*         0x00000000c0006389        0x3 
 .rodata        0x00000000c000638c       0x6b build/timer.o
 .rodata        0x00000000c00063f7       0x2e build/debug.o
 *fill*         0x00000000c0006425        0x3 
 .rodata        0x00000000c0006428      0x3cd build/memory.o
 *fill*         0x00000000c00067f5        0x3 
 .rodata        0x00000000c00067f8       0x6b build/bitmap.o
 *fill*         0x00000000c0006863        0x1 
 .rodata        0x00000000c0006864       0xc4 build/string.o
 .rodata        0x00000000c0006928      0x26b build/thread.o
 *fill*         0x00000000c0006b93        0x1 
 .rodata        0x00000000c0006b94      0x135 build/sync.o
 .rodata        0x00000000c0006cc9       0x36 build/keyboard.o
 *fill*         0x00000000c0006cff        0x1 
 .rodata        0x00000000c0006d00       0xa8 build/ioqueue.o
 .rodata        0x00000000c0006da8       0x27 build/tss.o
 *fill*         0x00000000c0006dcf        0x1 
 .rodata        0x00000000c0006dd0       0xe0 build/process.o
 .rodata        0x00000000c0006eb0       0x27 build/syscall-init.o

.rodata1
 *(.rodata1)

.eh_frame_hdr
 *(.eh_frame_hdr)
 *(.eh_frame_entry .eh_frame_entry.*)

.eh_frame       0x00000000c0006ed8      0xf88
 *(.eh_frame)
 .eh_frame      0x00000000c0006ed8       0xac build/main.o
 .eh_frame      0x00000000c0006f84       0x20 build/init.o
                                         0x38 (size before relaxing)
 .eh_frame      0x00000000c0006fa4      0x188 build/interrupt.o
                                        0x1a0 (size before relaxing)
 .eh_frame      0x00000000c000712c       0x8c build/timer.o
                                         0xa4 (size before relaxing)
 .eh_frame      0x00000000c00071b8       0x20 build/debug.o
                                         0x38 (size before relaxing)
 .eh_frame      0x00000000c00071d8      0x2a0 build/memory.o
                                        0x2b8 (size before relaxing)
 .eh_frame      0x00000000c0007478       0x88 build/bitmap.o
                                         0xa0 (size before relaxing)
 .eh_frame      0x00000000c0007500      0x140 build/string.o
                                        0x158 (size before relaxing)
 .eh_frame      0x00000000c0007640      0x160 build/thread.o
                                        0x178 (size before relaxing)
 .eh_frame      0x00000000c00077a0      0x140 build/list.o
                                        0x158 (size before relaxing)
 .eh_frame      0x00000000c00078e0       0xc8 build/sync.o
                                         0xe0 (size before relaxing)
 .eh_frame      0x00000000c00079a8       0xc0 build/console.o
                                         0xd8 (size before relaxing)
 .eh_frame      0x00000000c0007a68       0x60 build/keyboard.o
                                         0x78 (size before relaxing)
 .eh_frame      0x00000000c0007ac8      0x100 build/ioqueue.o
                                        0x118 (size before relaxing)
 .eh_frame      0x00000000c0007bc8       0x64 build/tss.o
                                         0x7c (size before relaxing)
 .eh_frame      0x00000000c0007c2c       0xc0 build/process.o
                                         0xd8 (size before relaxing)
 .eh_frame      0x00000000c0007cec       0x8c build/syscall.o
                                         0xa4 (size before relaxing)
 .eh_frame      0x00000000c0007d78       0x60 build/syscall-init.o
                                         0x78 (size before relaxing)
 .eh_frame      0x00000000c0007dd8       0x88 build/stdio.o
                                         0xa0 (size before relaxing)
 *(.eh_frame.*)

.gcc_except_table
 *(.gcc_except_table .gcc_except_table.*)

.gnu_extab
 *(.gnu_extab*)

.exception_ranges
 *(.exception_ranges*)
                0x00000000c0009000                . = DATA_SEGMENT_ALIGN (CONSTANT (MAXPAGESIZE), CONSTANT (COMMONPAGESIZE))

.eh_frame
 *(.eh_frame)
 *(.eh_frame.*)

.gnu_extab
 *(.gnu_extab)

.gcc_except_table
 *(.gcc_except_table .gcc_except_table.*)

.exception_ranges
 *(.exception_ranges*)

.tdata          0x00000000c0009000        0x0
                [!provide]                        PROVIDE (__tdata_start = .)
 *(.tdata .tdata.* .gnu.linkonce.td.*)

.tbss
 *(.tbss .tbss.* .gnu.linkonce.tb.*)
 *(.tcommon)

.preinit_array  0x00000000c0009000        0x0
                [!provide]                        PROVIDE (__preinit_array_start = .)
 *(.preinit_array)
                [!provide]                        PROVIDE (__preinit_array_end = .)

.init_array     0x00000000c0009000        0x0
                [!provide]                        PROVIDE (__init_array_start = .)
 *(SORT_BY_INIT_PRIORITY(.init_array.*) SORT_BY_INIT_PRIORITY(.ctors.*))
 *(.init_array EXCLUDE_FILE(*crtend?.o *crtend.o *crtbegin?.o *crtbegin.o) .ctors)
                [!provide]                        PROVIDE (__init_array_end = .)

.fini_array     0x00000000c0009000        0x0
                [!provide]                        PROVIDE (__fini_array_start = .)
 *(SORT_BY_INIT_PRIORITY(.fini_array.*) SORT_BY_INIT_PRIORITY(.dtors.*))
 *(.fini_array EXCLUDE_FILE(*crtend?.o *crtend.o *crtbegin?.o *crtbegin.o) .dtors)
                [!provide]                        PROVIDE (__fini_array_end = .)

.ctors
 *crtbegin.o(.ctors)
 *crtbegin?.o(.ctors)
 *(EXCLUDE_FILE(*crtend?.o *crtend.o) .ctors)
 *(SORT_BY_NAME(.ctors.*))
 *(.ctors)

.dtors
 *crtbegin.o(.dtors)
 *crtbegin?.o(.dtors)
 *(EXCLUDE_FILE(*crtend?.o *crtend.o) .dtors)
 *(SORT_BY_NAME(.dtors.*))
 *(.dtors)

.jcr
 *(.jcr)

.data.rel.ro
 *(.data.rel.ro.local* .gnu.linkonce.d.rel.ro.local.*)
 *(.data.rel.ro .data.rel.ro.* .gnu.linkonce.d.rel.ro.*)

.dynamic
 *(.dynamic)

.got            0x00000000c0009000        0x0
 *(.got)
 .got           0x00000000c0009000        0x0 build/main.o
 *(.igot)
                0x00000000c0009000                . = DATA_SEGMENT_RELRO_END (., (SIZEOF (.got.plt) >= 0xc)?0xc:0x0)

.got.plt        0x00000000c0009000        0x0
 *(.got.plt)
 .got.plt       0x00000000c0009000        0x0 build/main.o
 *(.igot.plt)
 .igot.plt      0x00000000c0009000        0x0 build/main.o

.data           0x00000000c0009000      0x156
 *(.data .data.* .gnu.linkonce.d.*)
 .data          0x00000000c0009000        0x0 build/main.o
 .data          0x00000000c0009000        0x0 build/init.o
 .data          0x00000000c0009000        0x0 build/interrupt.o
 .data          0x00000000c0009000        0x0 build/timer.o
 .data          0x00000000c0009000       0xc0 build/kernel.o
                0x00000000c0009000                intr_entry_table
 .data          0x00000000c00090c0        0x8 build/print.o
 .data          0x00000000c00090c8        0x0 build/debug.o
 .data          0x00000000c00090c8        0x0 build/memory.o
 .data          0x00000000c00090c8        0x0 build/bitmap.o
 .data          0x00000000c00090c8        0x0 build/string.o
 .data          0x00000000c00090c8        0x0 build/thread.o
 .data          0x00000000c00090c8        0x0 build/list.o
 .data          0x00000000c00090c8        0x0 build/sync.o
 .data          0x00000000c00090c8        0x0 build/console.o
 *fill*         0x00000000c00090c8       0x18 
 .data          0x00000000c00090e0       0x76 build/keyboard.o
 .data          0x00000000c0009156        0x0 build/ioqueue.o
 .data          0x00000000c0009156        0x0 build/tss.o
 .data          0x00000000c0009156        0x0 build/process.o
 .data          0x00000000c0009156        0x0 build/syscall.o
 .data          0x00000000c0009156        0x0 build/syscall-init.o
 .data          0x00000000c0009156        0x0 build/stdio.o

.data1
 *(.data1)
                0x00000000c0009156                _edata = .
                [!provide]                        PROVIDE (edata = .)
                0x00000000c0009156                . = .
                0x00000000c0009156                __bss_start = .

.bss            0x00000000c0009160      0xb80
 *(.dynbss)
 *(.bss .bss.* .gnu.linkonce.b.*)
 .bss           0x00000000c0009160        0x0 build/main.o
 .bss           0x00000000c0009160        0x0 build/init.o
 .bss           0x00000000c0009160      0x848 build/interrupt.o
                0x00000000c0009160                intr_name
                0x00000000c0009380                idt_table
 .bss           0x00000000c00099a8        0x4 build/timer.o
                0x00000000c00099a8                ticks
 .bss           0x00000000c00099ac        0x0 build/debug.o
 *fill*         0x00000000c00099ac       0x14 
 .bss           0x00000000c00099c0      0x128 build/memory.o
                0x00000000c00099c0                kernel_pool
                0x00000000c0009a00                user_pool
                0x00000000c0009a2c                kernel_vaddr
                0x00000000c0009a40                k_block_descs
 .bss           0x00000000c0009ae8        0x0 build/bitmap.o
 .bss           0x00000000c0009ae8        0x0 build/string.o
 .bss           0x00000000c0009ae8       0x46 build/thread.o
                0x00000000c0009ae8                main_thread
                0x00000000c0009aec                thread_ready_list
                0x00000000c0009afc                thread_all_list
                0x00000000c0009b0c                pid_lock
 .bss           0x00000000c0009b2e        0x0 build/list.o
 .bss           0x00000000c0009b2e        0x0 build/sync.o
 *fill*         0x00000000c0009b2e        0x2 
 .bss           0x00000000c0009b30       0x1c build/console.o
 *fill*         0x00000000c0009b4c       0x14 
 .bss           0x00000000c0009b60       0x80 build/keyboard.o
                0x00000000c0009b60                kbd_buf
 .bss           0x00000000c0009be0        0x0 build/ioqueue.o
 .bss           0x00000000c0009be0       0x6c build/tss.o
 .bss           0x00000000c0009c4c        0x0 build/process.o
 .bss           0x00000000c0009c4c        0x0 build/syscall.o
 *fill*         0x00000000c0009c4c       0x14 
 .bss           0x00000000c0009c60       0x80 build/syscall-init.o
                0x00000000c0009c60                syscall_table
 .bss           0x00000000c0009ce0        0x0 build/stdio.o
 *(COMMON)
                0x00000000c0009ce0                . = ALIGN ((. != 0x0)?0x4:0x1)
                0x00000000c0009ce0                . = ALIGN (0x4)
                0x00000000c0009ce0                . = SEGMENT_START ("ldata-segment", .)
                0x00000000c0009ce0                . = ALIGN (0x4)
                0x00000000c0009ce0                _end = .
                [!provide]                        PROVIDE (end = .)
                0x00000000c0009ce0                . = DATA_SEGMENT_END (.)

.stab
 *(.stab)

.stabstr
 *(.stabstr)

.stab.excl
 *(.stab.excl)

.stab.exclstr
 *(.stab.exclstr)

.stab.index
 *(.stab.index)

.stab.indexstr
 *(.stab.indexstr)

.comment        0x0000000000000000       0x33
 *(.comment)
 .comment       0x0000000000000000       0x33 build/main.o
                                         0x34 (size before relaxing)
 .comment       0x0000000000000033       0x34 build/init.o
 .comment       0x0000000000000033       0x34 build/interrupt.o
 .comment       0x0000000000000033       0x34 build/timer.o
 .comment       0x0000000000000033       0x34 build/debug.o
 .comment       0x0000000000000033       0x34 build/memory.o
 .comment       0x0000000000000033       0x34 build/bitmap.o
 .comment       0x0000000000000033       0x34 build/string.o
 .comment       0x0000000000000033       0x34 build/thread.o
 .comment       0x0000000000000033       0x34 build/list.o
 .comment       0x0000000000000033       0x34 build/sync.o
 .comment       0x0000000000000033       0x34 build/console.o
 .comment       0x0000000000000033       0x34 build/keyboard.o
 .comment       0x0000000000000033       0x34 build/ioqueue.o
 .comment       0x0000000000000033       0x34 build/tss.o
 .comment       0x0000000000000033       0x34 build/process.o
 .comment       0x0000000000000033       0x34 build/syscall.o
 .comment       0x0000000000000033       0x34 build/syscall-init.o
 .comment       0x0000000000000033       0x34 build/stdio.o

.gnu.build.attributes
 *(.gnu.build.attributes .gnu.build.attributes.*)

.debug
 *(.debug)

.line
 *(.line)

.debug_srcinfo
 *(.debug_srcinfo)

.debug_sfnames
 *(.debug_sfnames)

.debug_aranges
 *(.debug_aranges)

.debug_pubnames
 *(.debug_pubnames)

.debug_info
 *(.debug_info .gnu.linkonce.wi.*)

.debug_abbrev
 *(.debug_abbrev)

.debug_line
 *(.debug_line .debug_line.* .debug_line_end)

.debug_frame
 *(.debug_frame)

.debug_str
 *(.debug_str)

.debug_loc
 *(.debug_loc)

.debug_macinfo
 *(.debug_macinfo)

.debug_weaknames
 *(.debug_weaknames)

.debug_funcnames
 *(.debug_funcnames)

.debug_typenames
 *(.debug_typenames)

.debug_varnames
 *(.debug_varnames)

.debug_pubtypes
 *(.debug_pubtypes)

.debug_ranges
 *(.debug_ranges)

.debug_macro
 *(.debug_macro)

.debug_addr
 *(.debug_addr)

.gnu.attributes
 *(.gnu.attributes)

/DISCARD/
 *(.note.GNU-stack)
 *(.gnu_debuglink)
 *(.gnu.lto_*)
OUTPUT(build/kernel.bin elf32-i386)
