
Discarded input sections

 .note.GNU-stack
                0x0000000000000000        0x0 build/main.o
 .note.GNU-stack
                0x0000000000000000        0x0 build/init.o
 .note.GNU-stack
                0x0000000000000000        0x0 build/interrupt.o
 .note.GNU-stack
                0x0000000000000000        0x0 build/timer.o
 .note.GNU-stack
                0x0000000000000000        0x0 build/debug.o
 .note.GNU-stack
                0x0000000000000000        0x0 build/memory.o
 .note.GNU-stack
                0x0000000000000000        0x0 build/bitmap.o
 .note.GNU-stack
                0x0000000000000000        0x0 build/string.o
 .note.GNU-stack
                0x0000000000000000        0x0 build/thread.o
 .note.GNU-stack
                0x0000000000000000        0x0 build/list.o
 .note.GNU-stack
                0x0000000000000000        0x0 build/sync.o
 .note.GNU-stack
                0x0000000000000000        0x0 build/console.o
 .note.GNU-stack
                0x0000000000000000        0x0 build/keyboard.o
 .note.GNU-stack
                0x0000000000000000        0x0 build/ioqueue.o
 .note.GNU-stack
                0x0000000000000000        0x0 build/tss.o
 .note.GNU-stack
                0x0000000000000000        0x0 build/process.o
 .note.GNU-stack
                0x0000000000000000        0x0 build/syscall.o
 .note.GNU-stack
                0x0000000000000000        0x0 build/syscall-init.o
 .note.GNU-stack
                0x0000000000000000        0x0 build/stdio.o
 .note.GNU-stack
                0x0000000000000000        0x0 build/ide.o
 .note.GNU-stack
                0x0000000000000000        0x0 build/stdio-kernel.o
 .note.GNU-stack
                0x0000000000000000        0x0 build/fs.o
 .note.GNU-stack
                0x0000000000000000        0x0 build/inode.o
 .note.GNU-stack
                0x0000000000000000        0x0 build/file.o
 .note.GNU-stack
                0x0000000000000000        0x0 build/dir.o

Memory Configuration

Name             Origin             Length             Attributes
*default*        0x0000000000000000 0xffffffffffffffff

Linker script and memory map

Address of section .text set to 0xc0001500
LOAD build/main.o
LOAD build/init.o
LOAD build/interrupt.o
LOAD build/timer.o
LOAD build/kernel.o
LOAD build/print.o
LOAD build/debug.o
LOAD build/memory.o
LOAD build/bitmap.o
LOAD build/string.o
LOAD build/thread.o
LOAD build/list.o
LOAD build/switch.o
LOAD build/sync.o
LOAD build/console.o
LOAD build/keyboard.o
LOAD build/ioqueue.o
LOAD build/tss.o
LOAD build/process.o
LOAD build/syscall.o
LOAD build/syscall-init.o
LOAD build/stdio.o
LOAD build/ide.o
LOAD build/stdio-kernel.o
LOAD build/fs.o
LOAD build/inode.o
LOAD build/file.o
LOAD build/dir.o
                [!provide]                        PROVIDE (__executable_start = SEGMENT_START ("text-segment", 0x8048000))
                0x00000000080480d4                . = (SEGMENT_START ("text-segment", 0x8048000) + SIZEOF_HEADERS)

.interp
 *(.interp)

.note.gnu.build-id
 *(.note.gnu.build-id)

.hash
 *(.hash)

.gnu.hash
 *(.gnu.hash)

.dynsym
 *(.dynsym)

.dynstr
 *(.dynstr)

.gnu.version
 *(.gnu.version)

.gnu.version_d
 *(.gnu.version_d)

.gnu.version_r
 *(.gnu.version_r)

.rel.dyn        0x00000000080480d4        0x0
 *(.rel.init)
 *(.rel.text .rel.text.* .rel.gnu.linkonce.t.*)
 *(.rel.fini)
 *(.rel.rodata .rel.rodata.* .rel.gnu.linkonce.r.*)
 *(.rel.data.rel.ro .rel.data.rel.ro.* .rel.gnu.linkonce.d.rel.ro.*)
 *(.rel.data .rel.data.* .rel.gnu.linkonce.d.*)
 *(.rel.tdata .rel.tdata.* .rel.gnu.linkonce.td.*)
 *(.rel.tbss .rel.tbss.* .rel.gnu.linkonce.tb.*)
 *(.rel.ctors)
 *(.rel.dtors)
 *(.rel.got)
 .rel.got       0x00000000080480d4        0x0 build/main.o
 *(.rel.bss .rel.bss.* .rel.gnu.linkonce.b.*)
 *(.rel.ifunc)

.rel.plt        0x00000000080480d4        0x0
 *(.rel.plt)
                [!provide]                        PROVIDE (__rel_iplt_start = .)
 *(.rel.iplt)
 .rel.iplt      0x00000000080480d4        0x0 build/main.o
                [!provide]                        PROVIDE (__rel_iplt_end = .)
                0x0000000008049000                . = ALIGN (CONSTANT (MAXPAGESIZE))

.init
 *(SORT_NONE(.init))

.plt            0x0000000008049000        0x0
 *(.plt)
 *(.iplt)
 .iplt          0x0000000008049000        0x0 build/main.o

.plt.got
 *(.plt.got)

.plt.sec
 *(.plt.sec)

.text           0x00000000c0001500     0x9734
 *(.text.unlikely .text.*_unlikely .text.unlikely.*)
 *(.text.exit .text.exit.*)
 *(.text.startup .text.startup.*)
 *(.text.hot .text.hot.*)
 *(SORT_BY_NAME(.text.sorted.*))
 *(.text .stub .text.* .gnu.linkonce.t.*)
 .text          0x00000000c0001500      0x3c4 build/main.o
                0x00000000c0001500                main
                0x00000000c00015ca                k_thread_a
                0x00000000c00016ae                k_thread_b
                0x00000000c0001792                u_prog_a
                0x00000000c000182b                u_prog_b
 .text          0x00000000c00018c4       0x4b build/init.o
                0x00000000c00018c4                init_all
 .text          0x00000000c000190f      0x462 build/interrupt.o
                0x00000000c0001c62                intr_enable
                0x00000000c0001c8b                intr_disable
                0x00000000c0001cb3                intr_set_status
                0x00000000c0001cd1                intr_get_status
                0x00000000c0001cee                register_handler
                0x00000000c0001d0b                idt_init
 .text          0x00000000c0001d71      0x1eb build/timer.o
                0x00000000c0001ebe                mtime_sleep
                0x00000000c0001f09                timer_init
 *fill*         0x00000000c0001f5c        0x4 
 .text          0x00000000c0001f60      0x55b build/kernel.o
                0x00000000c0001f60                intr_exit
                0x00000000c0002497                syscall_handler
 *fill*         0x00000000c00024bb        0x5 
 .text          0x00000000c00024c0      0x172 build/print.o
                0x00000000c00024c0                put_str
                0x00000000c00024de                put_char
                0x00000000c00025ab                put_int
                0x00000000c000260e                set_cursor
 .text          0x00000000c0002632       0xb0 build/debug.o
                0x00000000c0002632                panic_spin
 .text          0x00000000c00026e2     0x1107 build/memory.o
                0x00000000c00027f9                pte_ptr
                0x00000000c0002829                pde_ptr
                0x00000000c00029a7                malloc_page
                0x00000000c0002a69                get_kernel_pages
                0x00000000c0002ac4                get_user_pages
                0x00000000c0002b19                get_a_page
                0x00000000c0002c74                addr_v2p
                0x00000000c0002cc7                sys_malloc
                0x00000000c0002ffc                pfree
                0x00000000c000312e                mfree_page
                0x00000000c00032ef                sys_free
                0x00000000c00036d5                block_desc_init
                0x00000000c000376a                mem_init
 .text          0x00000000c00037e9      0x243 build/bitmap.o
                0x00000000c00037e9                bitmap_init
                0x00000000c000380c                bitmap_scan_test
                0x00000000c000384b                bitmap_scan
                0x00000000c0003976                bitmap_set
 .text          0x00000000c0003a2c      0x3d5 build/string.o
                0x00000000c0003a2c                memset
                0x00000000c0003a7f                memcpy
                0x00000000c0003ae0                memcmp
                0x00000000c0003b63                strcpy
                0x00000000c0003bb8                strlen
                0x00000000c0003bff                strcmp
                0x00000000c0003c78                strchr
                0x00000000c0003cd0                strrchr
                0x00000000c0003d2e                strcat
                0x00000000c0003d98                strchrs
 .text          0x00000000c0003e01      0x6c3 build/thread.o
                0x00000000c0003e18                running_thread
                0x00000000c0003e88                thread_create
                0x00000000c0003efc                init_thread
                0x00000000c0003ff0                thread_start
                0x00000000c000414c                schedule
                0x00000000c0004299                thread_yield
                0x00000000c000431d                thread_init
                0x00000000c0004396                thread_block
                0x00000000c00043cb                thread_unblock
 .text          0x00000000c00044c4      0x1ee build/list.o
                0x00000000c00044c4                list_init
                0x00000000c00044f2                list_insert_before
                0x00000000c0004537                list_push
                0x00000000c0004555                list_append
                0x00000000c0004573                list_remove
                0x00000000c00045ad                list_pop
                0x00000000c00045cf                elem_find
                0x00000000c000460a                list_empty
                0x00000000c0004623                list_len
                0x00000000c0004658                list_traversal
 *fill*         0x00000000c00046b2        0xe 
 .text          0x00000000c00046c0       0x15 build/switch.o
                0x00000000c00046c0                switch_to
 .text          0x00000000c00046d5      0x311 build/sync.o
                0x00000000c00046d5                sema_init
                0x00000000c00046ff                lock_init
                0x00000000c000472f                sema_down
                0x00000000c000482a                sema_up
                0x00000000c00048d9                lock_acquire
                0x00000000c000494e                lock_release
 .text          0x00000000c00049e6       0xb6 build/console.o
                0x00000000c00049e6                console_init
                0x00000000c00049ff                console_acquire
                0x00000000c0004a18                console_release
                0x00000000c0004a31                console_put_str
                0x00000000c0004a52                console_put_char
                0x00000000c0004a7b                console_put_int
 .text          0x00000000c0004a9c      0x2f1 build/keyboard.o
                0x00000000c0004d42                keyboard_init
 .text          0x00000000c0004d8d      0x2e0 build/ioqueue.o
                0x00000000c0004d8d                ioqueue_init
                0x00000000c0004de7                ioq_full
                0x00000000c0004e31                ioq_empty
                0x00000000c0004efc                ioq_getchar
                0x00000000c0004fb3                ioq_putchar
 .text          0x00000000c000506d      0x185 build/tss.o
                0x00000000c000506d                update_tss_esp
                0x00000000c00050e8                tss_init
 .text          0x00000000c00051f2      0x364 build/process.o
                0x00000000c00051f2                start_process
                0x00000000c00052f7                page_dir_activate
                0x00000000c000532c                process_activate
                0x00000000c000537a                create_page_dir
                0x00000000c00053f3                create_user_vaddr_bitmap
                0x00000000c000543d                process_execute
 .text          0x00000000c0005556       0x71 build/syscall.o
                0x00000000c0005556                getpid
                0x00000000c000556b                write
                0x00000000c000558d                malloc
                0x00000000c00055ab                free
 .text          0x00000000c00055c7       0x63 build/syscall-init.o
                0x00000000c00055c7                sys_getpid
                0x00000000c00055d9                syscall_init
 .text          0x00000000c000562a      0x2b0 build/stdio.o
                0x00000000c00056b1                vsprintf
                0x00000000c0005830                sprintf
                0x00000000c0005860                printf
 .text          0x00000000c00058da      0xd87 build/ide.o
                0x00000000c0005beb                ide_read
                0x00000000c0005d5f                ide_write
                0x00000000c000639b                intr_hd_handler
                0x00000000c0006455                ide_init
 .text          0x00000000c0006661       0x66 build/stdio-kernel.o
                0x00000000c0006661                printk
 .text          0x00000000c00066c7     0x1ebc build/fs.o
                0x00000000c0006d7f                path_depth_cnt
                0x00000000c0007087                sys_open
                0x00000000c0007333                sys_close
                0x00000000c000738f                sys_write
                0x00000000c0007482                sys_read
                0x00000000c00074fe                sys_lseek
                0x00000000c00075ed                sys_unlink
                0x00000000c000780f                sys_mkdir
                0x00000000c0007bff                sys_opendir
                0x00000000c0007d0f                sys_closedir
                0x00000000c0007d3c                sys_readdir
                0x00000000c0007d74                sys_rewinddir
                0x00000000c0007d84                sys_rmdir
                0x00000000c000810e                sys_getcwd
                0x00000000c00082fe                sys_chdir
                0x00000000c000838b                filesys_init
 .text          0x00000000c0008583      0x725 build/inode.o
                0x00000000c000861d                inode_sync
                0x00000000c0008744                inode_open
                0x00000000c000888a                inode_close
                0x00000000c0008906                inode_delete
                0x00000000c0008a18                inode_release
                0x00000000c0008c51                inode_init
 .text          0x00000000c0008ca8     0x1141 build/file.o
                0x00000000c0008ca8                get_free_slot_in_global
                0x00000000c0008cfd                pcb_fd_install
                0x00000000c0008d68                inode_bitmap_alloc
                0x00000000c0008daf                block_bitmap_alloc
                0x00000000c0008e01                bitmap_sync
                0x00000000c0008e89                file_create
                0x00000000c0009150                file_open
                0x00000000c0009269                file_close
                0x00000000c00092ac                file_write
                0x00000000c0009a40                file_read
 .text          0x00000000c0009de9      0xe4b build/dir.o
                0x00000000c0009de9                open_root_dir
                0x00000000c0009e19                dir_open
                0x00000000c0009e57                search_dir_entry
                0x00000000c000a02f                dir_close
                0x00000000c000a062                create_dir_entry
                0x00000000c000a0d4                sync_dir_entry
                0x00000000c000a4f6                delete_dir_entry
                0x00000000c000a95e                dir_read
                0x00000000c000ab46                dir_is_empty
                0x00000000c000ab71                dir_remove
 *(.gnu.warning)

.fini
 *(SORT_NONE(.fini))
                [!provide]                        PROVIDE (__etext = .)
                [!provide]                        PROVIDE (_etext = .)
                [!provide]                        PROVIDE (etext = .)
                0x00000000c000b000                . = ALIGN (CONSTANT (MAXPAGESIZE))
                0x00000000c000b000                . = SEGMENT_START ("rodata-segment", (ALIGN (CONSTANT (MAXPAGESIZE)) + (. & (CONSTANT (MAXPAGESIZE) - 0x1))))

.rodata         0x00000000c000b000     0x2063
 *(.rodata .rodata.* .gnu.linkonce.r.*)
 .rodata        0x00000000c000b000       0xa8 build/main.o
 .rodata        0x00000000c000b0a8        0xa build/init.o
 *fill*         0x00000000c000b0b2        0x2 
 .rodata        0x00000000c000b0b4      0x2b5 build/interrupt.o
 *fill*         0x00000000c000b369        0x3 
 .rodata        0x00000000c000b36c       0x88 build/timer.o
 .rodata        0x00000000c000b3f4       0x2e build/debug.o
 *fill*         0x00000000c000b422        0x2 
 .rodata        0x00000000c000b424      0x3cd build/memory.o
 *fill*         0x00000000c000b7f1        0x3 
 .rodata        0x00000000c000b7f4       0x6b build/bitmap.o
 *fill*         0x00000000c000b85f        0x1 
 .rodata        0x00000000c000b860       0xc4 build/string.o
 .rodata        0x00000000c000b924      0x27f build/thread.o
 *fill*         0x00000000c000bba3        0x1 
 .rodata        0x00000000c000bba4      0x135 build/sync.o
 .rodata        0x00000000c000bcd9       0x36 build/keyboard.o
 *fill*         0x00000000c000bd0f        0x1 
 .rodata        0x00000000c000bd10       0xa8 build/ioqueue.o
 .rodata        0x00000000c000bdb8       0x27 build/tss.o
 *fill*         0x00000000c000bddf        0x1 
 .rodata        0x00000000c000bde0       0xe0 build/process.o
 .rodata        0x00000000c000bec0       0x27 build/syscall-init.o
 *fill*         0x00000000c000bee7        0x1 
 .rodata        0x00000000c000bee8      0x1f9 build/ide.o
 *fill*         0x00000000c000c0e1        0x3 
 .rodata        0x00000000c000c0e4      0x889 build/fs.o
 *fill*         0x00000000c000c96d        0x3 
 .rodata        0x00000000c000c970       0xc2 build/inode.o
 *fill*         0x00000000c000ca32        0x2 
 .rodata        0x00000000c000ca34      0x41e build/file.o
 *fill*         0x00000000c000ce52        0x2 
 .rodata        0x00000000c000ce54      0x20f build/dir.o

.rodata1
 *(.rodata1)

.eh_frame_hdr
 *(.eh_frame_hdr)
 *(.eh_frame_entry .eh_frame_entry.*)

.eh_frame       0x00000000c000d064     0x18d8
 *(.eh_frame)
 .eh_frame      0x00000000c000d064       0xac build/main.o
 .eh_frame      0x00000000c000d110       0x20 build/init.o
                                         0x38 (size before relaxing)
 .eh_frame      0x00000000c000d130      0x188 build/interrupt.o
                                        0x1a0 (size before relaxing)
 .eh_frame      0x00000000c000d2b8       0xcc build/timer.o
                                         0xe4 (size before relaxing)
 .eh_frame      0x00000000c000d384       0x20 build/debug.o
                                         0x38 (size before relaxing)
 .eh_frame      0x00000000c000d3a4      0x2a0 build/memory.o
                                        0x2b8 (size before relaxing)
 .eh_frame      0x00000000c000d644       0x88 build/bitmap.o
                                         0xa0 (size before relaxing)
 .eh_frame      0x00000000c000d6cc      0x140 build/string.o
                                        0x158 (size before relaxing)
 .eh_frame      0x00000000c000d80c      0x19c build/thread.o
                                        0x1b4 (size before relaxing)
 .eh_frame      0x00000000c000d9a8      0x140 build/list.o
                                        0x158 (size before relaxing)
 .eh_frame      0x00000000c000dae8       0xc8 build/sync.o
                                         0xe0 (size before relaxing)
 .eh_frame      0x00000000c000dbb0       0xc0 build/console.o
                                         0xd8 (size before relaxing)
 .eh_frame      0x00000000c000dc70       0x60 build/keyboard.o
                                         0x78 (size before relaxing)
 .eh_frame      0x00000000c000dcd0      0x100 build/ioqueue.o
                                        0x118 (size before relaxing)
 .eh_frame      0x00000000c000ddd0       0x64 build/tss.o
                                         0x7c (size before relaxing)
 .eh_frame      0x00000000c000de34       0xc0 build/process.o
                                         0xd8 (size before relaxing)
 .eh_frame      0x00000000c000def4       0x8c build/syscall.o
                                         0xa4 (size before relaxing)
 .eh_frame      0x00000000c000df80       0x40 build/syscall-init.o
                                         0x58 (size before relaxing)
 .eh_frame      0x00000000c000dfc0       0x88 build/stdio.o
                                         0xa0 (size before relaxing)
 .eh_frame      0x00000000c000e048      0x254 build/ide.o
                                        0x26c (size before relaxing)
 .eh_frame      0x00000000c000e29c       0x24 build/stdio-kernel.o
                                         0x3c (size before relaxing)
 .eh_frame      0x00000000c000e2c0      0x30c build/fs.o
                                        0x324 (size before relaxing)
 .eh_frame      0x00000000c000e5cc       0xe4 build/inode.o
                                         0xfc (size before relaxing)
 .eh_frame      0x00000000c000e6b0      0x140 build/file.o
                                        0x158 (size before relaxing)
 .eh_frame      0x00000000c000e7f0      0x14c build/dir.o
                                        0x164 (size before relaxing)
 *(.eh_frame.*)

.gcc_except_table
 *(.gcc_except_table .gcc_except_table.*)

.gnu_extab
 *(.gnu_extab*)

.exception_ranges
 *(.exception_ranges*)
                0x00000000c0010000                . = DATA_SEGMENT_ALIGN (CONSTANT (MAXPAGESIZE), CONSTANT (COMMONPAGESIZE))

.eh_frame
 *(.eh_frame)
 *(.eh_frame.*)

.gnu_extab
 *(.gnu_extab)

.gcc_except_table
 *(.gcc_except_table .gcc_except_table.*)

.exception_ranges
 *(.exception_ranges*)

.tdata          0x00000000c0010000        0x0
                [!provide]                        PROVIDE (__tdata_start = .)
 *(.tdata .tdata.* .gnu.linkonce.td.*)

.tbss
 *(.tbss .tbss.* .gnu.linkonce.tb.*)
 *(.tcommon)

.preinit_array  0x00000000c0010000        0x0
                [!provide]                        PROVIDE (__preinit_array_start = .)
 *(.preinit_array)
                [!provide]                        PROVIDE (__preinit_array_end = .)

.init_array     0x00000000c0010000        0x0
                [!provide]                        PROVIDE (__init_array_start = .)
 *(SORT_BY_INIT_PRIORITY(.init_array.*) SORT_BY_INIT_PRIORITY(.ctors.*))
 *(.init_array EXCLUDE_FILE(*crtend?.o *crtend.o *crtbegin?.o *crtbegin.o) .ctors)
                [!provide]                        PROVIDE (__init_array_end = .)

.fini_array     0x00000000c0010000        0x0
                [!provide]                        PROVIDE (__fini_array_start = .)
 *(SORT_BY_INIT_PRIORITY(.fini_array.*) SORT_BY_INIT_PRIORITY(.dtors.*))
 *(.fini_array EXCLUDE_FILE(*crtend?.o *crtend.o *crtbegin?.o *crtbegin.o) .dtors)
                [!provide]                        PROVIDE (__fini_array_end = .)

.ctors
 *crtbegin.o(.ctors)
 *crtbegin?.o(.ctors)
 *(EXCLUDE_FILE(*crtend?.o *crtend.o) .ctors)
 *(SORT_BY_NAME(.ctors.*))
 *(.ctors)

.dtors
 *crtbegin.o(.dtors)
 *crtbegin?.o(.dtors)
 *(EXCLUDE_FILE(*crtend?.o *crtend.o) .dtors)
 *(SORT_BY_NAME(.dtors.*))
 *(.dtors)

.jcr
 *(.jcr)

.data.rel.ro
 *(.data.rel.ro.local* .gnu.linkonce.d.rel.ro.local.*)
 *(.data.rel.ro .data.rel.ro.* .gnu.linkonce.d.rel.ro.*)

.dynamic
 *(.dynamic)

.got            0x00000000c0010000        0x0
 *(.got)
 .got           0x00000000c0010000        0x0 build/main.o
 *(.igot)
                0x00000000c0010000                . = DATA_SEGMENT_RELRO_END (., (SIZEOF (.got.plt) >= 0xc)?0xc:0x0)

.got.plt        0x00000000c0010000        0x0
 *(.got.plt)
 .got.plt       0x00000000c0010000        0x0 build/main.o
 *(.igot.plt)
 .igot.plt      0x00000000c0010000        0x0 build/main.o

.data           0x00000000c0010000      0x156
 *(.data .data.* .gnu.linkonce.d.*)
 .data          0x00000000c0010000        0x0 build/main.o
 .data          0x00000000c0010000        0x0 build/init.o
 .data          0x00000000c0010000        0x0 build/interrupt.o
 .data          0x00000000c0010000        0x0 build/timer.o
 .data          0x00000000c0010000       0xc0 build/kernel.o
                0x00000000c0010000                intr_entry_table
 .data          0x00000000c00100c0        0x8 build/print.o
 .data          0x00000000c00100c8        0x0 build/debug.o
 .data          0x00000000c00100c8        0x0 build/memory.o
 .data          0x00000000c00100c8        0x0 build/bitmap.o
 .data          0x00000000c00100c8        0x0 build/string.o
 .data          0x00000000c00100c8        0x0 build/thread.o
 .data          0x00000000c00100c8        0x0 build/list.o
 .data          0x00000000c00100c8        0x0 build/sync.o
 .data          0x00000000c00100c8        0x0 build/console.o
 *fill*         0x00000000c00100c8       0x18 
 .data          0x00000000c00100e0       0x76 build/keyboard.o
 .data          0x00000000c0010156        0x0 build/ioqueue.o
 .data          0x00000000c0010156        0x0 build/tss.o
 .data          0x00000000c0010156        0x0 build/process.o
 .data          0x00000000c0010156        0x0 build/syscall.o
 .data          0x00000000c0010156        0x0 build/syscall-init.o
 .data          0x00000000c0010156        0x0 build/stdio.o
 .data          0x00000000c0010156        0x0 build/ide.o
 .data          0x00000000c0010156        0x0 build/stdio-kernel.o
 .data          0x00000000c0010156        0x0 build/fs.o
 .data          0x00000000c0010156        0x0 build/inode.o
 .data          0x00000000c0010156        0x0 build/file.o
 .data          0x00000000c0010156        0x0 build/dir.o

.data1
 *(.data1)
                0x00000000c0010156                _edata = .
                [!provide]                        PROVIDE (edata = .)
                0x00000000c0010156                . = .
                0x00000000c0010156                __bss_start = .

.bss            0x00000000c0010160     0x1c08
 *(.dynbss)
 *(.bss .bss.* .gnu.linkonce.b.*)
 .bss           0x00000000c0010160        0x0 build/main.o
 .bss           0x00000000c0010160        0x0 build/init.o
 .bss           0x00000000c0010160      0x848 build/interrupt.o
                0x00000000c0010160                intr_name
                0x00000000c0010380                idt_table
 .bss           0x00000000c00109a8        0x4 build/timer.o
                0x00000000c00109a8                ticks
 .bss           0x00000000c00109ac        0x0 build/debug.o
 *fill*         0x00000000c00109ac       0x14 
 .bss           0x00000000c00109c0      0x128 build/memory.o
                0x00000000c00109c0                kernel_pool
                0x00000000c0010a00                user_pool
                0x00000000c0010a2c                kernel_vaddr
                0x00000000c0010a40                k_block_descs
 .bss           0x00000000c0010ae8        0x0 build/bitmap.o
 .bss           0x00000000c0010ae8        0x0 build/string.o
 .bss           0x00000000c0010ae8       0x4a build/thread.o
                0x00000000c0010ae8                main_thread
                0x00000000c0010aec                idle_thread
                0x00000000c0010af0                thread_ready_list
                0x00000000c0010b00                thread_all_list
                0x00000000c0010b10                pid_lock
 .bss           0x00000000c0010b32        0x0 build/list.o
 .bss           0x00000000c0010b32        0x0 build/sync.o
 *fill*         0x00000000c0010b32        0x2 
 .bss           0x00000000c0010b34       0x1c build/console.o
 *fill*         0x00000000c0010b50       0x10 
 .bss           0x00000000c0010b60       0x80 build/keyboard.o
                0x00000000c0010b60                kbd_buf
 .bss           0x00000000c0010be0        0x0 build/ioqueue.o
 .bss           0x00000000c0010be0       0x6c build/tss.o
 .bss           0x00000000c0010c4c        0x0 build/process.o
 .bss           0x00000000c0010c4c        0x0 build/syscall.o
 *fill*         0x00000000c0010c4c       0x14 
 .bss           0x00000000c0010c60       0x80 build/syscall-init.o
                0x00000000c0010c60                syscall_table
 .bss           0x00000000c0010ce0        0x0 build/stdio.o
 .bss           0x00000000c0010ce0      0xcf8 build/ide.o
                0x00000000c0010ce0                channel_cnt
                0x00000000c0010d00                channels
                0x00000000c00119c0                ext_lba_base
                0x00000000c00119c4                p_no
                0x00000000c00119c5                l_no
                0x00000000c00119c8                partition_list
 .bss           0x00000000c00119d8        0x0 build/stdio-kernel.o
 .bss           0x00000000c00119d8        0x4 build/fs.o
                0x00000000c00119d8                cur_part
 .bss           0x00000000c00119dc        0x0 build/inode.o
 *fill*         0x00000000c00119dc        0x4 
 .bss           0x00000000c00119e0      0x180 build/file.o
                0x00000000c00119e0                file_table
 .bss           0x00000000c0011b60      0x208 build/dir.o
                0x00000000c0011b60                root_dir
 *(COMMON)
                0x00000000c0011d68                . = ALIGN ((. != 0x0)?0x4:0x1)
                0x00000000c0011d68                . = ALIGN (0x4)
                0x00000000c0011d68                . = SEGMENT_START ("ldata-segment", .)
                0x00000000c0011d68                . = ALIGN (0x4)
                0x00000000c0011d68                _end = .
                [!provide]                        PROVIDE (end = .)
                0x00000000c0011d68                . = DATA_SEGMENT_END (.)

.stab
 *(.stab)

.stabstr
 *(.stabstr)

.stab.excl
 *(.stab.excl)

.stab.exclstr
 *(.stab.exclstr)

.stab.index
 *(.stab.index)

.stab.indexstr
 *(.stab.indexstr)

.comment        0x0000000000000000       0x33
 *(.comment)
 .comment       0x0000000000000000       0x33 build/main.o
                                         0x34 (size before relaxing)
 .comment       0x0000000000000033       0x34 build/init.o
 .comment       0x0000000000000033       0x34 build/interrupt.o
 .comment       0x0000000000000033       0x34 build/timer.o
 .comment       0x0000000000000033       0x34 build/debug.o
 .comment       0x0000000000000033       0x34 build/memory.o
 .comment       0x0000000000000033       0x34 build/bitmap.o
 .comment       0x0000000000000033       0x34 build/string.o
 .comment       0x0000000000000033       0x34 build/thread.o
 .comment       0x0000000000000033       0x34 build/list.o
 .comment       0x0000000000000033       0x34 build/sync.o
 .comment       0x0000000000000033       0x34 build/console.o
 .comment       0x0000000000000033       0x34 build/keyboard.o
 .comment       0x0000000000000033       0x34 build/ioqueue.o
 .comment       0x0000000000000033       0x34 build/tss.o
 .comment       0x0000000000000033       0x34 build/process.o
 .comment       0x0000000000000033       0x34 build/syscall.o
 .comment       0x0000000000000033       0x34 build/syscall-init.o
 .comment       0x0000000000000033       0x34 build/stdio.o
 .comment       0x0000000000000033       0x34 build/ide.o
 .comment       0x0000000000000033       0x34 build/stdio-kernel.o
 .comment       0x0000000000000033       0x34 build/fs.o
 .comment       0x0000000000000033       0x34 build/inode.o
 .comment       0x0000000000000033       0x34 build/file.o
 .comment       0x0000000000000033       0x34 build/dir.o

.gnu.build.attributes
 *(.gnu.build.attributes .gnu.build.attributes.*)

.debug
 *(.debug)

.line
 *(.line)

.debug_srcinfo
 *(.debug_srcinfo)

.debug_sfnames
 *(.debug_sfnames)

.debug_aranges
 *(.debug_aranges)

.debug_pubnames
 *(.debug_pubnames)

.debug_info
 *(.debug_info .gnu.linkonce.wi.*)

.debug_abbrev
 *(.debug_abbrev)

.debug_line
 *(.debug_line .debug_line.* .debug_line_end)

.debug_frame
 *(.debug_frame)

.debug_str
 *(.debug_str)

.debug_loc
 *(.debug_loc)

.debug_macinfo
 *(.debug_macinfo)

.debug_weaknames
 *(.debug_weaknames)

.debug_funcnames
 *(.debug_funcnames)

.debug_typenames
 *(.debug_typenames)

.debug_varnames
 *(.debug_varnames)

.debug_pubtypes
 *(.debug_pubtypes)

.debug_ranges
 *(.debug_ranges)

.debug_macro
 *(.debug_macro)

.debug_addr
 *(.debug_addr)

.gnu.attributes
 *(.gnu.attributes)

/DISCARD/
 *(.note.GNU-stack)
 *(.gnu_debuglink)
 *(.gnu.lto_*)
OUTPUT(build/kernel.bin elf32-i386)
