
Discarded input sections

 .note.GNU-stack
                0x0000000000000000        0x0 build/main.o
 .note.GNU-stack
                0x0000000000000000        0x0 build/init.o
 .note.GNU-stack
                0x0000000000000000        0x0 build/interrupt.o
 .note.GNU-stack
                0x0000000000000000        0x0 build/timer.o
 .note.GNU-stack
                0x0000000000000000        0x0 build/debug.o
 .note.GNU-stack
                0x0000000000000000        0x0 build/memory.o
 .note.GNU-stack
                0x0000000000000000        0x0 build/bitmap.o
 .note.GNU-stack
                0x0000000000000000        0x0 build/string.o
 .note.GNU-stack
                0x0000000000000000        0x0 build/thread.o
 .note.GNU-stack
                0x0000000000000000        0x0 build/list.o
 .note.GNU-stack
                0x0000000000000000        0x0 build/sync.o
 .note.GNU-stack
                0x0000000000000000        0x0 build/console.o
 .note.GNU-stack
                0x0000000000000000        0x0 build/keyboard.o
 .note.GNU-stack
                0x0000000000000000        0x0 build/ioqueue.o
 .note.GNU-stack
                0x0000000000000000        0x0 build/tss.o
 .note.GNU-stack
                0x0000000000000000        0x0 build/process.o
 .note.GNU-stack
                0x0000000000000000        0x0 build/syscall.o
 .note.GNU-stack
                0x0000000000000000        0x0 build/syscall-init.o
 .note.GNU-stack
                0x0000000000000000        0x0 build/stdio.o
 .note.GNU-stack
                0x0000000000000000        0x0 build/ide.o
 .note.GNU-stack
                0x0000000000000000        0x0 build/stdio-kernel.o
 .note.GNU-stack
                0x0000000000000000        0x0 build/fs.o
 .note.GNU-stack
                0x0000000000000000        0x0 build/inode.o
 .note.GNU-stack
                0x0000000000000000        0x0 build/file.o
 .note.GNU-stack
                0x0000000000000000        0x0 build/dir.o

Memory Configuration

Name             Origin             Length             Attributes
*default*        0x0000000000000000 0xffffffffffffffff

Linker script and memory map

Address of section .text set to 0xc0001500
LOAD build/main.o
LOAD build/init.o
LOAD build/interrupt.o
LOAD build/timer.o
LOAD build/kernel.o
LOAD build/print.o
LOAD build/debug.o
LOAD build/memory.o
LOAD build/bitmap.o
LOAD build/string.o
LOAD build/thread.o
LOAD build/list.o
LOAD build/switch.o
LOAD build/sync.o
LOAD build/console.o
LOAD build/keyboard.o
LOAD build/ioqueue.o
LOAD build/tss.o
LOAD build/process.o
LOAD build/syscall.o
LOAD build/syscall-init.o
LOAD build/stdio.o
LOAD build/ide.o
LOAD build/stdio-kernel.o
LOAD build/fs.o
LOAD build/inode.o
LOAD build/file.o
LOAD build/dir.o
                [!provide]                        PROVIDE (__executable_start = SEGMENT_START ("text-segment", 0x8048000))
                0x00000000080480d4                . = (SEGMENT_START ("text-segment", 0x8048000) + SIZEOF_HEADERS)

.interp
 *(.interp)

.note.gnu.build-id
 *(.note.gnu.build-id)

.hash
 *(.hash)

.gnu.hash
 *(.gnu.hash)

.dynsym
 *(.dynsym)

.dynstr
 *(.dynstr)

.gnu.version
 *(.gnu.version)

.gnu.version_d
 *(.gnu.version_d)

.gnu.version_r
 *(.gnu.version_r)

.rel.dyn        0x00000000080480d4        0x0
 *(.rel.init)
 *(.rel.text .rel.text.* .rel.gnu.linkonce.t.*)
 *(.rel.fini)
 *(.rel.rodata .rel.rodata.* .rel.gnu.linkonce.r.*)
 *(.rel.data.rel.ro .rel.data.rel.ro.* .rel.gnu.linkonce.d.rel.ro.*)
 *(.rel.data .rel.data.* .rel.gnu.linkonce.d.*)
 *(.rel.tdata .rel.tdata.* .rel.gnu.linkonce.td.*)
 *(.rel.tbss .rel.tbss.* .rel.gnu.linkonce.tb.*)
 *(.rel.ctors)
 *(.rel.dtors)
 *(.rel.got)
 .rel.got       0x00000000080480d4        0x0 build/main.o
 *(.rel.bss .rel.bss.* .rel.gnu.linkonce.b.*)
 *(.rel.ifunc)

.rel.plt        0x00000000080480d4        0x0
 *(.rel.plt)
                [!provide]                        PROVIDE (__rel_iplt_start = .)
 *(.rel.iplt)
 .rel.iplt      0x00000000080480d4        0x0 build/main.o
                [!provide]                        PROVIDE (__rel_iplt_end = .)
                0x0000000008049000                . = ALIGN (CONSTANT (MAXPAGESIZE))

.init
 *(SORT_NONE(.init))

.plt            0x0000000008049000        0x0
 *(.plt)
 *(.iplt)
 .iplt          0x0000000008049000        0x0 build/main.o

.plt.got
 *(.plt.got)

.plt.sec
 *(.plt.sec)

.text           0x00000000c0001500     0x803a
 *(.text.unlikely .text.*_unlikely .text.unlikely.*)
 *(.text.exit .text.exit.*)
 *(.text.startup .text.startup.*)
 *(.text.hot .text.hot.*)
 *(SORT_BY_NAME(.text.sorted.*))
 *(.text .stub .text.* .gnu.linkonce.t.*)
 .text          0x00000000c0001500      0x45d build/main.o
                0x00000000c0001500                main
                0x00000000c0001663                k_thread_a
                0x00000000c0001747                k_thread_b
                0x00000000c000182b                u_prog_a
                0x00000000c00018c4                u_prog_b
 .text          0x00000000c000195d       0x4b build/init.o
                0x00000000c000195d                init_all
 .text          0x00000000c00019a8      0x462 build/interrupt.o
                0x00000000c0001cfb                intr_enable
                0x00000000c0001d24                intr_disable
                0x00000000c0001d4c                intr_set_status
                0x00000000c0001d6a                intr_get_status
                0x00000000c0001d87                register_handler
                0x00000000c0001da4                idt_init
 .text          0x00000000c0001e0a      0x1eb build/timer.o
                0x00000000c0001f57                mtime_sleep
                0x00000000c0001fa2                timer_init
 *fill*         0x00000000c0001ff5        0xb 
 .text          0x00000000c0002000      0x55b build/kernel.o
                0x00000000c0002000                intr_exit
                0x00000000c0002537                syscall_handler
 *fill*         0x00000000c000255b        0x5 
 .text          0x00000000c0002560      0x172 build/print.o
                0x00000000c0002560                put_str
                0x00000000c000257e                put_char
                0x00000000c000264b                put_int
                0x00000000c00026ae                set_cursor
 .text          0x00000000c00026d2       0xb0 build/debug.o
                0x00000000c00026d2                panic_spin
 .text          0x00000000c0002782     0x1107 build/memory.o
                0x00000000c0002899                pte_ptr
                0x00000000c00028c9                pde_ptr
                0x00000000c0002a47                malloc_page
                0x00000000c0002b09                get_kernel_pages
                0x00000000c0002b64                get_user_pages
                0x00000000c0002bb9                get_a_page
                0x00000000c0002d14                addr_v2p
                0x00000000c0002d67                sys_malloc
                0x00000000c000309c                pfree
                0x00000000c00031ce                mfree_page
                0x00000000c000338f                sys_free
                0x00000000c0003775                block_desc_init
                0x00000000c000380a                mem_init
 .text          0x00000000c0003889      0x243 build/bitmap.o
                0x00000000c0003889                bitmap_init
                0x00000000c00038ac                bitmap_scan_test
                0x00000000c00038eb                bitmap_scan
                0x00000000c0003a16                bitmap_set
 .text          0x00000000c0003acc      0x3d5 build/string.o
                0x00000000c0003acc                memset
                0x00000000c0003b1f                memcpy
                0x00000000c0003b80                memcmp
                0x00000000c0003c03                strcpy
                0x00000000c0003c58                strlen
                0x00000000c0003c9f                strcmp
                0x00000000c0003d18                strchr
                0x00000000c0003d70                strrchr
                0x00000000c0003dce                strcat
                0x00000000c0003e38                strchrs
 .text          0x00000000c0003ea1      0x6b6 build/thread.o
                0x00000000c0003eb8                running_thread
                0x00000000c0003f28                thread_create
                0x00000000c0003f9c                init_thread
                0x00000000c0004083                thread_start
                0x00000000c00041df                schedule
                0x00000000c000432c                thread_yield
                0x00000000c00043b0                thread_init
                0x00000000c0004429                thread_block
                0x00000000c000445e                thread_unblock
 .text          0x00000000c0004557      0x1ee build/list.o
                0x00000000c0004557                list_init
                0x00000000c0004585                list_insert_before
                0x00000000c00045ca                list_push
                0x00000000c00045e8                list_append
                0x00000000c0004606                list_remove
                0x00000000c0004640                list_pop
                0x00000000c0004662                elem_find
                0x00000000c000469d                list_empty
                0x00000000c00046b6                list_len
                0x00000000c00046eb                list_traversal
 *fill*         0x00000000c0004745        0xb 
 .text          0x00000000c0004750       0x15 build/switch.o
                0x00000000c0004750                switch_to
 .text          0x00000000c0004765      0x311 build/sync.o
                0x00000000c0004765                sema_init
                0x00000000c000478f                lock_init
                0x00000000c00047bf                sema_down
                0x00000000c00048ba                sema_up
                0x00000000c0004969                lock_acquire
                0x00000000c00049de                lock_release
 .text          0x00000000c0004a76       0xb6 build/console.o
                0x00000000c0004a76                console_init
                0x00000000c0004a8f                console_acquire
                0x00000000c0004aa8                console_release
                0x00000000c0004ac1                console_put_str
                0x00000000c0004ae2                console_put_char
                0x00000000c0004b0b                console_put_int
 .text          0x00000000c0004b2c      0x2f1 build/keyboard.o
                0x00000000c0004dd2                keyboard_init
 .text          0x00000000c0004e1d      0x2e0 build/ioqueue.o
                0x00000000c0004e1d                ioqueue_init
                0x00000000c0004e77                ioq_full
                0x00000000c0004ec1                ioq_empty
                0x00000000c0004f8c                ioq_getchar
                0x00000000c0005043                ioq_putchar
 .text          0x00000000c00050fd      0x185 build/tss.o
                0x00000000c00050fd                update_tss_esp
                0x00000000c0005178                tss_init
 .text          0x00000000c0005282      0x364 build/process.o
                0x00000000c0005282                start_process
                0x00000000c0005387                page_dir_activate
                0x00000000c00053bc                process_activate
                0x00000000c000540a                create_page_dir
                0x00000000c0005483                create_user_vaddr_bitmap
                0x00000000c00054cd                process_execute
 .text          0x00000000c00055e6       0x71 build/syscall.o
                0x00000000c00055e6                getpid
                0x00000000c00055fb                write
                0x00000000c000561d                malloc
                0x00000000c000563b                free
 .text          0x00000000c0005657       0x63 build/syscall-init.o
                0x00000000c0005657                sys_getpid
                0x00000000c0005669                syscall_init
 .text          0x00000000c00056ba      0x2b0 build/stdio.o
                0x00000000c0005741                vsprintf
                0x00000000c00058c0                sprintf
                0x00000000c00058f0                printf
 .text          0x00000000c000596a      0xd87 build/ide.o
                0x00000000c0005c7b                ide_read
                0x00000000c0005def                ide_write
                0x00000000c000642b                intr_hd_handler
                0x00000000c00064e5                ide_init
 .text          0x00000000c00066f1       0x66 build/stdio-kernel.o
                0x00000000c00066f1                printk
 .text          0x00000000c0006757     0x11bb build/fs.o
                0x00000000c0006e0f                path_depth_cnt
                0x00000000c0007117                sys_open
                0x00000000c00073c1                sys_close
                0x00000000c000741d                sys_write
                0x00000000c0007510                sys_read
                0x00000000c000758c                sys_lseek
                0x00000000c000767b                filesys_init
 .text          0x00000000c0007912      0x3da build/inode.o
                0x00000000c00079ac                inode_sync
                0x00000000c0007ad3                inode_open
                0x00000000c0007c19                inode_close
                0x00000000c0007c95                inode_init
 .text          0x00000000c0007cec     0x1141 build/file.o
                0x00000000c0007cec                get_free_slot_in_global
                0x00000000c0007d41                pcb_fd_install
                0x00000000c0007dac                inode_bitmap_alloc
                0x00000000c0007df3                block_bitmap_alloc
                0x00000000c0007e45                bitmap_sync
                0x00000000c0007ecd                file_create
                0x00000000c0008194                file_open
                0x00000000c00082ad                file_close
                0x00000000c00082f0                file_write
                0x00000000c0008a84                file_read
 .text          0x00000000c0008e2d      0x70d build/dir.o
                0x00000000c0008e2d                open_root_dir
                0x00000000c0008e5d                dir_open
                0x00000000c0008e9b                search_dir_entry
                0x00000000c0009073                dir_close
                0x00000000c00090a6                create_dir_entry
                0x00000000c0009118                sync_dir_entry
 *(.gnu.warning)

.fini
 *(SORT_NONE(.fini))
                [!provide]                        PROVIDE (__etext = .)
                [!provide]                        PROVIDE (_etext = .)
                [!provide]                        PROVIDE (etext = .)
                0x00000000c000a000                . = ALIGN (CONSTANT (MAXPAGESIZE))
                0x00000000c000a000                . = SEGMENT_START ("rodata-segment", (ALIGN (CONSTANT (MAXPAGESIZE)) + (. & (CONSTANT (MAXPAGESIZE) - 0x1))))

.rodata         0x00000000c000a000     0x1b4b
 *(.rodata .rodata.* .gnu.linkonce.r.*)
 .rodata        0x00000000c000a000       0xf0 build/main.o
 .rodata        0x00000000c000a0f0        0xa build/init.o
 *fill*         0x00000000c000a0fa        0x2 
 .rodata        0x00000000c000a0fc      0x2b5 build/interrupt.o
 *fill*         0x00000000c000a3b1        0x3 
 .rodata        0x00000000c000a3b4       0x88 build/timer.o
 .rodata        0x00000000c000a43c       0x2e build/debug.o
 *fill*         0x00000000c000a46a        0x2 
 .rodata        0x00000000c000a46c      0x3cd build/memory.o
 *fill*         0x00000000c000a839        0x3 
 .rodata        0x00000000c000a83c       0x6b build/bitmap.o
 *fill*         0x00000000c000a8a7        0x1 
 .rodata        0x00000000c000a8a8       0xc4 build/string.o
 .rodata        0x00000000c000a96c      0x27f build/thread.o
 *fill*         0x00000000c000abeb        0x1 
 .rodata        0x00000000c000abec      0x135 build/sync.o
 .rodata        0x00000000c000ad21       0x36 build/keyboard.o
 *fill*         0x00000000c000ad57        0x1 
 .rodata        0x00000000c000ad58       0xa8 build/ioqueue.o
 .rodata        0x00000000c000ae00       0x27 build/tss.o
 *fill*         0x00000000c000ae27        0x1 
 .rodata        0x00000000c000ae28       0xe0 build/process.o
 .rodata        0x00000000c000af08       0x27 build/syscall-init.o
 *fill*         0x00000000c000af2f        0x1 
 .rodata        0x00000000c000af30      0x1f9 build/ide.o
 *fill*         0x00000000c000b129        0x3 
 .rodata        0x00000000c000b12c      0x489 build/fs.o
 *fill*         0x00000000c000b5b5        0x3 
 .rodata        0x00000000c000b5b8       0x6f build/inode.o
 *fill*         0x00000000c000b627        0x1 
 .rodata        0x00000000c000b628      0x41e build/file.o
 *fill*         0x00000000c000ba46        0x2 
 .rodata        0x00000000c000ba48      0x103 build/dir.o

.rodata1
 *(.rodata1)

.eh_frame_hdr
 *(.eh_frame_hdr)
 *(.eh_frame_entry .eh_frame_entry.*)

.eh_frame       0x00000000c000bb4c     0x16ac
 *(.eh_frame)
 .eh_frame      0x00000000c000bb4c       0xac build/main.o
 .eh_frame      0x00000000c000bbf8       0x20 build/init.o
                                         0x38 (size before relaxing)
 .eh_frame      0x00000000c000bc18      0x188 build/interrupt.o
                                        0x1a0 (size before relaxing)
 .eh_frame      0x00000000c000bda0       0xcc build/timer.o
                                         0xe4 (size before relaxing)
 .eh_frame      0x00000000c000be6c       0x20 build/debug.o
                                         0x38 (size before relaxing)
 .eh_frame      0x00000000c000be8c      0x2a0 build/memory.o
                                        0x2b8 (size before relaxing)
 .eh_frame      0x00000000c000c12c       0x88 build/bitmap.o
                                         0xa0 (size before relaxing)
 .eh_frame      0x00000000c000c1b4      0x140 build/string.o
                                        0x158 (size before relaxing)
 .eh_frame      0x00000000c000c2f4      0x19c build/thread.o
                                        0x1b4 (size before relaxing)
 .eh_frame      0x00000000c000c490      0x140 build/list.o
                                        0x158 (size before relaxing)
 .eh_frame      0x00000000c000c5d0       0xc8 build/sync.o
                                         0xe0 (size before relaxing)
 .eh_frame      0x00000000c000c698       0xc0 build/console.o
                                         0xd8 (size before relaxing)
 .eh_frame      0x00000000c000c758       0x60 build/keyboard.o
                                         0x78 (size before relaxing)
 .eh_frame      0x00000000c000c7b8      0x100 build/ioqueue.o
                                        0x118 (size before relaxing)
 .eh_frame      0x00000000c000c8b8       0x64 build/tss.o
                                         0x7c (size before relaxing)
 .eh_frame      0x00000000c000c91c       0xc0 build/process.o
                                         0xd8 (size before relaxing)
 .eh_frame      0x00000000c000c9dc       0x8c build/syscall.o
                                         0xa4 (size before relaxing)
 .eh_frame      0x00000000c000ca68       0x40 build/syscall-init.o
                                         0x58 (size before relaxing)
 .eh_frame      0x00000000c000caa8       0x88 build/stdio.o
                                         0xa0 (size before relaxing)
 .eh_frame      0x00000000c000cb30      0x254 build/ide.o
                                        0x26c (size before relaxing)
 .eh_frame      0x00000000c000cd84       0x24 build/stdio-kernel.o
                                         0x3c (size before relaxing)
 .eh_frame      0x00000000c000cda8      0x1ac build/fs.o
                                        0x1c4 (size before relaxing)
 .eh_frame      0x00000000c000cf54       0xa0 build/inode.o
                                         0xb8 (size before relaxing)
 .eh_frame      0x00000000c000cff4      0x140 build/file.o
                                        0x158 (size before relaxing)
 .eh_frame      0x00000000c000d134       0xc4 build/dir.o
                                         0xdc (size before relaxing)
 *(.eh_frame.*)

.gcc_except_table
 *(.gcc_except_table .gcc_except_table.*)

.gnu_extab
 *(.gnu_extab*)

.exception_ranges
 *(.exception_ranges*)
                0x00000000c000f000                . = DATA_SEGMENT_ALIGN (CONSTANT (MAXPAGESIZE), CONSTANT (COMMONPAGESIZE))

.eh_frame
 *(.eh_frame)
 *(.eh_frame.*)

.gnu_extab
 *(.gnu_extab)

.gcc_except_table
 *(.gcc_except_table .gcc_except_table.*)

.exception_ranges
 *(.exception_ranges*)

.tdata          0x00000000c000f000        0x0
                [!provide]                        PROVIDE (__tdata_start = .)
 *(.tdata .tdata.* .gnu.linkonce.td.*)

.tbss
 *(.tbss .tbss.* .gnu.linkonce.tb.*)
 *(.tcommon)

.preinit_array  0x00000000c000f000        0x0
                [!provide]                        PROVIDE (__preinit_array_start = .)
 *(.preinit_array)
                [!provide]                        PROVIDE (__preinit_array_end = .)

.init_array     0x00000000c000f000        0x0
                [!provide]                        PROVIDE (__init_array_start = .)
 *(SORT_BY_INIT_PRIORITY(.init_array.*) SORT_BY_INIT_PRIORITY(.ctors.*))
 *(.init_array EXCLUDE_FILE(*crtend?.o *crtend.o *crtbegin?.o *crtbegin.o) .ctors)
                [!provide]                        PROVIDE (__init_array_end = .)

.fini_array     0x00000000c000f000        0x0
                [!provide]                        PROVIDE (__fini_array_start = .)
 *(SORT_BY_INIT_PRIORITY(.fini_array.*) SORT_BY_INIT_PRIORITY(.dtors.*))
 *(.fini_array EXCLUDE_FILE(*crtend?.o *crtend.o *crtbegin?.o *crtbegin.o) .dtors)
                [!provide]                        PROVIDE (__fini_array_end = .)

.ctors
 *crtbegin.o(.ctors)
 *crtbegin?.o(.ctors)
 *(EXCLUDE_FILE(*crtend?.o *crtend.o) .ctors)
 *(SORT_BY_NAME(.ctors.*))
 *(.ctors)

.dtors
 *crtbegin.o(.dtors)
 *crtbegin?.o(.dtors)
 *(EXCLUDE_FILE(*crtend?.o *crtend.o) .dtors)
 *(SORT_BY_NAME(.dtors.*))
 *(.dtors)

.jcr
 *(.jcr)

.data.rel.ro
 *(.data.rel.ro.local* .gnu.linkonce.d.rel.ro.local.*)
 *(.data.rel.ro .data.rel.ro.* .gnu.linkonce.d.rel.ro.*)

.dynamic
 *(.dynamic)

.got            0x00000000c000f000        0x0
 *(.got)
 .got           0x00000000c000f000        0x0 build/main.o
 *(.igot)
                0x00000000c000f000                . = DATA_SEGMENT_RELRO_END (., (SIZEOF (.got.plt) >= 0xc)?0xc:0x0)

.got.plt        0x00000000c000f000        0x0
 *(.got.plt)
 .got.plt       0x00000000c000f000        0x0 build/main.o
 *(.igot.plt)
 .igot.plt      0x00000000c000f000        0x0 build/main.o

.data           0x00000000c000f000      0x156
 *(.data .data.* .gnu.linkonce.d.*)
 .data          0x00000000c000f000        0x0 build/main.o
 .data          0x00000000c000f000        0x0 build/init.o
 .data          0x00000000c000f000        0x0 build/interrupt.o
 .data          0x00000000c000f000        0x0 build/timer.o
 .data          0x00000000c000f000       0xc0 build/kernel.o
                0x00000000c000f000                intr_entry_table
 .data          0x00000000c000f0c0        0x8 build/print.o
 .data          0x00000000c000f0c8        0x0 build/debug.o
 .data          0x00000000c000f0c8        0x0 build/memory.o
 .data          0x00000000c000f0c8        0x0 build/bitmap.o
 .data          0x00000000c000f0c8        0x0 build/string.o
 .data          0x00000000c000f0c8        0x0 build/thread.o
 .data          0x00000000c000f0c8        0x0 build/list.o
 .data          0x00000000c000f0c8        0x0 build/sync.o
 .data          0x00000000c000f0c8        0x0 build/console.o
 *fill*         0x00000000c000f0c8       0x18 
 .data          0x00000000c000f0e0       0x76 build/keyboard.o
 .data          0x00000000c000f156        0x0 build/ioqueue.o
 .data          0x00000000c000f156        0x0 build/tss.o
 .data          0x00000000c000f156        0x0 build/process.o
 .data          0x00000000c000f156        0x0 build/syscall.o
 .data          0x00000000c000f156        0x0 build/syscall-init.o
 .data          0x00000000c000f156        0x0 build/stdio.o
 .data          0x00000000c000f156        0x0 build/ide.o
 .data          0x00000000c000f156        0x0 build/stdio-kernel.o
 .data          0x00000000c000f156        0x0 build/fs.o
 .data          0x00000000c000f156        0x0 build/inode.o
 .data          0x00000000c000f156        0x0 build/file.o
 .data          0x00000000c000f156        0x0 build/dir.o

.data1
 *(.data1)
                0x00000000c000f156                _edata = .
                [!provide]                        PROVIDE (edata = .)
                0x00000000c000f156                . = .
                0x00000000c000f156                __bss_start = .

.bss            0x00000000c000f160     0x1c08
 *(.dynbss)
 *(.bss .bss.* .gnu.linkonce.b.*)
 .bss           0x00000000c000f160        0x0 build/main.o
 .bss           0x00000000c000f160        0x0 build/init.o
 .bss           0x00000000c000f160      0x848 build/interrupt.o
                0x00000000c000f160                intr_name
                0x00000000c000f380                idt_table
 .bss           0x00000000c000f9a8        0x4 build/timer.o
                0x00000000c000f9a8                ticks
 .bss           0x00000000c000f9ac        0x0 build/debug.o
 *fill*         0x00000000c000f9ac       0x14 
 .bss           0x00000000c000f9c0      0x128 build/memory.o
                0x00000000c000f9c0                kernel_pool
                0x00000000c000fa00                user_pool
                0x00000000c000fa2c                kernel_vaddr
                0x00000000c000fa40                k_block_descs
 .bss           0x00000000c000fae8        0x0 build/bitmap.o
 .bss           0x00000000c000fae8        0x0 build/string.o
 .bss           0x00000000c000fae8       0x4a build/thread.o
                0x00000000c000fae8                main_thread
                0x00000000c000faec                idle_thread
                0x00000000c000faf0                thread_ready_list
                0x00000000c000fb00                thread_all_list
                0x00000000c000fb10                pid_lock
 .bss           0x00000000c000fb32        0x0 build/list.o
 .bss           0x00000000c000fb32        0x0 build/sync.o
 *fill*         0x00000000c000fb32        0x2 
 .bss           0x00000000c000fb34       0x1c build/console.o
 *fill*         0x00000000c000fb50       0x10 
 .bss           0x00000000c000fb60       0x80 build/keyboard.o
                0x00000000c000fb60                kbd_buf
 .bss           0x00000000c000fbe0        0x0 build/ioqueue.o
 .bss           0x00000000c000fbe0       0x6c build/tss.o
 .bss           0x00000000c000fc4c        0x0 build/process.o
 .bss           0x00000000c000fc4c        0x0 build/syscall.o
 *fill*         0x00000000c000fc4c       0x14 
 .bss           0x00000000c000fc60       0x80 build/syscall-init.o
                0x00000000c000fc60                syscall_table
 .bss           0x00000000c000fce0        0x0 build/stdio.o
 .bss           0x00000000c000fce0      0xcf8 build/ide.o
                0x00000000c000fce0                channel_cnt
                0x00000000c000fd00                channels
                0x00000000c00109c0                ext_lba_base
                0x00000000c00109c4                p_no
                0x00000000c00109c5                l_no
                0x00000000c00109c8                partition_list
 .bss           0x00000000c00109d8        0x0 build/stdio-kernel.o
 .bss           0x00000000c00109d8        0x4 build/fs.o
                0x00000000c00109d8                cur_part
 .bss           0x00000000c00109dc        0x0 build/inode.o
 *fill*         0x00000000c00109dc        0x4 
 .bss           0x00000000c00109e0      0x180 build/file.o
                0x00000000c00109e0                file_table
 .bss           0x00000000c0010b60      0x208 build/dir.o
                0x00000000c0010b60                root_dir
 *(COMMON)
                0x00000000c0010d68                . = ALIGN ((. != 0x0)?0x4:0x1)
                0x00000000c0010d68                . = ALIGN (0x4)
                0x00000000c0010d68                . = SEGMENT_START ("ldata-segment", .)
                0x00000000c0010d68                . = ALIGN (0x4)
                0x00000000c0010d68                _end = .
                [!provide]                        PROVIDE (end = .)
                0x00000000c0010d68                . = DATA_SEGMENT_END (.)

.stab
 *(.stab)

.stabstr
 *(.stabstr)

.stab.excl
 *(.stab.excl)

.stab.exclstr
 *(.stab.exclstr)

.stab.index
 *(.stab.index)

.stab.indexstr
 *(.stab.indexstr)

.comment        0x0000000000000000       0x33
 *(.comment)
 .comment       0x0000000000000000       0x33 build/main.o
                                         0x34 (size before relaxing)
 .comment       0x0000000000000033       0x34 build/init.o
 .comment       0x0000000000000033       0x34 build/interrupt.o
 .comment       0x0000000000000033       0x34 build/timer.o
 .comment       0x0000000000000033       0x34 build/debug.o
 .comment       0x0000000000000033       0x34 build/memory.o
 .comment       0x0000000000000033       0x34 build/bitmap.o
 .comment       0x0000000000000033       0x34 build/string.o
 .comment       0x0000000000000033       0x34 build/thread.o
 .comment       0x0000000000000033       0x34 build/list.o
 .comment       0x0000000000000033       0x34 build/sync.o
 .comment       0x0000000000000033       0x34 build/console.o
 .comment       0x0000000000000033       0x34 build/keyboard.o
 .comment       0x0000000000000033       0x34 build/ioqueue.o
 .comment       0x0000000000000033       0x34 build/tss.o
 .comment       0x0000000000000033       0x34 build/process.o
 .comment       0x0000000000000033       0x34 build/syscall.o
 .comment       0x0000000000000033       0x34 build/syscall-init.o
 .comment       0x0000000000000033       0x34 build/stdio.o
 .comment       0x0000000000000033       0x34 build/ide.o
 .comment       0x0000000000000033       0x34 build/stdio-kernel.o
 .comment       0x0000000000000033       0x34 build/fs.o
 .comment       0x0000000000000033       0x34 build/inode.o
 .comment       0x0000000000000033       0x34 build/file.o
 .comment       0x0000000000000033       0x34 build/dir.o

.gnu.build.attributes
 *(.gnu.build.attributes .gnu.build.attributes.*)

.debug
 *(.debug)

.line
 *(.line)

.debug_srcinfo
 *(.debug_srcinfo)

.debug_sfnames
 *(.debug_sfnames)

.debug_aranges
 *(.debug_aranges)

.debug_pubnames
 *(.debug_pubnames)

.debug_info
 *(.debug_info .gnu.linkonce.wi.*)

.debug_abbrev
 *(.debug_abbrev)

.debug_line
 *(.debug_line .debug_line.* .debug_line_end)

.debug_frame
 *(.debug_frame)

.debug_str
 *(.debug_str)

.debug_loc
 *(.debug_loc)

.debug_macinfo
 *(.debug_macinfo)

.debug_weaknames
 *(.debug_weaknames)

.debug_funcnames
 *(.debug_funcnames)

.debug_typenames
 *(.debug_typenames)

.debug_varnames
 *(.debug_varnames)

.debug_pubtypes
 *(.debug_pubtypes)

.debug_ranges
 *(.debug_ranges)

.debug_macro
 *(.debug_macro)

.debug_addr
 *(.debug_addr)

.gnu.attributes
 *(.gnu.attributes)

/DISCARD/
 *(.note.GNU-stack)
 *(.gnu_debuglink)
 *(.gnu.lto_*)
OUTPUT(build/kernel.bin elf32-i386)
