
Discarded input sections

 .note.GNU-stack
                0x0000000000000000        0x0 build/main.o
 .note.GNU-stack
                0x0000000000000000        0x0 build/init.o
 .note.GNU-stack
                0x0000000000000000        0x0 build/interrupt.o
 .note.GNU-stack
                0x0000000000000000        0x0 build/timer.o
 .note.GNU-stack
                0x0000000000000000        0x0 build/debug.o
 .note.GNU-stack
                0x0000000000000000        0x0 build/memory.o
 .note.GNU-stack
                0x0000000000000000        0x0 build/bitmap.o
 .note.GNU-stack
                0x0000000000000000        0x0 build/string.o
 .note.GNU-stack
                0x0000000000000000        0x0 build/thread.o
 .note.GNU-stack
                0x0000000000000000        0x0 build/list.o
 .note.GNU-stack
                0x0000000000000000        0x0 build/sync.o
 .note.GNU-stack
                0x0000000000000000        0x0 build/console.o
 .note.GNU-stack
                0x0000000000000000        0x0 build/keyboard.o
 .note.GNU-stack
                0x0000000000000000        0x0 build/ioqueue.o
 .note.GNU-stack
                0x0000000000000000        0x0 build/tss.o
 .note.GNU-stack
                0x0000000000000000        0x0 build/process.o
 .note.GNU-stack
                0x0000000000000000        0x0 build/syscall.o
 .note.GNU-stack
                0x0000000000000000        0x0 build/syscall-init.o
 .note.GNU-stack
                0x0000000000000000        0x0 build/stdio.o
 .note.GNU-stack
                0x0000000000000000        0x0 build/ide.o
 .note.GNU-stack
                0x0000000000000000        0x0 build/stdio-kernel.o
 .note.GNU-stack
                0x0000000000000000        0x0 build/fs.o
 .note.GNU-stack
                0x0000000000000000        0x0 build/inode.o
 .note.GNU-stack
                0x0000000000000000        0x0 build/file.o
 .note.GNU-stack
                0x0000000000000000        0x0 build/dir.o

Memory Configuration

Name             Origin             Length             Attributes
*default*        0x0000000000000000 0xffffffffffffffff

Linker script and memory map

Address of section .text set to 0xc0001500
LOAD build/main.o
LOAD build/init.o
LOAD build/interrupt.o
LOAD build/timer.o
LOAD build/kernel.o
LOAD build/print.o
LOAD build/debug.o
LOAD build/memory.o
LOAD build/bitmap.o
LOAD build/string.o
LOAD build/thread.o
LOAD build/list.o
LOAD build/switch.o
LOAD build/sync.o
LOAD build/console.o
LOAD build/keyboard.o
LOAD build/ioqueue.o
LOAD build/tss.o
LOAD build/process.o
LOAD build/syscall.o
LOAD build/syscall-init.o
LOAD build/stdio.o
LOAD build/ide.o
LOAD build/stdio-kernel.o
LOAD build/fs.o
LOAD build/inode.o
LOAD build/file.o
LOAD build/dir.o
                [!provide]                        PROVIDE (__executable_start = SEGMENT_START ("text-segment", 0x8048000))
                0x00000000080480d4                . = (SEGMENT_START ("text-segment", 0x8048000) + SIZEOF_HEADERS)

.interp
 *(.interp)

.note.gnu.build-id
 *(.note.gnu.build-id)

.hash
 *(.hash)

.gnu.hash
 *(.gnu.hash)

.dynsym
 *(.dynsym)

.dynstr
 *(.dynstr)

.gnu.version
 *(.gnu.version)

.gnu.version_d
 *(.gnu.version_d)

.gnu.version_r
 *(.gnu.version_r)

.rel.dyn        0x00000000080480d4        0x0
 *(.rel.init)
 *(.rel.text .rel.text.* .rel.gnu.linkonce.t.*)
 *(.rel.fini)
 *(.rel.rodata .rel.rodata.* .rel.gnu.linkonce.r.*)
 *(.rel.data.rel.ro .rel.data.rel.ro.* .rel.gnu.linkonce.d.rel.ro.*)
 *(.rel.data .rel.data.* .rel.gnu.linkonce.d.*)
 *(.rel.tdata .rel.tdata.* .rel.gnu.linkonce.td.*)
 *(.rel.tbss .rel.tbss.* .rel.gnu.linkonce.tb.*)
 *(.rel.ctors)
 *(.rel.dtors)
 *(.rel.got)
 .rel.got       0x00000000080480d4        0x0 build/main.o
 *(.rel.bss .rel.bss.* .rel.gnu.linkonce.b.*)
 *(.rel.ifunc)

.rel.plt        0x00000000080480d4        0x0
 *(.rel.plt)
                [!provide]                        PROVIDE (__rel_iplt_start = .)
 *(.rel.iplt)
 .rel.iplt      0x00000000080480d4        0x0 build/main.o
                [!provide]                        PROVIDE (__rel_iplt_end = .)
                0x0000000008049000                . = ALIGN (CONSTANT (MAXPAGESIZE))

.init
 *(SORT_NONE(.init))

.plt            0x0000000008049000        0x0
 *(.plt)
 *(.iplt)
 .iplt          0x0000000008049000        0x0 build/main.o

.plt.got
 *(.plt.got)

.plt.sec
 *(.plt.sec)

.text           0x00000000c0001500     0x7ab9
 *(.text.unlikely .text.*_unlikely .text.unlikely.*)
 *(.text.exit .text.exit.*)
 *(.text.startup .text.startup.*)
 *(.text.hot .text.hot.*)
 *(SORT_BY_NAME(.text.sorted.*))
 *(.text .stub .text.* .gnu.linkonce.t.*)
 .text          0x00000000c0001500      0x3de build/main.o
                0x00000000c0001500                main
                0x00000000c00015e4                k_thread_a
                0x00000000c00016c8                k_thread_b
                0x00000000c00017ac                u_prog_a
                0x00000000c0001845                u_prog_b
 .text          0x00000000c00018de       0x4b build/init.o
                0x00000000c00018de                init_all
 .text          0x00000000c0001929      0x462 build/interrupt.o
                0x00000000c0001c7c                intr_enable
                0x00000000c0001ca5                intr_disable
                0x00000000c0001ccd                intr_set_status
                0x00000000c0001ceb                intr_get_status
                0x00000000c0001d08                register_handler
                0x00000000c0001d25                idt_init
 .text          0x00000000c0001d8b      0x1eb build/timer.o
                0x00000000c0001ed8                mtime_sleep
                0x00000000c0001f23                timer_init
 *fill*         0x00000000c0001f76        0xa 
 .text          0x00000000c0001f80      0x55b build/kernel.o
                0x00000000c0001f80                intr_exit
                0x00000000c00024b7                syscall_handler
 *fill*         0x00000000c00024db        0x5 
 .text          0x00000000c00024e0      0x172 build/print.o
                0x00000000c00024e0                put_str
                0x00000000c00024fe                put_char
                0x00000000c00025cb                put_int
                0x00000000c000262e                set_cursor
 .text          0x00000000c0002652       0xb0 build/debug.o
                0x00000000c0002652                panic_spin
 .text          0x00000000c0002702     0x1107 build/memory.o
                0x00000000c0002819                pte_ptr
                0x00000000c0002849                pde_ptr
                0x00000000c00029c7                malloc_page
                0x00000000c0002a89                get_kernel_pages
                0x00000000c0002ae4                get_user_pages
                0x00000000c0002b39                get_a_page
                0x00000000c0002c94                addr_v2p
                0x00000000c0002ce7                sys_malloc
                0x00000000c000301c                pfree
                0x00000000c000314e                mfree_page
                0x00000000c000330f                sys_free
                0x00000000c00036f5                block_desc_init
                0x00000000c000378a                mem_init
 .text          0x00000000c0003809      0x243 build/bitmap.o
                0x00000000c0003809                bitmap_init
                0x00000000c000382c                bitmap_scan_test
                0x00000000c000386b                bitmap_scan
                0x00000000c0003996                bitmap_set
 .text          0x00000000c0003a4c      0x3d5 build/string.o
                0x00000000c0003a4c                memset
                0x00000000c0003a9f                memcpy
                0x00000000c0003b00                memcmp
                0x00000000c0003b83                strcpy
                0x00000000c0003bd8                strlen
                0x00000000c0003c1f                strcmp
                0x00000000c0003c98                strchr
                0x00000000c0003cf0                strrchr
                0x00000000c0003d4e                strcat
                0x00000000c0003db8                strchrs
 .text          0x00000000c0003e21      0x6b6 build/thread.o
                0x00000000c0003e38                running_thread
                0x00000000c0003ea8                thread_create
                0x00000000c0003f1c                init_thread
                0x00000000c0004003                thread_start
                0x00000000c000415f                schedule
                0x00000000c00042ac                thread_yield
                0x00000000c0004330                thread_init
                0x00000000c00043a9                thread_block
                0x00000000c00043de                thread_unblock
 .text          0x00000000c00044d7      0x1ee build/list.o
                0x00000000c00044d7                list_init
                0x00000000c0004505                list_insert_before
                0x00000000c000454a                list_push
                0x00000000c0004568                list_append
                0x00000000c0004586                list_remove
                0x00000000c00045c0                list_pop
                0x00000000c00045e2                elem_find
                0x00000000c000461d                list_empty
                0x00000000c0004636                list_len
                0x00000000c000466b                list_traversal
 *fill*         0x00000000c00046c5        0xb 
 .text          0x00000000c00046d0       0x15 build/switch.o
                0x00000000c00046d0                switch_to
 .text          0x00000000c00046e5      0x311 build/sync.o
                0x00000000c00046e5                sema_init
                0x00000000c000470f                lock_init
                0x00000000c000473f                sema_down
                0x00000000c000483a                sema_up
                0x00000000c00048e9                lock_acquire
                0x00000000c000495e                lock_release
 .text          0x00000000c00049f6       0xb6 build/console.o
                0x00000000c00049f6                console_init
                0x00000000c0004a0f                console_acquire
                0x00000000c0004a28                console_release
                0x00000000c0004a41                console_put_str
                0x00000000c0004a62                console_put_char
                0x00000000c0004a8b                console_put_int
 .text          0x00000000c0004aac      0x2f1 build/keyboard.o
                0x00000000c0004d52                keyboard_init
 .text          0x00000000c0004d9d      0x2e0 build/ioqueue.o
                0x00000000c0004d9d                ioqueue_init
                0x00000000c0004df7                ioq_full
                0x00000000c0004e41                ioq_empty
                0x00000000c0004f0c                ioq_getchar
                0x00000000c0004fc3                ioq_putchar
 .text          0x00000000c000507d      0x185 build/tss.o
                0x00000000c000507d                update_tss_esp
                0x00000000c00050f8                tss_init
 .text          0x00000000c0005202      0x364 build/process.o
                0x00000000c0005202                start_process
                0x00000000c0005307                page_dir_activate
                0x00000000c000533c                process_activate
                0x00000000c000538a                create_page_dir
                0x00000000c0005403                create_user_vaddr_bitmap
                0x00000000c000544d                process_execute
 .text          0x00000000c0005566       0x71 build/syscall.o
                0x00000000c0005566                getpid
                0x00000000c000557b                write
                0x00000000c000559d                malloc
                0x00000000c00055bb                free
 .text          0x00000000c00055d7       0x63 build/syscall-init.o
                0x00000000c00055d7                sys_getpid
                0x00000000c00055e9                syscall_init
 .text          0x00000000c000563a      0x2b0 build/stdio.o
                0x00000000c00056c1                vsprintf
                0x00000000c0005840                sprintf
                0x00000000c0005870                printf
 .text          0x00000000c00058ea      0xd87 build/ide.o
                0x00000000c0005bfb                ide_read
                0x00000000c0005d6f                ide_write
                0x00000000c00063ab                intr_hd_handler
                0x00000000c0006465                ide_init
 .text          0x00000000c0006671       0x66 build/stdio-kernel.o
                0x00000000c0006671                printk
 .text          0x00000000c00066d7     0x1050 build/fs.o
                0x00000000c0006d8f                path_depth_cnt
                0x00000000c0007097                sys_open
                0x00000000c0007341                sys_close
                0x00000000c000739d                sys_write
                0x00000000c0007490                filesys_init
 .text          0x00000000c0007727      0x3da build/inode.o
                0x00000000c00077c1                inode_sync
                0x00000000c00078e8                inode_open
                0x00000000c0007a2e                inode_close
                0x00000000c0007aaa                inode_init
 .text          0x00000000c0007b01      0xdab build/file.o
                0x00000000c0007b01                get_free_slot_in_global
                0x00000000c0007b56                pcb_fd_install
                0x00000000c0007bc1                inode_bitmap_alloc
                0x00000000c0007c08                block_bitmap_alloc
                0x00000000c0007c5a                bitmap_sync
                0x00000000c0007ce2                file_create
                0x00000000c0007fa9                file_open
                0x00000000c00080c2                file_close
                0x00000000c0008105                file_write
 .text          0x00000000c00088ac      0x70d build/dir.o
                0x00000000c00088ac                open_root_dir
                0x00000000c00088dc                dir_open
                0x00000000c000891a                search_dir_entry
                0x00000000c0008af2                dir_close
                0x00000000c0008b25                create_dir_entry
                0x00000000c0008b97                sync_dir_entry
 *(.gnu.warning)

.fini
 *(SORT_NONE(.fini))
                [!provide]                        PROVIDE (__etext = .)
                [!provide]                        PROVIDE (_etext = .)
                [!provide]                        PROVIDE (etext = .)
                0x00000000c0009000                . = ALIGN (CONSTANT (MAXPAGESIZE))
                0x00000000c0009000                . = SEGMENT_START ("rodata-segment", (ALIGN (CONSTANT (MAXPAGESIZE)) + (. & (CONSTANT (MAXPAGESIZE) - 0x1))))

.rodata         0x00000000c0009000     0x1a3b
 *(.rodata .rodata.* .gnu.linkonce.r.*)
 .rodata        0x00000000c0009000       0xf8 build/main.o
 .rodata        0x00000000c00090f8        0xa build/init.o
 *fill*         0x00000000c0009102        0x2 
 .rodata        0x00000000c0009104      0x2b5 build/interrupt.o
 *fill*         0x00000000c00093b9        0x3 
 .rodata        0x00000000c00093bc       0x88 build/timer.o
 .rodata        0x00000000c0009444       0x2e build/debug.o
 *fill*         0x00000000c0009472        0x2 
 .rodata        0x00000000c0009474      0x3cd build/memory.o
 *fill*         0x00000000c0009841        0x3 
 .rodata        0x00000000c0009844       0x6b build/bitmap.o
 *fill*         0x00000000c00098af        0x1 
 .rodata        0x00000000c00098b0       0xc4 build/string.o
 .rodata        0x00000000c0009974      0x27f build/thread.o
 *fill*         0x00000000c0009bf3        0x1 
 .rodata        0x00000000c0009bf4      0x135 build/sync.o
 .rodata        0x00000000c0009d29       0x36 build/keyboard.o
 *fill*         0x00000000c0009d5f        0x1 
 .rodata        0x00000000c0009d60       0xa8 build/ioqueue.o
 .rodata        0x00000000c0009e08       0x27 build/tss.o
 *fill*         0x00000000c0009e2f        0x1 
 .rodata        0x00000000c0009e30       0xe0 build/process.o
 .rodata        0x00000000c0009f10       0x27 build/syscall-init.o
 *fill*         0x00000000c0009f37        0x1 
 .rodata        0x00000000c0009f38      0x1f9 build/ide.o
 *fill*         0x00000000c000a131        0x3 
 .rodata        0x00000000c000a134      0x425 build/fs.o
 *fill*         0x00000000c000a559        0x3 
 .rodata        0x00000000c000a55c       0x6f build/inode.o
 *fill*         0x00000000c000a5cb        0x1 
 .rodata        0x00000000c000a5cc      0x36b build/file.o
 *fill*         0x00000000c000a937        0x1 
 .rodata        0x00000000c000a938      0x103 build/dir.o

.rodata1
 *(.rodata1)

.eh_frame_hdr
 *(.eh_frame_hdr)
 *(.eh_frame_entry .eh_frame_entry.*)

.eh_frame       0x00000000c000aa3c     0x164c
 *(.eh_frame)
 .eh_frame      0x00000000c000aa3c       0xac build/main.o
 .eh_frame      0x00000000c000aae8       0x20 build/init.o
                                         0x38 (size before relaxing)
 .eh_frame      0x00000000c000ab08      0x188 build/interrupt.o
                                        0x1a0 (size before relaxing)
 .eh_frame      0x00000000c000ac90       0xcc build/timer.o
                                         0xe4 (size before relaxing)
 .eh_frame      0x00000000c000ad5c       0x20 build/debug.o
                                         0x38 (size before relaxing)
 .eh_frame      0x00000000c000ad7c      0x2a0 build/memory.o
                                        0x2b8 (size before relaxing)
 .eh_frame      0x00000000c000b01c       0x88 build/bitmap.o
                                         0xa0 (size before relaxing)
 .eh_frame      0x00000000c000b0a4      0x140 build/string.o
                                        0x158 (size before relaxing)
 .eh_frame      0x00000000c000b1e4      0x19c build/thread.o
                                        0x1b4 (size before relaxing)
 .eh_frame      0x00000000c000b380      0x140 build/list.o
                                        0x158 (size before relaxing)
 .eh_frame      0x00000000c000b4c0       0xc8 build/sync.o
                                         0xe0 (size before relaxing)
 .eh_frame      0x00000000c000b588       0xc0 build/console.o
                                         0xd8 (size before relaxing)
 .eh_frame      0x00000000c000b648       0x60 build/keyboard.o
                                         0x78 (size before relaxing)
 .eh_frame      0x00000000c000b6a8      0x100 build/ioqueue.o
                                        0x118 (size before relaxing)
 .eh_frame      0x00000000c000b7a8       0x64 build/tss.o
                                         0x7c (size before relaxing)
 .eh_frame      0x00000000c000b80c       0xc0 build/process.o
                                         0xd8 (size before relaxing)
 .eh_frame      0x00000000c000b8cc       0x8c build/syscall.o
                                         0xa4 (size before relaxing)
 .eh_frame      0x00000000c000b958       0x40 build/syscall-init.o
                                         0x58 (size before relaxing)
 .eh_frame      0x00000000c000b998       0x88 build/stdio.o
                                         0xa0 (size before relaxing)
 .eh_frame      0x00000000c000ba20      0x254 build/ide.o
                                        0x26c (size before relaxing)
 .eh_frame      0x00000000c000bc74       0x24 build/stdio-kernel.o
                                         0x3c (size before relaxing)
 .eh_frame      0x00000000c000bc98      0x16c build/fs.o
                                        0x184 (size before relaxing)
 .eh_frame      0x00000000c000be04       0xa0 build/inode.o
                                         0xb8 (size before relaxing)
 .eh_frame      0x00000000c000bea4      0x120 build/file.o
                                        0x138 (size before relaxing)
 .eh_frame      0x00000000c000bfc4       0xc4 build/dir.o
                                         0xdc (size before relaxing)
 *(.eh_frame.*)

.gcc_except_table
 *(.gcc_except_table .gcc_except_table.*)

.gnu_extab
 *(.gnu_extab*)

.exception_ranges
 *(.exception_ranges*)
                0x00000000c000e000                . = DATA_SEGMENT_ALIGN (CONSTANT (MAXPAGESIZE), CONSTANT (COMMONPAGESIZE))

.eh_frame
 *(.eh_frame)
 *(.eh_frame.*)

.gnu_extab
 *(.gnu_extab)

.gcc_except_table
 *(.gcc_except_table .gcc_except_table.*)

.exception_ranges
 *(.exception_ranges*)

.tdata          0x00000000c000e000        0x0
                [!provide]                        PROVIDE (__tdata_start = .)
 *(.tdata .tdata.* .gnu.linkonce.td.*)

.tbss
 *(.tbss .tbss.* .gnu.linkonce.tb.*)
 *(.tcommon)

.preinit_array  0x00000000c000e000        0x0
                [!provide]                        PROVIDE (__preinit_array_start = .)
 *(.preinit_array)
                [!provide]                        PROVIDE (__preinit_array_end = .)

.init_array     0x00000000c000e000        0x0
                [!provide]                        PROVIDE (__init_array_start = .)
 *(SORT_BY_INIT_PRIORITY(.init_array.*) SORT_BY_INIT_PRIORITY(.ctors.*))
 *(.init_array EXCLUDE_FILE(*crtend?.o *crtend.o *crtbegin?.o *crtbegin.o) .ctors)
                [!provide]                        PROVIDE (__init_array_end = .)

.fini_array     0x00000000c000e000        0x0
                [!provide]                        PROVIDE (__fini_array_start = .)
 *(SORT_BY_INIT_PRIORITY(.fini_array.*) SORT_BY_INIT_PRIORITY(.dtors.*))
 *(.fini_array EXCLUDE_FILE(*crtend?.o *crtend.o *crtbegin?.o *crtbegin.o) .dtors)
                [!provide]                        PROVIDE (__fini_array_end = .)

.ctors
 *crtbegin.o(.ctors)
 *crtbegin?.o(.ctors)
 *(EXCLUDE_FILE(*crtend?.o *crtend.o) .ctors)
 *(SORT_BY_NAME(.ctors.*))
 *(.ctors)

.dtors
 *crtbegin.o(.dtors)
 *crtbegin?.o(.dtors)
 *(EXCLUDE_FILE(*crtend?.o *crtend.o) .dtors)
 *(SORT_BY_NAME(.dtors.*))
 *(.dtors)

.jcr
 *(.jcr)

.data.rel.ro
 *(.data.rel.ro.local* .gnu.linkonce.d.rel.ro.local.*)
 *(.data.rel.ro .data.rel.ro.* .gnu.linkonce.d.rel.ro.*)

.dynamic
 *(.dynamic)

.got            0x00000000c000e000        0x0
 *(.got)
 .got           0x00000000c000e000        0x0 build/main.o
 *(.igot)
                0x00000000c000e000                . = DATA_SEGMENT_RELRO_END (., (SIZEOF (.got.plt) >= 0xc)?0xc:0x0)

.got.plt        0x00000000c000e000        0x0
 *(.got.plt)
 .got.plt       0x00000000c000e000        0x0 build/main.o
 *(.igot.plt)
 .igot.plt      0x00000000c000e000        0x0 build/main.o

.data           0x00000000c000e000      0x156
 *(.data .data.* .gnu.linkonce.d.*)
 .data          0x00000000c000e000        0x0 build/main.o
 .data          0x00000000c000e000        0x0 build/init.o
 .data          0x00000000c000e000        0x0 build/interrupt.o
 .data          0x00000000c000e000        0x0 build/timer.o
 .data          0x00000000c000e000       0xc0 build/kernel.o
                0x00000000c000e000                intr_entry_table
 .data          0x00000000c000e0c0        0x8 build/print.o
 .data          0x00000000c000e0c8        0x0 build/debug.o
 .data          0x00000000c000e0c8        0x0 build/memory.o
 .data          0x00000000c000e0c8        0x0 build/bitmap.o
 .data          0x00000000c000e0c8        0x0 build/string.o
 .data          0x00000000c000e0c8        0x0 build/thread.o
 .data          0x00000000c000e0c8        0x0 build/list.o
 .data          0x00000000c000e0c8        0x0 build/sync.o
 .data          0x00000000c000e0c8        0x0 build/console.o
 *fill*         0x00000000c000e0c8       0x18 
 .data          0x00000000c000e0e0       0x76 build/keyboard.o
 .data          0x00000000c000e156        0x0 build/ioqueue.o
 .data          0x00000000c000e156        0x0 build/tss.o
 .data          0x00000000c000e156        0x0 build/process.o
 .data          0x00000000c000e156        0x0 build/syscall.o
 .data          0x00000000c000e156        0x0 build/syscall-init.o
 .data          0x00000000c000e156        0x0 build/stdio.o
 .data          0x00000000c000e156        0x0 build/ide.o
 .data          0x00000000c000e156        0x0 build/stdio-kernel.o
 .data          0x00000000c000e156        0x0 build/fs.o
 .data          0x00000000c000e156        0x0 build/inode.o
 .data          0x00000000c000e156        0x0 build/file.o
 .data          0x00000000c000e156        0x0 build/dir.o

.data1
 *(.data1)
                0x00000000c000e156                _edata = .
                [!provide]                        PROVIDE (edata = .)
                0x00000000c000e156                . = .
                0x00000000c000e156                __bss_start = .

.bss            0x00000000c000e160     0x1c08
 *(.dynbss)
 *(.bss .bss.* .gnu.linkonce.b.*)
 .bss           0x00000000c000e160        0x0 build/main.o
 .bss           0x00000000c000e160        0x0 build/init.o
 .bss           0x00000000c000e160      0x848 build/interrupt.o
                0x00000000c000e160                intr_name
                0x00000000c000e380                idt_table
 .bss           0x00000000c000e9a8        0x4 build/timer.o
                0x00000000c000e9a8                ticks
 .bss           0x00000000c000e9ac        0x0 build/debug.o
 *fill*         0x00000000c000e9ac       0x14 
 .bss           0x00000000c000e9c0      0x128 build/memory.o
                0x00000000c000e9c0                kernel_pool
                0x00000000c000ea00                user_pool
                0x00000000c000ea2c                kernel_vaddr
                0x00000000c000ea40                k_block_descs
 .bss           0x00000000c000eae8        0x0 build/bitmap.o
 .bss           0x00000000c000eae8        0x0 build/string.o
 .bss           0x00000000c000eae8       0x4a build/thread.o
                0x00000000c000eae8                main_thread
                0x00000000c000eaec                idle_thread
                0x00000000c000eaf0                thread_ready_list
                0x00000000c000eb00                thread_all_list
                0x00000000c000eb10                pid_lock
 .bss           0x00000000c000eb32        0x0 build/list.o
 .bss           0x00000000c000eb32        0x0 build/sync.o
 *fill*         0x00000000c000eb32        0x2 
 .bss           0x00000000c000eb34       0x1c build/console.o
 *fill*         0x00000000c000eb50       0x10 
 .bss           0x00000000c000eb60       0x80 build/keyboard.o
                0x00000000c000eb60                kbd_buf
 .bss           0x00000000c000ebe0        0x0 build/ioqueue.o
 .bss           0x00000000c000ebe0       0x6c build/tss.o
 .bss           0x00000000c000ec4c        0x0 build/process.o
 .bss           0x00000000c000ec4c        0x0 build/syscall.o
 *fill*         0x00000000c000ec4c       0x14 
 .bss           0x00000000c000ec60       0x80 build/syscall-init.o
                0x00000000c000ec60                syscall_table
 .bss           0x00000000c000ece0        0x0 build/stdio.o
 .bss           0x00000000c000ece0      0xcf8 build/ide.o
                0x00000000c000ece0                channel_cnt
                0x00000000c000ed00                channels
                0x00000000c000f9c0                ext_lba_base
                0x00000000c000f9c4                p_no
                0x00000000c000f9c5                l_no
                0x00000000c000f9c8                partition_list
 .bss           0x00000000c000f9d8        0x0 build/stdio-kernel.o
 .bss           0x00000000c000f9d8        0x4 build/fs.o
                0x00000000c000f9d8                cur_part
 .bss           0x00000000c000f9dc        0x0 build/inode.o
 *fill*         0x00000000c000f9dc        0x4 
 .bss           0x00000000c000f9e0      0x180 build/file.o
                0x00000000c000f9e0                file_table
 .bss           0x00000000c000fb60      0x208 build/dir.o
                0x00000000c000fb60                root_dir
 *(COMMON)
                0x00000000c000fd68                . = ALIGN ((. != 0x0)?0x4:0x1)
                0x00000000c000fd68                . = ALIGN (0x4)
                0x00000000c000fd68                . = SEGMENT_START ("ldata-segment", .)
                0x00000000c000fd68                . = ALIGN (0x4)
                0x00000000c000fd68                _end = .
                [!provide]                        PROVIDE (end = .)
                0x00000000c000fd68                . = DATA_SEGMENT_END (.)

.stab
 *(.stab)

.stabstr
 *(.stabstr)

.stab.excl
 *(.stab.excl)

.stab.exclstr
 *(.stab.exclstr)

.stab.index
 *(.stab.index)

.stab.indexstr
 *(.stab.indexstr)

.comment        0x0000000000000000       0x33
 *(.comment)
 .comment       0x0000000000000000       0x33 build/main.o
                                         0x34 (size before relaxing)
 .comment       0x0000000000000033       0x34 build/init.o
 .comment       0x0000000000000033       0x34 build/interrupt.o
 .comment       0x0000000000000033       0x34 build/timer.o
 .comment       0x0000000000000033       0x34 build/debug.o
 .comment       0x0000000000000033       0x34 build/memory.o
 .comment       0x0000000000000033       0x34 build/bitmap.o
 .comment       0x0000000000000033       0x34 build/string.o
 .comment       0x0000000000000033       0x34 build/thread.o
 .comment       0x0000000000000033       0x34 build/list.o
 .comment       0x0000000000000033       0x34 build/sync.o
 .comment       0x0000000000000033       0x34 build/console.o
 .comment       0x0000000000000033       0x34 build/keyboard.o
 .comment       0x0000000000000033       0x34 build/ioqueue.o
 .comment       0x0000000000000033       0x34 build/tss.o
 .comment       0x0000000000000033       0x34 build/process.o
 .comment       0x0000000000000033       0x34 build/syscall.o
 .comment       0x0000000000000033       0x34 build/syscall-init.o
 .comment       0x0000000000000033       0x34 build/stdio.o
 .comment       0x0000000000000033       0x34 build/ide.o
 .comment       0x0000000000000033       0x34 build/stdio-kernel.o
 .comment       0x0000000000000033       0x34 build/fs.o
 .comment       0x0000000000000033       0x34 build/inode.o
 .comment       0x0000000000000033       0x34 build/file.o
 .comment       0x0000000000000033       0x34 build/dir.o

.gnu.build.attributes
 *(.gnu.build.attributes .gnu.build.attributes.*)

.debug
 *(.debug)

.line
 *(.line)

.debug_srcinfo
 *(.debug_srcinfo)

.debug_sfnames
 *(.debug_sfnames)

.debug_aranges
 *(.debug_aranges)

.debug_pubnames
 *(.debug_pubnames)

.debug_info
 *(.debug_info .gnu.linkonce.wi.*)

.debug_abbrev
 *(.debug_abbrev)

.debug_line
 *(.debug_line .debug_line.* .debug_line_end)

.debug_frame
 *(.debug_frame)

.debug_str
 *(.debug_str)

.debug_loc
 *(.debug_loc)

.debug_macinfo
 *(.debug_macinfo)

.debug_weaknames
 *(.debug_weaknames)

.debug_funcnames
 *(.debug_funcnames)

.debug_typenames
 *(.debug_typenames)

.debug_varnames
 *(.debug_varnames)

.debug_pubtypes
 *(.debug_pubtypes)

.debug_ranges
 *(.debug_ranges)

.debug_macro
 *(.debug_macro)

.debug_addr
 *(.debug_addr)

.gnu.attributes
 *(.gnu.attributes)

/DISCARD/
 *(.note.GNU-stack)
 *(.gnu_debuglink)
 *(.gnu.lto_*)
OUTPUT(build/kernel.bin elf32-i386)
