
Discarded input sections

 .note.GNU-stack
                0x0000000000000000        0x0 build/main.o
 .note.GNU-stack
                0x0000000000000000        0x0 build/init.o
 .note.GNU-stack
                0x0000000000000000        0x0 build/interrupt.o
 .note.GNU-stack
                0x0000000000000000        0x0 build/timer.o
 .note.GNU-stack
                0x0000000000000000        0x0 build/debug.o
 .note.GNU-stack
                0x0000000000000000        0x0 build/memory.o
 .note.GNU-stack
                0x0000000000000000        0x0 build/bitmap.o
 .note.GNU-stack
                0x0000000000000000        0x0 build/string.o
 .note.GNU-stack
                0x0000000000000000        0x0 build/thread.o
 .note.GNU-stack
                0x0000000000000000        0x0 build/list.o
 .note.GNU-stack
                0x0000000000000000        0x0 build/sync.o
 .note.GNU-stack
                0x0000000000000000        0x0 build/console.o
 .note.GNU-stack
                0x0000000000000000        0x0 build/keyboard.o
 .note.GNU-stack
                0x0000000000000000        0x0 build/ioqueue.o
 .note.GNU-stack
                0x0000000000000000        0x0 build/tss.o
 .note.GNU-stack
                0x0000000000000000        0x0 build/process.o
 .note.GNU-stack
                0x0000000000000000        0x0 build/syscall.o
 .note.GNU-stack
                0x0000000000000000        0x0 build/syscall-init.o
 .note.GNU-stack
                0x0000000000000000        0x0 build/stdio.o
 .note.GNU-stack
                0x0000000000000000        0x0 build/ide.o
 .note.GNU-stack
                0x0000000000000000        0x0 build/stdio-kernel.o
 .note.GNU-stack
                0x0000000000000000        0x0 build/fs.o
 .note.GNU-stack
                0x0000000000000000        0x0 build/inode.o
 .note.GNU-stack
                0x0000000000000000        0x0 build/file.o
 .note.GNU-stack
                0x0000000000000000        0x0 build/dir.o

Memory Configuration

Name             Origin             Length             Attributes
*default*        0x0000000000000000 0xffffffffffffffff

Linker script and memory map

Address of section .text set to 0xc0001500
LOAD build/main.o
LOAD build/init.o
LOAD build/interrupt.o
LOAD build/timer.o
LOAD build/kernel.o
LOAD build/print.o
LOAD build/debug.o
LOAD build/memory.o
LOAD build/bitmap.o
LOAD build/string.o
LOAD build/thread.o
LOAD build/list.o
LOAD build/switch.o
LOAD build/sync.o
LOAD build/console.o
LOAD build/keyboard.o
LOAD build/ioqueue.o
LOAD build/tss.o
LOAD build/process.o
LOAD build/syscall.o
LOAD build/syscall-init.o
LOAD build/stdio.o
LOAD build/ide.o
LOAD build/stdio-kernel.o
LOAD build/fs.o
LOAD build/inode.o
LOAD build/file.o
LOAD build/dir.o
                [!provide]                        PROVIDE (__executable_start = SEGMENT_START ("text-segment", 0x8048000))
                0x00000000080480d4                . = (SEGMENT_START ("text-segment", 0x8048000) + SIZEOF_HEADERS)

.interp
 *(.interp)

.note.gnu.build-id
 *(.note.gnu.build-id)

.hash
 *(.hash)

.gnu.hash
 *(.gnu.hash)

.dynsym
 *(.dynsym)

.dynstr
 *(.dynstr)

.gnu.version
 *(.gnu.version)

.gnu.version_d
 *(.gnu.version_d)

.gnu.version_r
 *(.gnu.version_r)

.rel.dyn        0x00000000080480d4        0x0
 *(.rel.init)
 *(.rel.text .rel.text.* .rel.gnu.linkonce.t.*)
 *(.rel.fini)
 *(.rel.rodata .rel.rodata.* .rel.gnu.linkonce.r.*)
 *(.rel.data.rel.ro .rel.data.rel.ro.* .rel.gnu.linkonce.d.rel.ro.*)
 *(.rel.data .rel.data.* .rel.gnu.linkonce.d.*)
 *(.rel.tdata .rel.tdata.* .rel.gnu.linkonce.td.*)
 *(.rel.tbss .rel.tbss.* .rel.gnu.linkonce.tb.*)
 *(.rel.ctors)
 *(.rel.dtors)
 *(.rel.got)
 .rel.got       0x00000000080480d4        0x0 build/main.o
 *(.rel.bss .rel.bss.* .rel.gnu.linkonce.b.*)
 *(.rel.ifunc)

.rel.plt        0x00000000080480d4        0x0
 *(.rel.plt)
                [!provide]                        PROVIDE (__rel_iplt_start = .)
 *(.rel.iplt)
 .rel.iplt      0x00000000080480d4        0x0 build/main.o
                [!provide]                        PROVIDE (__rel_iplt_end = .)
                0x0000000008049000                . = ALIGN (CONSTANT (MAXPAGESIZE))

.init
 *(SORT_NONE(.init))

.plt            0x0000000008049000        0x0
 *(.plt)
 *(.iplt)
 .iplt          0x0000000008049000        0x0 build/main.o

.plt.got
 *(.plt.got)

.plt.sec
 *(.plt.sec)

.text           0x00000000c0001500     0x803b
 *(.text.unlikely .text.*_unlikely .text.unlikely.*)
 *(.text.exit .text.exit.*)
 *(.text.startup .text.startup.*)
 *(.text.hot .text.hot.*)
 *(SORT_BY_NAME(.text.sorted.*))
 *(.text .stub .text.* .gnu.linkonce.t.*)
 .text          0x00000000c0001500      0x54e build/main.o
                0x00000000c0001500                main
                0x00000000c0001754                k_thread_a
                0x00000000c0001838                k_thread_b
                0x00000000c000191c                u_prog_a
                0x00000000c00019b5                u_prog_b
 .text          0x00000000c0001a4e       0x4b build/init.o
                0x00000000c0001a4e                init_all
 .text          0x00000000c0001a99      0x462 build/interrupt.o
                0x00000000c0001dec                intr_enable
                0x00000000c0001e15                intr_disable
                0x00000000c0001e3d                intr_set_status
                0x00000000c0001e5b                intr_get_status
                0x00000000c0001e78                register_handler
                0x00000000c0001e95                idt_init
 .text          0x00000000c0001efb      0x1eb build/timer.o
                0x00000000c0002048                mtime_sleep
                0x00000000c0002093                timer_init
 *fill*         0x00000000c00020e6        0xa 
 .text          0x00000000c00020f0      0x55b build/kernel.o
                0x00000000c00020f0                intr_exit
                0x00000000c0002627                syscall_handler
 *fill*         0x00000000c000264b        0x5 
 .text          0x00000000c0002650      0x172 build/print.o
                0x00000000c0002650                put_str
                0x00000000c000266e                put_char
                0x00000000c000273b                put_int
                0x00000000c000279e                set_cursor
 .text          0x00000000c00027c2       0xb0 build/debug.o
                0x00000000c00027c2                panic_spin
 .text          0x00000000c0002872     0x1107 build/memory.o
                0x00000000c0002989                pte_ptr
                0x00000000c00029b9                pde_ptr
                0x00000000c0002b37                malloc_page
                0x00000000c0002bf9                get_kernel_pages
                0x00000000c0002c54                get_user_pages
                0x00000000c0002ca9                get_a_page
                0x00000000c0002e04                addr_v2p
                0x00000000c0002e57                sys_malloc
                0x00000000c000318c                pfree
                0x00000000c00032be                mfree_page
                0x00000000c000347f                sys_free
                0x00000000c0003865                block_desc_init
                0x00000000c00038fa                mem_init
 .text          0x00000000c0003979      0x243 build/bitmap.o
                0x00000000c0003979                bitmap_init
                0x00000000c000399c                bitmap_scan_test
                0x00000000c00039db                bitmap_scan
                0x00000000c0003b06                bitmap_set
 .text          0x00000000c0003bbc      0x3d5 build/string.o
                0x00000000c0003bbc                memset
                0x00000000c0003c0f                memcpy
                0x00000000c0003c70                memcmp
                0x00000000c0003cf3                strcpy
                0x00000000c0003d48                strlen
                0x00000000c0003d8f                strcmp
                0x00000000c0003e08                strchr
                0x00000000c0003e60                strrchr
                0x00000000c0003ebe                strcat
                0x00000000c0003f28                strchrs
 .text          0x00000000c0003f91      0x6b6 build/thread.o
                0x00000000c0003fa8                running_thread
                0x00000000c0004018                thread_create
                0x00000000c000408c                init_thread
                0x00000000c0004173                thread_start
                0x00000000c00042cf                schedule
                0x00000000c000441c                thread_yield
                0x00000000c00044a0                thread_init
                0x00000000c0004519                thread_block
                0x00000000c000454e                thread_unblock
 .text          0x00000000c0004647      0x1ee build/list.o
                0x00000000c0004647                list_init
                0x00000000c0004675                list_insert_before
                0x00000000c00046ba                list_push
                0x00000000c00046d8                list_append
                0x00000000c00046f6                list_remove
                0x00000000c0004730                list_pop
                0x00000000c0004752                elem_find
                0x00000000c000478d                list_empty
                0x00000000c00047a6                list_len
                0x00000000c00047db                list_traversal
 *fill*         0x00000000c0004835        0xb 
 .text          0x00000000c0004840       0x15 build/switch.o
                0x00000000c0004840                switch_to
 .text          0x00000000c0004855      0x311 build/sync.o
                0x00000000c0004855                sema_init
                0x00000000c000487f                lock_init
                0x00000000c00048af                sema_down
                0x00000000c00049aa                sema_up
                0x00000000c0004a59                lock_acquire
                0x00000000c0004ace                lock_release
 .text          0x00000000c0004b66       0xb6 build/console.o
                0x00000000c0004b66                console_init
                0x00000000c0004b7f                console_acquire
                0x00000000c0004b98                console_release
                0x00000000c0004bb1                console_put_str
                0x00000000c0004bd2                console_put_char
                0x00000000c0004bfb                console_put_int
 .text          0x00000000c0004c1c      0x2f1 build/keyboard.o
                0x00000000c0004ec2                keyboard_init
 .text          0x00000000c0004f0d      0x2e0 build/ioqueue.o
                0x00000000c0004f0d                ioqueue_init
                0x00000000c0004f67                ioq_full
                0x00000000c0004fb1                ioq_empty
                0x00000000c000507c                ioq_getchar
                0x00000000c0005133                ioq_putchar
 .text          0x00000000c00051ed      0x185 build/tss.o
                0x00000000c00051ed                update_tss_esp
                0x00000000c0005268                tss_init
 .text          0x00000000c0005372      0x364 build/process.o
                0x00000000c0005372                start_process
                0x00000000c0005477                page_dir_activate
                0x00000000c00054ac                process_activate
                0x00000000c00054fa                create_page_dir
                0x00000000c0005573                create_user_vaddr_bitmap
                0x00000000c00055bd                process_execute
 .text          0x00000000c00056d6       0x71 build/syscall.o
                0x00000000c00056d6                getpid
                0x00000000c00056eb                write
                0x00000000c000570d                malloc
                0x00000000c000572b                free
 .text          0x00000000c0005747       0x63 build/syscall-init.o
                0x00000000c0005747                sys_getpid
                0x00000000c0005759                syscall_init
 .text          0x00000000c00057aa      0x2b0 build/stdio.o
                0x00000000c0005831                vsprintf
                0x00000000c00059b0                sprintf
                0x00000000c00059e0                printf
 .text          0x00000000c0005a5a      0xd87 build/ide.o
                0x00000000c0005d6b                ide_read
                0x00000000c0005edf                ide_write
                0x00000000c000651b                intr_hd_handler
                0x00000000c00065d5                ide_init
 .text          0x00000000c00067e1       0x66 build/stdio-kernel.o
                0x00000000c00067e1                printk
 .text          0x00000000c0006847     0x10cc build/fs.o
                0x00000000c0006eff                path_depth_cnt
                0x00000000c0007207                sys_open
                0x00000000c00074b1                sys_close
                0x00000000c000750d                sys_write
                0x00000000c0007600                sys_read
                0x00000000c000767c                filesys_init
 .text          0x00000000c0007913      0x3da build/inode.o
                0x00000000c00079ad                inode_sync
                0x00000000c0007ad4                inode_open
                0x00000000c0007c1a                inode_close
                0x00000000c0007c96                inode_init
 .text          0x00000000c0007ced     0x1141 build/file.o
                0x00000000c0007ced                get_free_slot_in_global
                0x00000000c0007d42                pcb_fd_install
                0x00000000c0007dad                inode_bitmap_alloc
                0x00000000c0007df4                block_bitmap_alloc
                0x00000000c0007e46                bitmap_sync
                0x00000000c0007ece                file_create
                0x00000000c0008195                file_open
                0x00000000c00082ae                file_close
                0x00000000c00082f1                file_write
                0x00000000c0008a85                file_read
 .text          0x00000000c0008e2e      0x70d build/dir.o
                0x00000000c0008e2e                open_root_dir
                0x00000000c0008e5e                dir_open
                0x00000000c0008e9c                search_dir_entry
                0x00000000c0009074                dir_close
                0x00000000c00090a7                create_dir_entry
                0x00000000c0009119                sync_dir_entry
 *(.gnu.warning)

.fini
 *(SORT_NONE(.fini))
                [!provide]                        PROVIDE (__etext = .)
                [!provide]                        PROVIDE (_etext = .)
                [!provide]                        PROVIDE (etext = .)
                0x00000000c000a000                . = ALIGN (CONSTANT (MAXPAGESIZE))
                0x00000000c000a000                . = SEGMENT_START ("rodata-segment", (ALIGN (CONSTANT (MAXPAGESIZE)) + (. & (CONSTANT (MAXPAGESIZE) - 0x1))))

.rodata         0x00000000c000a000     0x1b8b
 *(.rodata .rodata.* .gnu.linkonce.r.*)
 .rodata        0x00000000c000a000      0x168 build/main.o
 .rodata        0x00000000c000a168        0xa build/init.o
 *fill*         0x00000000c000a172        0x2 
 .rodata        0x00000000c000a174      0x2b5 build/interrupt.o
 *fill*         0x00000000c000a429        0x3 
 .rodata        0x00000000c000a42c       0x88 build/timer.o
 .rodata        0x00000000c000a4b4       0x2e build/debug.o
 *fill*         0x00000000c000a4e2        0x2 
 .rodata        0x00000000c000a4e4      0x3cd build/memory.o
 *fill*         0x00000000c000a8b1        0x3 
 .rodata        0x00000000c000a8b4       0x6b build/bitmap.o
 *fill*         0x00000000c000a91f        0x1 
 .rodata        0x00000000c000a920       0xc4 build/string.o
 .rodata        0x00000000c000a9e4      0x27f build/thread.o
 *fill*         0x00000000c000ac63        0x1 
 .rodata        0x00000000c000ac64      0x135 build/sync.o
 .rodata        0x00000000c000ad99       0x36 build/keyboard.o
 *fill*         0x00000000c000adcf        0x1 
 .rodata        0x00000000c000add0       0xa8 build/ioqueue.o
 .rodata        0x00000000c000ae78       0x27 build/tss.o
 *fill*         0x00000000c000ae9f        0x1 
 .rodata        0x00000000c000aea0       0xe0 build/process.o
 .rodata        0x00000000c000af80       0x27 build/syscall-init.o
 *fill*         0x00000000c000afa7        0x1 
 .rodata        0x00000000c000afa8      0x1f9 build/ide.o
 *fill*         0x00000000c000b1a1        0x3 
 .rodata        0x00000000c000b1a4      0x451 build/fs.o
 *fill*         0x00000000c000b5f5        0x3 
 .rodata        0x00000000c000b5f8       0x6f build/inode.o
 *fill*         0x00000000c000b667        0x1 
 .rodata        0x00000000c000b668      0x41e build/file.o
 *fill*         0x00000000c000ba86        0x2 
 .rodata        0x00000000c000ba88      0x103 build/dir.o

.rodata1
 *(.rodata1)

.eh_frame_hdr
 *(.eh_frame_hdr)
 *(.eh_frame_entry .eh_frame_entry.*)

.eh_frame       0x00000000c000bb8c     0x168c
 *(.eh_frame)
 .eh_frame      0x00000000c000bb8c       0xac build/main.o
 .eh_frame      0x00000000c000bc38       0x20 build/init.o
                                         0x38 (size before relaxing)
 .eh_frame      0x00000000c000bc58      0x188 build/interrupt.o
                                        0x1a0 (size before relaxing)
 .eh_frame      0x00000000c000bde0       0xcc build/timer.o
                                         0xe4 (size before relaxing)
 .eh_frame      0x00000000c000beac       0x20 build/debug.o
                                         0x38 (size before relaxing)
 .eh_frame      0x00000000c000becc      0x2a0 build/memory.o
                                        0x2b8 (size before relaxing)
 .eh_frame      0x00000000c000c16c       0x88 build/bitmap.o
                                         0xa0 (size before relaxing)
 .eh_frame      0x00000000c000c1f4      0x140 build/string.o
                                        0x158 (size before relaxing)
 .eh_frame      0x00000000c000c334      0x19c build/thread.o
                                        0x1b4 (size before relaxing)
 .eh_frame      0x00000000c000c4d0      0x140 build/list.o
                                        0x158 (size before relaxing)
 .eh_frame      0x00000000c000c610       0xc8 build/sync.o
                                         0xe0 (size before relaxing)
 .eh_frame      0x00000000c000c6d8       0xc0 build/console.o
                                         0xd8 (size before relaxing)
 .eh_frame      0x00000000c000c798       0x60 build/keyboard.o
                                         0x78 (size before relaxing)
 .eh_frame      0x00000000c000c7f8      0x100 build/ioqueue.o
                                        0x118 (size before relaxing)
 .eh_frame      0x00000000c000c8f8       0x64 build/tss.o
                                         0x7c (size before relaxing)
 .eh_frame      0x00000000c000c95c       0xc0 build/process.o
                                         0xd8 (size before relaxing)
 .eh_frame      0x00000000c000ca1c       0x8c build/syscall.o
                                         0xa4 (size before relaxing)
 .eh_frame      0x00000000c000caa8       0x40 build/syscall-init.o
                                         0x58 (size before relaxing)
 .eh_frame      0x00000000c000cae8       0x88 build/stdio.o
                                         0xa0 (size before relaxing)
 .eh_frame      0x00000000c000cb70      0x254 build/ide.o
                                        0x26c (size before relaxing)
 .eh_frame      0x00000000c000cdc4       0x24 build/stdio-kernel.o
                                         0x3c (size before relaxing)
 .eh_frame      0x00000000c000cde8      0x18c build/fs.o
                                        0x1a4 (size before relaxing)
 .eh_frame      0x00000000c000cf74       0xa0 build/inode.o
                                         0xb8 (size before relaxing)
 .eh_frame      0x00000000c000d014      0x140 build/file.o
                                        0x158 (size before relaxing)
 .eh_frame      0x00000000c000d154       0xc4 build/dir.o
                                         0xdc (size before relaxing)
 *(.eh_frame.*)

.gcc_except_table
 *(.gcc_except_table .gcc_except_table.*)

.gnu_extab
 *(.gnu_extab*)

.exception_ranges
 *(.exception_ranges*)
                0x00000000c000f000                . = DATA_SEGMENT_ALIGN (CONSTANT (MAXPAGESIZE), CONSTANT (COMMONPAGESIZE))

.eh_frame
 *(.eh_frame)
 *(.eh_frame.*)

.gnu_extab
 *(.gnu_extab)

.gcc_except_table
 *(.gcc_except_table .gcc_except_table.*)

.exception_ranges
 *(.exception_ranges*)

.tdata          0x00000000c000f000        0x0
                [!provide]                        PROVIDE (__tdata_start = .)
 *(.tdata .tdata.* .gnu.linkonce.td.*)

.tbss
 *(.tbss .tbss.* .gnu.linkonce.tb.*)
 *(.tcommon)

.preinit_array  0x00000000c000f000        0x0
                [!provide]                        PROVIDE (__preinit_array_start = .)
 *(.preinit_array)
                [!provide]                        PROVIDE (__preinit_array_end = .)

.init_array     0x00000000c000f000        0x0
                [!provide]                        PROVIDE (__init_array_start = .)
 *(SORT_BY_INIT_PRIORITY(.init_array.*) SORT_BY_INIT_PRIORITY(.ctors.*))
 *(.init_array EXCLUDE_FILE(*crtend?.o *crtend.o *crtbegin?.o *crtbegin.o) .ctors)
                [!provide]                        PROVIDE (__init_array_end = .)

.fini_array     0x00000000c000f000        0x0
                [!provide]                        PROVIDE (__fini_array_start = .)
 *(SORT_BY_INIT_PRIORITY(.fini_array.*) SORT_BY_INIT_PRIORITY(.dtors.*))
 *(.fini_array EXCLUDE_FILE(*crtend?.o *crtend.o *crtbegin?.o *crtbegin.o) .dtors)
                [!provide]                        PROVIDE (__fini_array_end = .)

.ctors
 *crtbegin.o(.ctors)
 *crtbegin?.o(.ctors)
 *(EXCLUDE_FILE(*crtend?.o *crtend.o) .ctors)
 *(SORT_BY_NAME(.ctors.*))
 *(.ctors)

.dtors
 *crtbegin.o(.dtors)
 *crtbegin?.o(.dtors)
 *(EXCLUDE_FILE(*crtend?.o *crtend.o) .dtors)
 *(SORT_BY_NAME(.dtors.*))
 *(.dtors)

.jcr
 *(.jcr)

.data.rel.ro
 *(.data.rel.ro.local* .gnu.linkonce.d.rel.ro.local.*)
 *(.data.rel.ro .data.rel.ro.* .gnu.linkonce.d.rel.ro.*)

.dynamic
 *(.dynamic)

.got            0x00000000c000f000        0x0
 *(.got)
 .got           0x00000000c000f000        0x0 build/main.o
 *(.igot)
                0x00000000c000f000                . = DATA_SEGMENT_RELRO_END (., (SIZEOF (.got.plt) >= 0xc)?0xc:0x0)

.got.plt        0x00000000c000f000        0x0
 *(.got.plt)
 .got.plt       0x00000000c000f000        0x0 build/main.o
 *(.igot.plt)
 .igot.plt      0x00000000c000f000        0x0 build/main.o

.data           0x00000000c000f000      0x156
 *(.data .data.* .gnu.linkonce.d.*)
 .data          0x00000000c000f000        0x0 build/main.o
 .data          0x00000000c000f000        0x0 build/init.o
 .data          0x00000000c000f000        0x0 build/interrupt.o
 .data          0x00000000c000f000        0x0 build/timer.o
 .data          0x00000000c000f000       0xc0 build/kernel.o
                0x00000000c000f000                intr_entry_table
 .data          0x00000000c000f0c0        0x8 build/print.o
 .data          0x00000000c000f0c8        0x0 build/debug.o
 .data          0x00000000c000f0c8        0x0 build/memory.o
 .data          0x00000000c000f0c8        0x0 build/bitmap.o
 .data          0x00000000c000f0c8        0x0 build/string.o
 .data          0x00000000c000f0c8        0x0 build/thread.o
 .data          0x00000000c000f0c8        0x0 build/list.o
 .data          0x00000000c000f0c8        0x0 build/sync.o
 .data          0x00000000c000f0c8        0x0 build/console.o
 *fill*         0x00000000c000f0c8       0x18 
 .data          0x00000000c000f0e0       0x76 build/keyboard.o
 .data          0x00000000c000f156        0x0 build/ioqueue.o
 .data          0x00000000c000f156        0x0 build/tss.o
 .data          0x00000000c000f156        0x0 build/process.o
 .data          0x00000000c000f156        0x0 build/syscall.o
 .data          0x00000000c000f156        0x0 build/syscall-init.o
 .data          0x00000000c000f156        0x0 build/stdio.o
 .data          0x00000000c000f156        0x0 build/ide.o
 .data          0x00000000c000f156        0x0 build/stdio-kernel.o
 .data          0x00000000c000f156        0x0 build/fs.o
 .data          0x00000000c000f156        0x0 build/inode.o
 .data          0x00000000c000f156        0x0 build/file.o
 .data          0x00000000c000f156        0x0 build/dir.o

.data1
 *(.data1)
                0x00000000c000f156                _edata = .
                [!provide]                        PROVIDE (edata = .)
                0x00000000c000f156                . = .
                0x00000000c000f156                __bss_start = .

.bss            0x00000000c000f160     0x1c08
 *(.dynbss)
 *(.bss .bss.* .gnu.linkonce.b.*)
 .bss           0x00000000c000f160        0x0 build/main.o
 .bss           0x00000000c000f160        0x0 build/init.o
 .bss           0x00000000c000f160      0x848 build/interrupt.o
                0x00000000c000f160                intr_name
                0x00000000c000f380                idt_table
 .bss           0x00000000c000f9a8        0x4 build/timer.o
                0x00000000c000f9a8                ticks
 .bss           0x00000000c000f9ac        0x0 build/debug.o
 *fill*         0x00000000c000f9ac       0x14 
 .bss           0x00000000c000f9c0      0x128 build/memory.o
                0x00000000c000f9c0                kernel_pool
                0x00000000c000fa00                user_pool
                0x00000000c000fa2c                kernel_vaddr
                0x00000000c000fa40                k_block_descs
 .bss           0x00000000c000fae8        0x0 build/bitmap.o
 .bss           0x00000000c000fae8        0x0 build/string.o
 .bss           0x00000000c000fae8       0x4a build/thread.o
                0x00000000c000fae8                main_thread
                0x00000000c000faec                idle_thread
                0x00000000c000faf0                thread_ready_list
                0x00000000c000fb00                thread_all_list
                0x00000000c000fb10                pid_lock
 .bss           0x00000000c000fb32        0x0 build/list.o
 .bss           0x00000000c000fb32        0x0 build/sync.o
 *fill*         0x00000000c000fb32        0x2 
 .bss           0x00000000c000fb34       0x1c build/console.o
 *fill*         0x00000000c000fb50       0x10 
 .bss           0x00000000c000fb60       0x80 build/keyboard.o
                0x00000000c000fb60                kbd_buf
 .bss           0x00000000c000fbe0        0x0 build/ioqueue.o
 .bss           0x00000000c000fbe0       0x6c build/tss.o
 .bss           0x00000000c000fc4c        0x0 build/process.o
 .bss           0x00000000c000fc4c        0x0 build/syscall.o
 *fill*         0x00000000c000fc4c       0x14 
 .bss           0x00000000c000fc60       0x80 build/syscall-init.o
                0x00000000c000fc60                syscall_table
 .bss           0x00000000c000fce0        0x0 build/stdio.o
 .bss           0x00000000c000fce0      0xcf8 build/ide.o
                0x00000000c000fce0                channel_cnt
                0x00000000c000fd00                channels
                0x00000000c00109c0                ext_lba_base
                0x00000000c00109c4                p_no
                0x00000000c00109c5                l_no
                0x00000000c00109c8                partition_list
 .bss           0x00000000c00109d8        0x0 build/stdio-kernel.o
 .bss           0x00000000c00109d8        0x4 build/fs.o
                0x00000000c00109d8                cur_part
 .bss           0x00000000c00109dc        0x0 build/inode.o
 *fill*         0x00000000c00109dc        0x4 
 .bss           0x00000000c00109e0      0x180 build/file.o
                0x00000000c00109e0                file_table
 .bss           0x00000000c0010b60      0x208 build/dir.o
                0x00000000c0010b60                root_dir
 *(COMMON)
                0x00000000c0010d68                . = ALIGN ((. != 0x0)?0x4:0x1)
                0x00000000c0010d68                . = ALIGN (0x4)
                0x00000000c0010d68                . = SEGMENT_START ("ldata-segment", .)
                0x00000000c0010d68                . = ALIGN (0x4)
                0x00000000c0010d68                _end = .
                [!provide]                        PROVIDE (end = .)
                0x00000000c0010d68                . = DATA_SEGMENT_END (.)

.stab
 *(.stab)

.stabstr
 *(.stabstr)

.stab.excl
 *(.stab.excl)

.stab.exclstr
 *(.stab.exclstr)

.stab.index
 *(.stab.index)

.stab.indexstr
 *(.stab.indexstr)

.comment        0x0000000000000000       0x33
 *(.comment)
 .comment       0x0000000000000000       0x33 build/main.o
                                         0x34 (size before relaxing)
 .comment       0x0000000000000033       0x34 build/init.o
 .comment       0x0000000000000033       0x34 build/interrupt.o
 .comment       0x0000000000000033       0x34 build/timer.o
 .comment       0x0000000000000033       0x34 build/debug.o
 .comment       0x0000000000000033       0x34 build/memory.o
 .comment       0x0000000000000033       0x34 build/bitmap.o
 .comment       0x0000000000000033       0x34 build/string.o
 .comment       0x0000000000000033       0x34 build/thread.o
 .comment       0x0000000000000033       0x34 build/list.o
 .comment       0x0000000000000033       0x34 build/sync.o
 .comment       0x0000000000000033       0x34 build/console.o
 .comment       0x0000000000000033       0x34 build/keyboard.o
 .comment       0x0000000000000033       0x34 build/ioqueue.o
 .comment       0x0000000000000033       0x34 build/tss.o
 .comment       0x0000000000000033       0x34 build/process.o
 .comment       0x0000000000000033       0x34 build/syscall.o
 .comment       0x0000000000000033       0x34 build/syscall-init.o
 .comment       0x0000000000000033       0x34 build/stdio.o
 .comment       0x0000000000000033       0x34 build/ide.o
 .comment       0x0000000000000033       0x34 build/stdio-kernel.o
 .comment       0x0000000000000033       0x34 build/fs.o
 .comment       0x0000000000000033       0x34 build/inode.o
 .comment       0x0000000000000033       0x34 build/file.o
 .comment       0x0000000000000033       0x34 build/dir.o

.gnu.build.attributes
 *(.gnu.build.attributes .gnu.build.attributes.*)

.debug
 *(.debug)

.line
 *(.line)

.debug_srcinfo
 *(.debug_srcinfo)

.debug_sfnames
 *(.debug_sfnames)

.debug_aranges
 *(.debug_aranges)

.debug_pubnames
 *(.debug_pubnames)

.debug_info
 *(.debug_info .gnu.linkonce.wi.*)

.debug_abbrev
 *(.debug_abbrev)

.debug_line
 *(.debug_line .debug_line.* .debug_line_end)

.debug_frame
 *(.debug_frame)

.debug_str
 *(.debug_str)

.debug_loc
 *(.debug_loc)

.debug_macinfo
 *(.debug_macinfo)

.debug_weaknames
 *(.debug_weaknames)

.debug_funcnames
 *(.debug_funcnames)

.debug_typenames
 *(.debug_typenames)

.debug_varnames
 *(.debug_varnames)

.debug_pubtypes
 *(.debug_pubtypes)

.debug_ranges
 *(.debug_ranges)

.debug_macro
 *(.debug_macro)

.debug_addr
 *(.debug_addr)

.gnu.attributes
 *(.gnu.attributes)

/DISCARD/
 *(.note.GNU-stack)
 *(.gnu_debuglink)
 *(.gnu.lto_*)
OUTPUT(build/kernel.bin elf32-i386)
