
Discarded input sections

 .note.GNU-stack
                0x0000000000000000        0x0 build/main.o
 .note.GNU-stack
                0x0000000000000000        0x0 build/init.o
 .note.GNU-stack
                0x0000000000000000        0x0 build/interrupt.o
 .note.GNU-stack
                0x0000000000000000        0x0 build/timer.o
 .note.GNU-stack
                0x0000000000000000        0x0 build/debug.o
 .note.GNU-stack
                0x0000000000000000        0x0 build/memory.o
 .note.GNU-stack
                0x0000000000000000        0x0 build/bitmap.o
 .note.GNU-stack
                0x0000000000000000        0x0 build/string.o
 .note.GNU-stack
                0x0000000000000000        0x0 build/thread.o
 .note.GNU-stack
                0x0000000000000000        0x0 build/list.o
 .note.GNU-stack
                0x0000000000000000        0x0 build/sync.o
 .note.GNU-stack
                0x0000000000000000        0x0 build/console.o
 .note.GNU-stack
                0x0000000000000000        0x0 build/keyboard.o
 .note.GNU-stack
                0x0000000000000000        0x0 build/ioqueue.o
 .note.GNU-stack
                0x0000000000000000        0x0 build/tss.o
 .note.GNU-stack
                0x0000000000000000        0x0 build/process.o
 .note.GNU-stack
                0x0000000000000000        0x0 build/syscall.o
 .note.GNU-stack
                0x0000000000000000        0x0 build/syscall-init.o
 .note.GNU-stack
                0x0000000000000000        0x0 build/stdio.o
 .note.GNU-stack
                0x0000000000000000        0x0 build/ide.o
 .note.GNU-stack
                0x0000000000000000        0x0 build/stdio-kernel.o
 .note.GNU-stack
                0x0000000000000000        0x0 build/fs.o
 .note.GNU-stack
                0x0000000000000000        0x0 build/inode.o
 .note.GNU-stack
                0x0000000000000000        0x0 build/file.o
 .note.GNU-stack
                0x0000000000000000        0x0 build/dir.o

Memory Configuration

Name             Origin             Length             Attributes
*default*        0x0000000000000000 0xffffffffffffffff

Linker script and memory map

Address of section .text set to 0xc0001500
LOAD build/main.o
LOAD build/init.o
LOAD build/interrupt.o
LOAD build/timer.o
LOAD build/kernel.o
LOAD build/print.o
LOAD build/debug.o
LOAD build/memory.o
LOAD build/bitmap.o
LOAD build/string.o
LOAD build/thread.o
LOAD build/list.o
LOAD build/switch.o
LOAD build/sync.o
LOAD build/console.o
LOAD build/keyboard.o
LOAD build/ioqueue.o
LOAD build/tss.o
LOAD build/process.o
LOAD build/syscall.o
LOAD build/syscall-init.o
LOAD build/stdio.o
LOAD build/ide.o
LOAD build/stdio-kernel.o
LOAD build/fs.o
LOAD build/inode.o
LOAD build/file.o
LOAD build/dir.o
                [!provide]                        PROVIDE (__executable_start = SEGMENT_START ("text-segment", 0x8048000))
                0x00000000080480d4                . = (SEGMENT_START ("text-segment", 0x8048000) + SIZEOF_HEADERS)

.interp
 *(.interp)

.note.gnu.build-id
 *(.note.gnu.build-id)

.hash
 *(.hash)

.gnu.hash
 *(.gnu.hash)

.dynsym
 *(.dynsym)

.dynstr
 *(.dynstr)

.gnu.version
 *(.gnu.version)

.gnu.version_d
 *(.gnu.version_d)

.gnu.version_r
 *(.gnu.version_r)

.rel.dyn        0x00000000080480d4        0x0
 *(.rel.init)
 *(.rel.text .rel.text.* .rel.gnu.linkonce.t.*)
 *(.rel.fini)
 *(.rel.rodata .rel.rodata.* .rel.gnu.linkonce.r.*)
 *(.rel.data.rel.ro .rel.data.rel.ro.* .rel.gnu.linkonce.d.rel.ro.*)
 *(.rel.data .rel.data.* .rel.gnu.linkonce.d.*)
 *(.rel.tdata .rel.tdata.* .rel.gnu.linkonce.td.*)
 *(.rel.tbss .rel.tbss.* .rel.gnu.linkonce.tb.*)
 *(.rel.ctors)
 *(.rel.dtors)
 *(.rel.got)
 .rel.got       0x00000000080480d4        0x0 build/main.o
 *(.rel.bss .rel.bss.* .rel.gnu.linkonce.b.*)
 *(.rel.ifunc)

.rel.plt        0x00000000080480d4        0x0
 *(.rel.plt)
                [!provide]                        PROVIDE (__rel_iplt_start = .)
 *(.rel.iplt)
 .rel.iplt      0x00000000080480d4        0x0 build/main.o
                [!provide]                        PROVIDE (__rel_iplt_end = .)
                0x0000000008049000                . = ALIGN (CONSTANT (MAXPAGESIZE))

.init
 *(SORT_NONE(.init))

.plt            0x0000000008049000        0x0
 *(.plt)
 *(.iplt)
 .iplt          0x0000000008049000        0x0 build/main.o

.plt.got
 *(.plt.got)

.plt.sec
 *(.plt.sec)

.text           0x00000000c0001500     0x905f
 *(.text.unlikely .text.*_unlikely .text.unlikely.*)
 *(.text.exit .text.exit.*)
 *(.text.startup .text.startup.*)
 *(.text.hot .text.hot.*)
 *(SORT_BY_NAME(.text.sorted.*))
 *(.text .stub .text.* .gnu.linkonce.t.*)
 .text          0x00000000c0001500      0x3ee build/main.o
                0x00000000c0001500                main
                0x00000000c00015f4                k_thread_a
                0x00000000c00016d8                k_thread_b
                0x00000000c00017bc                u_prog_a
                0x00000000c0001855                u_prog_b
 .text          0x00000000c00018ee       0x4b build/init.o
                0x00000000c00018ee                init_all
 .text          0x00000000c0001939      0x462 build/interrupt.o
                0x00000000c0001c8c                intr_enable
                0x00000000c0001cb5                intr_disable
                0x00000000c0001cdd                intr_set_status
                0x00000000c0001cfb                intr_get_status
                0x00000000c0001d18                register_handler
                0x00000000c0001d35                idt_init
 .text          0x00000000c0001d9b      0x1eb build/timer.o
                0x00000000c0001ee8                mtime_sleep
                0x00000000c0001f33                timer_init
 *fill*         0x00000000c0001f86        0xa 
 .text          0x00000000c0001f90      0x55b build/kernel.o
                0x00000000c0001f90                intr_exit
                0x00000000c00024c7                syscall_handler
 *fill*         0x00000000c00024eb        0x5 
 .text          0x00000000c00024f0      0x172 build/print.o
                0x00000000c00024f0                put_str
                0x00000000c000250e                put_char
                0x00000000c00025db                put_int
                0x00000000c000263e                set_cursor
 .text          0x00000000c0002662       0xb0 build/debug.o
                0x00000000c0002662                panic_spin
 .text          0x00000000c0002712     0x1107 build/memory.o
                0x00000000c0002829                pte_ptr
                0x00000000c0002859                pde_ptr
                0x00000000c00029d7                malloc_page
                0x00000000c0002a99                get_kernel_pages
                0x00000000c0002af4                get_user_pages
                0x00000000c0002b49                get_a_page
                0x00000000c0002ca4                addr_v2p
                0x00000000c0002cf7                sys_malloc
                0x00000000c000302c                pfree
                0x00000000c000315e                mfree_page
                0x00000000c000331f                sys_free
                0x00000000c0003705                block_desc_init
                0x00000000c000379a                mem_init
 .text          0x00000000c0003819      0x243 build/bitmap.o
                0x00000000c0003819                bitmap_init
                0x00000000c000383c                bitmap_scan_test
                0x00000000c000387b                bitmap_scan
                0x00000000c00039a6                bitmap_set
 .text          0x00000000c0003a5c      0x3d5 build/string.o
                0x00000000c0003a5c                memset
                0x00000000c0003aaf                memcpy
                0x00000000c0003b10                memcmp
                0x00000000c0003b93                strcpy
                0x00000000c0003be8                strlen
                0x00000000c0003c2f                strcmp
                0x00000000c0003ca8                strchr
                0x00000000c0003d00                strrchr
                0x00000000c0003d5e                strcat
                0x00000000c0003dc8                strchrs
 .text          0x00000000c0003e31      0x6b6 build/thread.o
                0x00000000c0003e48                running_thread
                0x00000000c0003eb8                thread_create
                0x00000000c0003f2c                init_thread
                0x00000000c0004013                thread_start
                0x00000000c000416f                schedule
                0x00000000c00042bc                thread_yield
                0x00000000c0004340                thread_init
                0x00000000c00043b9                thread_block
                0x00000000c00043ee                thread_unblock
 .text          0x00000000c00044e7      0x1ee build/list.o
                0x00000000c00044e7                list_init
                0x00000000c0004515                list_insert_before
                0x00000000c000455a                list_push
                0x00000000c0004578                list_append
                0x00000000c0004596                list_remove
                0x00000000c00045d0                list_pop
                0x00000000c00045f2                elem_find
                0x00000000c000462d                list_empty
                0x00000000c0004646                list_len
                0x00000000c000467b                list_traversal
 *fill*         0x00000000c00046d5        0xb 
 .text          0x00000000c00046e0       0x15 build/switch.o
                0x00000000c00046e0                switch_to
 .text          0x00000000c00046f5      0x311 build/sync.o
                0x00000000c00046f5                sema_init
                0x00000000c000471f                lock_init
                0x00000000c000474f                sema_down
                0x00000000c000484a                sema_up
                0x00000000c00048f9                lock_acquire
                0x00000000c000496e                lock_release
 .text          0x00000000c0004a06       0xb6 build/console.o
                0x00000000c0004a06                console_init
                0x00000000c0004a1f                console_acquire
                0x00000000c0004a38                console_release
                0x00000000c0004a51                console_put_str
                0x00000000c0004a72                console_put_char
                0x00000000c0004a9b                console_put_int
 .text          0x00000000c0004abc      0x2f1 build/keyboard.o
                0x00000000c0004d62                keyboard_init
 .text          0x00000000c0004dad      0x2e0 build/ioqueue.o
                0x00000000c0004dad                ioqueue_init
                0x00000000c0004e07                ioq_full
                0x00000000c0004e51                ioq_empty
                0x00000000c0004f1c                ioq_getchar
                0x00000000c0004fd3                ioq_putchar
 .text          0x00000000c000508d      0x185 build/tss.o
                0x00000000c000508d                update_tss_esp
                0x00000000c0005108                tss_init
 .text          0x00000000c0005212      0x364 build/process.o
                0x00000000c0005212                start_process
                0x00000000c0005317                page_dir_activate
                0x00000000c000534c                process_activate
                0x00000000c000539a                create_page_dir
                0x00000000c0005413                create_user_vaddr_bitmap
                0x00000000c000545d                process_execute
 .text          0x00000000c0005576       0x71 build/syscall.o
                0x00000000c0005576                getpid
                0x00000000c000558b                write
                0x00000000c00055ad                malloc
                0x00000000c00055cb                free
 .text          0x00000000c00055e7       0x63 build/syscall-init.o
                0x00000000c00055e7                sys_getpid
                0x00000000c00055f9                syscall_init
 .text          0x00000000c000564a      0x2b0 build/stdio.o
                0x00000000c00056d1                vsprintf
                0x00000000c0005850                sprintf
                0x00000000c0005880                printf
 .text          0x00000000c00058fa      0xd87 build/ide.o
                0x00000000c0005c0b                ide_read
                0x00000000c0005d7f                ide_write
                0x00000000c00063bb                intr_hd_handler
                0x00000000c0006475                ide_init
 .text          0x00000000c0006681       0x66 build/stdio-kernel.o
                0x00000000c0006681                printk
 .text          0x00000000c00066e7     0x18b5 build/fs.o
                0x00000000c0006d9f                path_depth_cnt
                0x00000000c00070a7                sys_open
                0x00000000c0007353                sys_close
                0x00000000c00073af                sys_write
                0x00000000c00074a2                sys_read
                0x00000000c000751e                sys_lseek
                0x00000000c000760d                sys_unlink
                0x00000000c000782f                sys_mkdir
                0x00000000c0007c1f                sys_opendir
                0x00000000c0007d2f                sys_closedir
                0x00000000c0007d5c                sys_readdir
                0x00000000c0007d94                sys_rewinddir
                0x00000000c0007da4                filesys_init
 .text          0x00000000c0007f9c      0x725 build/inode.o
                0x00000000c0008036                inode_sync
                0x00000000c000815d                inode_open
                0x00000000c00082a3                inode_close
                0x00000000c000831f                inode_delete
                0x00000000c0008431                inode_release
                0x00000000c000866a                inode_init
 .text          0x00000000c00086c1     0x1141 build/file.o
                0x00000000c00086c1                get_free_slot_in_global
                0x00000000c0008716                pcb_fd_install
                0x00000000c0008781                inode_bitmap_alloc
                0x00000000c00087c8                block_bitmap_alloc
                0x00000000c000881a                bitmap_sync
                0x00000000c00088a2                file_create
                0x00000000c0008b69                file_open
                0x00000000c0008c82                file_close
                0x00000000c0008cc5                file_write
                0x00000000c0009459                file_read
 .text          0x00000000c0009802      0xd5d build/dir.o
                0x00000000c0009802                open_root_dir
                0x00000000c0009832                dir_open
                0x00000000c0009870                search_dir_entry
                0x00000000c0009a48                dir_close
                0x00000000c0009a7b                create_dir_entry
                0x00000000c0009aed                sync_dir_entry
                0x00000000c0009f0f                delete_dir_entry
                0x00000000c000a377                dir_read
 *(.gnu.warning)

.fini
 *(SORT_NONE(.fini))
                [!provide]                        PROVIDE (__etext = .)
                [!provide]                        PROVIDE (_etext = .)
                [!provide]                        PROVIDE (etext = .)
                0x00000000c000b000                . = ALIGN (CONSTANT (MAXPAGESIZE))
                0x00000000c000b000                . = SEGMENT_START ("rodata-segment", (ALIGN (CONSTANT (MAXPAGESIZE)) + (. & (CONSTANT (MAXPAGESIZE) - 0x1))))

.rodata         0x00000000c000b000     0x1f2d
 *(.rodata .rodata.* .gnu.linkonce.r.*)
 .rodata        0x00000000c000b000      0x12c build/main.o
 .rodata        0x00000000c000b12c        0xa build/init.o
 *fill*         0x00000000c000b136        0x2 
 .rodata        0x00000000c000b138      0x2b5 build/interrupt.o
 *fill*         0x00000000c000b3ed        0x3 
 .rodata        0x00000000c000b3f0       0x88 build/timer.o
 .rodata        0x00000000c000b478       0x2e build/debug.o
 *fill*         0x00000000c000b4a6        0x2 
 .rodata        0x00000000c000b4a8      0x3cd build/memory.o
 *fill*         0x00000000c000b875        0x3 
 .rodata        0x00000000c000b878       0x6b build/bitmap.o
 *fill*         0x00000000c000b8e3        0x1 
 .rodata        0x00000000c000b8e4       0xc4 build/string.o
 .rodata        0x00000000c000b9a8      0x27f build/thread.o
 *fill*         0x00000000c000bc27        0x1 
 .rodata        0x00000000c000bc28      0x135 build/sync.o
 .rodata        0x00000000c000bd5d       0x36 build/keyboard.o
 *fill*         0x00000000c000bd93        0x1 
 .rodata        0x00000000c000bd94       0xa8 build/ioqueue.o
 .rodata        0x00000000c000be3c       0x27 build/tss.o
 *fill*         0x00000000c000be63        0x1 
 .rodata        0x00000000c000be64       0xe0 build/process.o
 .rodata        0x00000000c000bf44       0x27 build/syscall-init.o
 *fill*         0x00000000c000bf6b        0x1 
 .rodata        0x00000000c000bf6c      0x1f9 build/ide.o
 *fill*         0x00000000c000c165        0x3 
 .rodata        0x00000000c000c168      0x731 build/fs.o
 *fill*         0x00000000c000c899        0x3 
 .rodata        0x00000000c000c89c       0xc2 build/inode.o
 *fill*         0x00000000c000c95e        0x2 
 .rodata        0x00000000c000c960      0x41e build/file.o
 *fill*         0x00000000c000cd7e        0x2 
 .rodata        0x00000000c000cd80      0x1ad build/dir.o

.rodata1
 *(.rodata1)

.eh_frame_hdr
 *(.eh_frame_hdr)
 *(.eh_frame_entry .eh_frame_entry.*)

.eh_frame       0x00000000c000cf30     0x17e8
 *(.eh_frame)
 .eh_frame      0x00000000c000cf30       0xac build/main.o
 .eh_frame      0x00000000c000cfdc       0x20 build/init.o
                                         0x38 (size before relaxing)
 .eh_frame      0x00000000c000cffc      0x188 build/interrupt.o
                                        0x1a0 (size before relaxing)
 .eh_frame      0x00000000c000d184       0xcc build/timer.o
                                         0xe4 (size before relaxing)
 .eh_frame      0x00000000c000d250       0x20 build/debug.o
                                         0x38 (size before relaxing)
 .eh_frame      0x00000000c000d270      0x2a0 build/memory.o
                                        0x2b8 (size before relaxing)
 .eh_frame      0x00000000c000d510       0x88 build/bitmap.o
                                         0xa0 (size before relaxing)
 .eh_frame      0x00000000c000d598      0x140 build/string.o
                                        0x158 (size before relaxing)
 .eh_frame      0x00000000c000d6d8      0x19c build/thread.o
                                        0x1b4 (size before relaxing)
 .eh_frame      0x00000000c000d874      0x140 build/list.o
                                        0x158 (size before relaxing)
 .eh_frame      0x00000000c000d9b4       0xc8 build/sync.o
                                         0xe0 (size before relaxing)
 .eh_frame      0x00000000c000da7c       0xc0 build/console.o
                                         0xd8 (size before relaxing)
 .eh_frame      0x00000000c000db3c       0x60 build/keyboard.o
                                         0x78 (size before relaxing)
 .eh_frame      0x00000000c000db9c      0x100 build/ioqueue.o
                                        0x118 (size before relaxing)
 .eh_frame      0x00000000c000dc9c       0x64 build/tss.o
                                         0x7c (size before relaxing)
 .eh_frame      0x00000000c000dd00       0xc0 build/process.o
                                         0xd8 (size before relaxing)
 .eh_frame      0x00000000c000ddc0       0x8c build/syscall.o
                                         0xa4 (size before relaxing)
 .eh_frame      0x00000000c000de4c       0x40 build/syscall-init.o
                                         0x58 (size before relaxing)
 .eh_frame      0x00000000c000de8c       0x88 build/stdio.o
                                         0xa0 (size before relaxing)
 .eh_frame      0x00000000c000df14      0x254 build/ide.o
                                        0x26c (size before relaxing)
 .eh_frame      0x00000000c000e168       0x24 build/stdio-kernel.o
                                         0x3c (size before relaxing)
 .eh_frame      0x00000000c000e18c      0x25c build/fs.o
                                        0x274 (size before relaxing)
 .eh_frame      0x00000000c000e3e8       0xe4 build/inode.o
                                         0xfc (size before relaxing)
 .eh_frame      0x00000000c000e4cc      0x140 build/file.o
                                        0x158 (size before relaxing)
 .eh_frame      0x00000000c000e60c      0x10c build/dir.o
                                        0x124 (size before relaxing)
 *(.eh_frame.*)

.gcc_except_table
 *(.gcc_except_table .gcc_except_table.*)

.gnu_extab
 *(.gnu_extab*)

.exception_ranges
 *(.exception_ranges*)
                0x00000000c0010000                . = DATA_SEGMENT_ALIGN (CONSTANT (MAXPAGESIZE), CONSTANT (COMMONPAGESIZE))

.eh_frame
 *(.eh_frame)
 *(.eh_frame.*)

.gnu_extab
 *(.gnu_extab)

.gcc_except_table
 *(.gcc_except_table .gcc_except_table.*)

.exception_ranges
 *(.exception_ranges*)

.tdata          0x00000000c0010000        0x0
                [!provide]                        PROVIDE (__tdata_start = .)
 *(.tdata .tdata.* .gnu.linkonce.td.*)

.tbss
 *(.tbss .tbss.* .gnu.linkonce.tb.*)
 *(.tcommon)

.preinit_array  0x00000000c0010000        0x0
                [!provide]                        PROVIDE (__preinit_array_start = .)
 *(.preinit_array)
                [!provide]                        PROVIDE (__preinit_array_end = .)

.init_array     0x00000000c0010000        0x0
                [!provide]                        PROVIDE (__init_array_start = .)
 *(SORT_BY_INIT_PRIORITY(.init_array.*) SORT_BY_INIT_PRIORITY(.ctors.*))
 *(.init_array EXCLUDE_FILE(*crtend?.o *crtend.o *crtbegin?.o *crtbegin.o) .ctors)
                [!provide]                        PROVIDE (__init_array_end = .)

.fini_array     0x00000000c0010000        0x0
                [!provide]                        PROVIDE (__fini_array_start = .)
 *(SORT_BY_INIT_PRIORITY(.fini_array.*) SORT_BY_INIT_PRIORITY(.dtors.*))
 *(.fini_array EXCLUDE_FILE(*crtend?.o *crtend.o *crtbegin?.o *crtbegin.o) .dtors)
                [!provide]                        PROVIDE (__fini_array_end = .)

.ctors
 *crtbegin.o(.ctors)
 *crtbegin?.o(.ctors)
 *(EXCLUDE_FILE(*crtend?.o *crtend.o) .ctors)
 *(SORT_BY_NAME(.ctors.*))
 *(.ctors)

.dtors
 *crtbegin.o(.dtors)
 *crtbegin?.o(.dtors)
 *(EXCLUDE_FILE(*crtend?.o *crtend.o) .dtors)
 *(SORT_BY_NAME(.dtors.*))
 *(.dtors)

.jcr
 *(.jcr)

.data.rel.ro
 *(.data.rel.ro.local* .gnu.linkonce.d.rel.ro.local.*)
 *(.data.rel.ro .data.rel.ro.* .gnu.linkonce.d.rel.ro.*)

.dynamic
 *(.dynamic)

.got            0x00000000c0010000        0x0
 *(.got)
 .got           0x00000000c0010000        0x0 build/main.o
 *(.igot)
                0x00000000c0010000                . = DATA_SEGMENT_RELRO_END (., (SIZEOF (.got.plt) >= 0xc)?0xc:0x0)

.got.plt        0x00000000c0010000        0x0
 *(.got.plt)
 .got.plt       0x00000000c0010000        0x0 build/main.o
 *(.igot.plt)
 .igot.plt      0x00000000c0010000        0x0 build/main.o

.data           0x00000000c0010000      0x156
 *(.data .data.* .gnu.linkonce.d.*)
 .data          0x00000000c0010000        0x0 build/main.o
 .data          0x00000000c0010000        0x0 build/init.o
 .data          0x00000000c0010000        0x0 build/interrupt.o
 .data          0x00000000c0010000        0x0 build/timer.o
 .data          0x00000000c0010000       0xc0 build/kernel.o
                0x00000000c0010000                intr_entry_table
 .data          0x00000000c00100c0        0x8 build/print.o
 .data          0x00000000c00100c8        0x0 build/debug.o
 .data          0x00000000c00100c8        0x0 build/memory.o
 .data          0x00000000c00100c8        0x0 build/bitmap.o
 .data          0x00000000c00100c8        0x0 build/string.o
 .data          0x00000000c00100c8        0x0 build/thread.o
 .data          0x00000000c00100c8        0x0 build/list.o
 .data          0x00000000c00100c8        0x0 build/sync.o
 .data          0x00000000c00100c8        0x0 build/console.o
 *fill*         0x00000000c00100c8       0x18 
 .data          0x00000000c00100e0       0x76 build/keyboard.o
 .data          0x00000000c0010156        0x0 build/ioqueue.o
 .data          0x00000000c0010156        0x0 build/tss.o
 .data          0x00000000c0010156        0x0 build/process.o
 .data          0x00000000c0010156        0x0 build/syscall.o
 .data          0x00000000c0010156        0x0 build/syscall-init.o
 .data          0x00000000c0010156        0x0 build/stdio.o
 .data          0x00000000c0010156        0x0 build/ide.o
 .data          0x00000000c0010156        0x0 build/stdio-kernel.o
 .data          0x00000000c0010156        0x0 build/fs.o
 .data          0x00000000c0010156        0x0 build/inode.o
 .data          0x00000000c0010156        0x0 build/file.o
 .data          0x00000000c0010156        0x0 build/dir.o

.data1
 *(.data1)
                0x00000000c0010156                _edata = .
                [!provide]                        PROVIDE (edata = .)
                0x00000000c0010156                . = .
                0x00000000c0010156                __bss_start = .

.bss            0x00000000c0010160     0x1c08
 *(.dynbss)
 *(.bss .bss.* .gnu.linkonce.b.*)
 .bss           0x00000000c0010160        0x0 build/main.o
 .bss           0x00000000c0010160        0x0 build/init.o
 .bss           0x00000000c0010160      0x848 build/interrupt.o
                0x00000000c0010160                intr_name
                0x00000000c0010380                idt_table
 .bss           0x00000000c00109a8        0x4 build/timer.o
                0x00000000c00109a8                ticks
 .bss           0x00000000c00109ac        0x0 build/debug.o
 *fill*         0x00000000c00109ac       0x14 
 .bss           0x00000000c00109c0      0x128 build/memory.o
                0x00000000c00109c0                kernel_pool
                0x00000000c0010a00                user_pool
                0x00000000c0010a2c                kernel_vaddr
                0x00000000c0010a40                k_block_descs
 .bss           0x00000000c0010ae8        0x0 build/bitmap.o
 .bss           0x00000000c0010ae8        0x0 build/string.o
 .bss           0x00000000c0010ae8       0x4a build/thread.o
                0x00000000c0010ae8                main_thread
                0x00000000c0010aec                idle_thread
                0x00000000c0010af0                thread_ready_list
                0x00000000c0010b00                thread_all_list
                0x00000000c0010b10                pid_lock
 .bss           0x00000000c0010b32        0x0 build/list.o
 .bss           0x00000000c0010b32        0x0 build/sync.o
 *fill*         0x00000000c0010b32        0x2 
 .bss           0x00000000c0010b34       0x1c build/console.o
 *fill*         0x00000000c0010b50       0x10 
 .bss           0x00000000c0010b60       0x80 build/keyboard.o
                0x00000000c0010b60                kbd_buf
 .bss           0x00000000c0010be0        0x0 build/ioqueue.o
 .bss           0x00000000c0010be0       0x6c build/tss.o
 .bss           0x00000000c0010c4c        0x0 build/process.o
 .bss           0x00000000c0010c4c        0x0 build/syscall.o
 *fill*         0x00000000c0010c4c       0x14 
 .bss           0x00000000c0010c60       0x80 build/syscall-init.o
                0x00000000c0010c60                syscall_table
 .bss           0x00000000c0010ce0        0x0 build/stdio.o
 .bss           0x00000000c0010ce0      0xcf8 build/ide.o
                0x00000000c0010ce0                channel_cnt
                0x00000000c0010d00                channels
                0x00000000c00119c0                ext_lba_base
                0x00000000c00119c4                p_no
                0x00000000c00119c5                l_no
                0x00000000c00119c8                partition_list
 .bss           0x00000000c00119d8        0x0 build/stdio-kernel.o
 .bss           0x00000000c00119d8        0x4 build/fs.o
                0x00000000c00119d8                cur_part
 .bss           0x00000000c00119dc        0x0 build/inode.o
 *fill*         0x00000000c00119dc        0x4 
 .bss           0x00000000c00119e0      0x180 build/file.o
                0x00000000c00119e0                file_table
 .bss           0x00000000c0011b60      0x208 build/dir.o
                0x00000000c0011b60                root_dir
 *(COMMON)
                0x00000000c0011d68                . = ALIGN ((. != 0x0)?0x4:0x1)
                0x00000000c0011d68                . = ALIGN (0x4)
                0x00000000c0011d68                . = SEGMENT_START ("ldata-segment", .)
                0x00000000c0011d68                . = ALIGN (0x4)
                0x00000000c0011d68                _end = .
                [!provide]                        PROVIDE (end = .)
                0x00000000c0011d68                . = DATA_SEGMENT_END (.)

.stab
 *(.stab)

.stabstr
 *(.stabstr)

.stab.excl
 *(.stab.excl)

.stab.exclstr
 *(.stab.exclstr)

.stab.index
 *(.stab.index)

.stab.indexstr
 *(.stab.indexstr)

.comment        0x0000000000000000       0x33
 *(.comment)
 .comment       0x0000000000000000       0x33 build/main.o
                                         0x34 (size before relaxing)
 .comment       0x0000000000000033       0x34 build/init.o
 .comment       0x0000000000000033       0x34 build/interrupt.o
 .comment       0x0000000000000033       0x34 build/timer.o
 .comment       0x0000000000000033       0x34 build/debug.o
 .comment       0x0000000000000033       0x34 build/memory.o
 .comment       0x0000000000000033       0x34 build/bitmap.o
 .comment       0x0000000000000033       0x34 build/string.o
 .comment       0x0000000000000033       0x34 build/thread.o
 .comment       0x0000000000000033       0x34 build/list.o
 .comment       0x0000000000000033       0x34 build/sync.o
 .comment       0x0000000000000033       0x34 build/console.o
 .comment       0x0000000000000033       0x34 build/keyboard.o
 .comment       0x0000000000000033       0x34 build/ioqueue.o
 .comment       0x0000000000000033       0x34 build/tss.o
 .comment       0x0000000000000033       0x34 build/process.o
 .comment       0x0000000000000033       0x34 build/syscall.o
 .comment       0x0000000000000033       0x34 build/syscall-init.o
 .comment       0x0000000000000033       0x34 build/stdio.o
 .comment       0x0000000000000033       0x34 build/ide.o
 .comment       0x0000000000000033       0x34 build/stdio-kernel.o
 .comment       0x0000000000000033       0x34 build/fs.o
 .comment       0x0000000000000033       0x34 build/inode.o
 .comment       0x0000000000000033       0x34 build/file.o
 .comment       0x0000000000000033       0x34 build/dir.o

.gnu.build.attributes
 *(.gnu.build.attributes .gnu.build.attributes.*)

.debug
 *(.debug)

.line
 *(.line)

.debug_srcinfo
 *(.debug_srcinfo)

.debug_sfnames
 *(.debug_sfnames)

.debug_aranges
 *(.debug_aranges)

.debug_pubnames
 *(.debug_pubnames)

.debug_info
 *(.debug_info .gnu.linkonce.wi.*)

.debug_abbrev
 *(.debug_abbrev)

.debug_line
 *(.debug_line .debug_line.* .debug_line_end)

.debug_frame
 *(.debug_frame)

.debug_str
 *(.debug_str)

.debug_loc
 *(.debug_loc)

.debug_macinfo
 *(.debug_macinfo)

.debug_weaknames
 *(.debug_weaknames)

.debug_funcnames
 *(.debug_funcnames)

.debug_typenames
 *(.debug_typenames)

.debug_varnames
 *(.debug_varnames)

.debug_pubtypes
 *(.debug_pubtypes)

.debug_ranges
 *(.debug_ranges)

.debug_macro
 *(.debug_macro)

.debug_addr
 *(.debug_addr)

.gnu.attributes
 *(.gnu.attributes)

/DISCARD/
 *(.note.GNU-stack)
 *(.gnu_debuglink)
 *(.gnu.lto_*)
OUTPUT(build/kernel.bin elf32-i386)
