
Discarded input sections

 .note.GNU-stack
                0x0000000000000000        0x0 build/main.o
 .note.GNU-stack
                0x0000000000000000        0x0 build/init.o
 .note.GNU-stack
                0x0000000000000000        0x0 build/interrupt.o
 .note.GNU-stack
                0x0000000000000000        0x0 build/timer.o
 .note.GNU-stack
                0x0000000000000000        0x0 build/debug.o
 .note.GNU-stack
                0x0000000000000000        0x0 build/memory.o
 .note.GNU-stack
                0x0000000000000000        0x0 build/bitmap.o
 .note.GNU-stack
                0x0000000000000000        0x0 build/string.o
 .note.GNU-stack
                0x0000000000000000        0x0 build/thread.o
 .note.GNU-stack
                0x0000000000000000        0x0 build/list.o
 .note.GNU-stack
                0x0000000000000000        0x0 build/sync.o
 .note.GNU-stack
                0x0000000000000000        0x0 build/console.o
 .note.GNU-stack
                0x0000000000000000        0x0 build/keyboard.o
 .note.GNU-stack
                0x0000000000000000        0x0 build/ioqueue.o

Memory Configuration

Name             Origin             Length             Attributes
*default*        0x0000000000000000 0xffffffffffffffff

Linker script and memory map

Address of section .text set to 0xc0001500
LOAD build/main.o
LOAD build/init.o
LOAD build/interrupt.o
LOAD build/timer.o
LOAD build/kernel.o
LOAD build/print.o
LOAD build/debug.o
LOAD build/memory.o
LOAD build/bitmap.o
LOAD build/string.o
LOAD build/thread.o
LOAD build/list.o
LOAD build/switch.o
LOAD build/sync.o
LOAD build/console.o
LOAD build/keyboard.o
LOAD build/ioqueue.o
                [!provide]                        PROVIDE (__executable_start = SEGMENT_START ("text-segment", 0x8048000))
                0x00000000080480d4                . = (SEGMENT_START ("text-segment", 0x8048000) + SIZEOF_HEADERS)

.interp
 *(.interp)

.note.gnu.build-id
 *(.note.gnu.build-id)

.hash
 *(.hash)

.gnu.hash
 *(.gnu.hash)

.dynsym
 *(.dynsym)

.dynstr
 *(.dynstr)

.gnu.version
 *(.gnu.version)

.gnu.version_d
 *(.gnu.version_d)

.gnu.version_r
 *(.gnu.version_r)

.rel.dyn        0x00000000080480d4        0x0
 *(.rel.init)
 *(.rel.text .rel.text.* .rel.gnu.linkonce.t.*)
 *(.rel.fini)
 *(.rel.rodata .rel.rodata.* .rel.gnu.linkonce.r.*)
 *(.rel.data.rel.ro .rel.data.rel.ro.* .rel.gnu.linkonce.d.rel.ro.*)
 *(.rel.data .rel.data.* .rel.gnu.linkonce.d.*)
 *(.rel.tdata .rel.tdata.* .rel.gnu.linkonce.td.*)
 *(.rel.tbss .rel.tbss.* .rel.gnu.linkonce.tb.*)
 *(.rel.ctors)
 *(.rel.dtors)
 *(.rel.got)
 .rel.got       0x00000000080480d4        0x0 build/main.o
 *(.rel.bss .rel.bss.* .rel.gnu.linkonce.b.*)
 *(.rel.ifunc)

.rel.plt        0x00000000080480d4        0x0
 *(.rel.plt)
                [!provide]                        PROVIDE (__rel_iplt_start = .)
 *(.rel.iplt)
 .rel.iplt      0x00000000080480d4        0x0 build/main.o
                [!provide]                        PROVIDE (__rel_iplt_end = .)
                0x0000000008049000                . = ALIGN (CONSTANT (MAXPAGESIZE))

.init
 *(SORT_NONE(.init))

.plt            0x0000000008049000        0x0
 *(.plt)
 *(.iplt)
 .iplt          0x0000000008049000        0x0 build/main.o

.plt.got
 *(.plt.got)

.plt.sec
 *(.plt.sec)

.text           0x00000000c0001500     0x2a4d
 *(.text.unlikely .text.*_unlikely .text.unlikely.*)
 *(.text.exit .text.exit.*)
 *(.text.startup .text.startup.*)
 *(.text.hot .text.hot.*)
 *(SORT_BY_NAME(.text.sorted.*))
 *(.text .stub .text.* .gnu.linkonce.t.*)
 .text          0x00000000c0001500       0x8b build/main.o
                0x00000000c0001500                main
                0x00000000c000155f                k_thread_a
                0x00000000c0001575                k_thread_b
 .text          0x00000000c000158b       0x37 build/init.o
                0x00000000c000158b                init_all
 .text          0x00000000c00015c2      0x437 build/interrupt.o
                0x00000000c00018ea                intr_enable
                0x00000000c0001913                intr_disable
                0x00000000c000193b                intr_set_status
                0x00000000c0001959                intr_get_status
                0x00000000c0001976                register_handler
                0x00000000c0001993                idt_init
 .text          0x00000000c00019f9      0x177 build/timer.o
                0x00000000c0001b1d                timer_init
 .text          0x00000000c0001b70      0x537 build/kernel.o
                0x00000000c0001b70                intr_exit
 *fill*         0x00000000c00020a7        0x9 
 .text          0x00000000c00020b0      0x172 build/print.o
                0x00000000c00020b0                put_str
                0x00000000c00020ce                put_char
                0x00000000c000219b                put_int
                0x00000000c00021fe                set_cursor
 .text          0x00000000c0002222       0xb0 build/debug.o
                0x00000000c0002222                panic_spin
 .text          0x00000000c00022d2      0x5a2 build/memory.o
                0x00000000c0002355                pte_ptr
                0x00000000c0002385                pde_ptr
                0x00000000c0002529                malloc_page
                0x00000000c00025eb                get_kernel_pages
                0x00000000c0002805                mem_init
 .text          0x00000000c0002874      0x243 build/bitmap.o
                0x00000000c0002874                bitmap_init
                0x00000000c0002897                bitmap_scan_test
                0x00000000c00028d6                bitmap_scan
                0x00000000c0002a01                bitmap_set
 .text          0x00000000c0002ab7      0x3d5 build/string.o
                0x00000000c0002ab7                memset
                0x00000000c0002b0a                memcpy
                0x00000000c0002b6b                memcmp
                0x00000000c0002bee                strcpy
                0x00000000c0002c43                strlen
                0x00000000c0002c8a                strcmp
                0x00000000c0002d03                strchr
                0x00000000c0002d5b                strrchr
                0x00000000c0002db9                strcat
                0x00000000c0002e23                strchrs
 .text          0x00000000c0002e8c      0x51b build/thread.o
                0x00000000c0002e8c                running_thread
                0x00000000c0002ebd                thread_create
                0x00000000c0002f31                init_thread
                0x00000000c0002fc1                thread_start
                0x00000000c0003114                schedule
                0x00000000c000322b                thread_init
                0x00000000c0003279                thread_block
                0x00000000c00032ae                thread_unblock
 .text          0x00000000c00033a7      0x1ee build/list.o
                0x00000000c00033a7                list_init
                0x00000000c00033d5                list_insert_before
                0x00000000c000341a                list_push
                0x00000000c0003438                list_append
                0x00000000c0003456                list_remove
                0x00000000c0003490                list_pop
                0x00000000c00034b2                elem_find
                0x00000000c00034ed                list_empty
                0x00000000c0003506                list_len
                0x00000000c000353b                list_traversal
 *fill*         0x00000000c0003595        0xb 
 .text          0x00000000c00035a0       0x15 build/switch.o
                0x00000000c00035a0                switch_to
 .text          0x00000000c00035b5      0x311 build/sync.o
                0x00000000c00035b5                sema_init
                0x00000000c00035df                lock_init
                0x00000000c000360f                sema_down
                0x00000000c000370a                sema_up
                0x00000000c00037b9                lock_acquire
                0x00000000c000382e                lock_release
 .text          0x00000000c00038c6       0xb6 build/console.o
                0x00000000c00038c6                console_init
                0x00000000c00038df                console_acquire
                0x00000000c00038f8                console_release
                0x00000000c0003911                console_put_str
                0x00000000c0003932                console_put_char
                0x00000000c000395b                console_put_int
 .text          0x00000000c000397c      0x2f1 build/keyboard.o
                0x00000000c0003c22                keyboard_init
 .text          0x00000000c0003c6d      0x2e0 build/ioqueue.o
                0x00000000c0003c6d                ioqueue_init
                0x00000000c0003cc7                ioq_full
                0x00000000c0003d11                ioq_empty
                0x00000000c0003ddc                ioq_getchar
                0x00000000c0003e93                ioq_putchar
 *(.gnu.warning)

.fini
 *(SORT_NONE(.fini))
                [!provide]                        PROVIDE (__etext = .)
                [!provide]                        PROVIDE (_etext = .)
                [!provide]                        PROVIDE (etext = .)
                0x00000000c0004000                . = ALIGN (CONSTANT (MAXPAGESIZE))
                0x00000000c0004000                . = SEGMENT_START ("rodata-segment", (ALIGN (CONSTANT (MAXPAGESIZE)) + (. & (CONSTANT (MAXPAGESIZE) - 0x1))))

.rodata         0x00000000c0004000      0xa78
 *(.rodata .rodata.* .gnu.linkonce.r.*)
 .rodata        0x00000000c0004000       0x2f build/main.o
 .rodata        0x00000000c000402f        0xa build/init.o
 *fill*         0x00000000c0004039        0x3 
 .rodata        0x00000000c000403c      0x2b1 build/interrupt.o
 *fill*         0x00000000c00042ed        0x3 
 .rodata        0x00000000c00042f0       0x6b build/timer.o
 .rodata        0x00000000c000435b       0x2e build/debug.o
 *fill*         0x00000000c0004389        0x3 
 .rodata        0x00000000c000438c      0x13c build/memory.o
 .rodata        0x00000000c00044c8       0x6b build/bitmap.o
 *fill*         0x00000000c0004533        0x1 
 .rodata        0x00000000c0004534       0xc4 build/string.o
 .rodata        0x00000000c00045f8      0x26b build/thread.o
 *fill*         0x00000000c0004863        0x1 
 .rodata        0x00000000c0004864      0x135 build/sync.o
 .rodata        0x00000000c0004999       0x36 build/keyboard.o
 *fill*         0x00000000c00049cf        0x1 
 .rodata        0x00000000c00049d0       0xa8 build/ioqueue.o

.rodata1
 *(.rodata1)

.eh_frame_hdr
 *(.eh_frame_hdr)
 *(.eh_frame_entry .eh_frame_entry.*)

.eh_frame       0x00000000c0004a78      0xb18
 *(.eh_frame)
 .eh_frame      0x00000000c0004a78       0x74 build/main.o
 .eh_frame      0x00000000c0004aec       0x20 build/init.o
                                         0x38 (size before relaxing)
 .eh_frame      0x00000000c0004b0c      0x188 build/interrupt.o
                                        0x1a0 (size before relaxing)
 .eh_frame      0x00000000c0004c94       0x8c build/timer.o
                                         0xa4 (size before relaxing)
 .eh_frame      0x00000000c0004d20       0x20 build/debug.o
                                         0x38 (size before relaxing)
 .eh_frame      0x00000000c0004d40      0x120 build/memory.o
                                        0x138 (size before relaxing)
 .eh_frame      0x00000000c0004e60       0x88 build/bitmap.o
                                         0xa0 (size before relaxing)
 .eh_frame      0x00000000c0004ee8      0x140 build/string.o
                                        0x158 (size before relaxing)
 .eh_frame      0x00000000c0005028      0x140 build/thread.o
                                        0x158 (size before relaxing)
 .eh_frame      0x00000000c0005168      0x140 build/list.o
                                        0x158 (size before relaxing)
 .eh_frame      0x00000000c00052a8       0xc8 build/sync.o
                                         0xe0 (size before relaxing)
 .eh_frame      0x00000000c0005370       0xc0 build/console.o
                                         0xd8 (size before relaxing)
 .eh_frame      0x00000000c0005430       0x60 build/keyboard.o
                                         0x78 (size before relaxing)
 .eh_frame      0x00000000c0005490      0x100 build/ioqueue.o
                                        0x118 (size before relaxing)
 *(.eh_frame.*)

.gcc_except_table
 *(.gcc_except_table .gcc_except_table.*)

.gnu_extab
 *(.gnu_extab*)

.exception_ranges
 *(.exception_ranges*)
                0x00000000c0007000                . = DATA_SEGMENT_ALIGN (CONSTANT (MAXPAGESIZE), CONSTANT (COMMONPAGESIZE))

.eh_frame
 *(.eh_frame)
 *(.eh_frame.*)

.gnu_extab
 *(.gnu_extab)

.gcc_except_table
 *(.gcc_except_table .gcc_except_table.*)

.exception_ranges
 *(.exception_ranges*)

.tdata          0x00000000c0007000        0x0
                [!provide]                        PROVIDE (__tdata_start = .)
 *(.tdata .tdata.* .gnu.linkonce.td.*)

.tbss
 *(.tbss .tbss.* .gnu.linkonce.tb.*)
 *(.tcommon)

.preinit_array  0x00000000c0007000        0x0
                [!provide]                        PROVIDE (__preinit_array_start = .)
 *(.preinit_array)
                [!provide]                        PROVIDE (__preinit_array_end = .)

.init_array     0x00000000c0007000        0x0
                [!provide]                        PROVIDE (__init_array_start = .)
 *(SORT_BY_INIT_PRIORITY(.init_array.*) SORT_BY_INIT_PRIORITY(.ctors.*))
 *(.init_array EXCLUDE_FILE(*crtend?.o *crtend.o *crtbegin?.o *crtbegin.o) .ctors)
                [!provide]                        PROVIDE (__init_array_end = .)

.fini_array     0x00000000c0007000        0x0
                [!provide]                        PROVIDE (__fini_array_start = .)
 *(SORT_BY_INIT_PRIORITY(.fini_array.*) SORT_BY_INIT_PRIORITY(.dtors.*))
 *(.fini_array EXCLUDE_FILE(*crtend?.o *crtend.o *crtbegin?.o *crtbegin.o) .dtors)
                [!provide]                        PROVIDE (__fini_array_end = .)

.ctors
 *crtbegin.o(.ctors)
 *crtbegin?.o(.ctors)
 *(EXCLUDE_FILE(*crtend?.o *crtend.o) .ctors)
 *(SORT_BY_NAME(.ctors.*))
 *(.ctors)

.dtors
 *crtbegin.o(.dtors)
 *crtbegin?.o(.dtors)
 *(EXCLUDE_FILE(*crtend?.o *crtend.o) .dtors)
 *(SORT_BY_NAME(.dtors.*))
 *(.dtors)

.jcr
 *(.jcr)

.data.rel.ro
 *(.data.rel.ro.local* .gnu.linkonce.d.rel.ro.local.*)
 *(.data.rel.ro .data.rel.ro.* .gnu.linkonce.d.rel.ro.*)

.dynamic
 *(.dynamic)

.got            0x00000000c0007000        0x0
 *(.got)
 .got           0x00000000c0007000        0x0 build/main.o
 *(.igot)
                0x00000000c0007000                . = DATA_SEGMENT_RELRO_END (., (SIZEOF (.got.plt) >= 0xc)?0xc:0x0)

.got.plt        0x00000000c0007000        0x0
 *(.got.plt)
 .got.plt       0x00000000c0007000        0x0 build/main.o
 *(.igot.plt)
 .igot.plt      0x00000000c0007000        0x0 build/main.o

.data           0x00000000c0007000      0x156
 *(.data .data.* .gnu.linkonce.d.*)
 .data          0x00000000c0007000        0x0 build/main.o
 .data          0x00000000c0007000        0x0 build/init.o
 .data          0x00000000c0007000        0x0 build/interrupt.o
 .data          0x00000000c0007000        0x0 build/timer.o
 .data          0x00000000c0007000       0xc0 build/kernel.o
                0x00000000c0007000                intr_entry_table
 .data          0x00000000c00070c0        0x8 build/print.o
 .data          0x00000000c00070c8        0x0 build/debug.o
 .data          0x00000000c00070c8        0x0 build/memory.o
 .data          0x00000000c00070c8        0x0 build/bitmap.o
 .data          0x00000000c00070c8        0x0 build/string.o
 .data          0x00000000c00070c8        0x0 build/thread.o
 .data          0x00000000c00070c8        0x0 build/list.o
 .data          0x00000000c00070c8        0x0 build/sync.o
 .data          0x00000000c00070c8        0x0 build/console.o
 *fill*         0x00000000c00070c8       0x18 
 .data          0x00000000c00070e0       0x76 build/keyboard.o
 .data          0x00000000c0007156        0x0 build/ioqueue.o

.data1
 *(.data1)
                0x00000000c0007156                _edata = .
                [!provide]                        PROVIDE (edata = .)
                0x00000000c0007156                . = .
                0x00000000c0007156                __bss_start = .

.bss            0x00000000c0007160      0x400
 *(.dynbss)
 *(.bss .bss.* .gnu.linkonce.b.*)
 .bss           0x00000000c0007160        0x0 build/main.o
 .bss           0x00000000c0007160        0x0 build/init.o
 .bss           0x00000000c0007160      0x300 build/interrupt.o
                0x00000000c0007160                intr_name
                0x00000000c0007220                idt_table
 .bss           0x00000000c0007460        0x4 build/timer.o
                0x00000000c0007460                ticks
 .bss           0x00000000c0007464        0x0 build/debug.o
 .bss           0x00000000c0007464       0x2c build/memory.o
                0x00000000c0007464                kernel_pool
                0x00000000c0007474                user_pool
                0x00000000c0007484                kernel_vaddr
 .bss           0x00000000c0007490        0x0 build/bitmap.o
 .bss           0x00000000c0007490        0x0 build/string.o
 .bss           0x00000000c0007490       0x28 build/thread.o
                0x00000000c0007490                main_thread
                0x00000000c0007494                thread_ready_list
                0x00000000c00074a4                thread_all_list
 .bss           0x00000000c00074b8        0x0 build/list.o
 .bss           0x00000000c00074b8        0x0 build/sync.o
 .bss           0x00000000c00074b8       0x1c build/console.o
 *fill*         0x00000000c00074d4        0xc 
 .bss           0x00000000c00074e0       0x80 build/keyboard.o
                0x00000000c00074e0                kbd_buf
 .bss           0x00000000c0007560        0x0 build/ioqueue.o
 *(COMMON)
                0x00000000c0007560                . = ALIGN ((. != 0x0)?0x4:0x1)
                0x00000000c0007560                . = ALIGN (0x4)
                0x00000000c0007560                . = SEGMENT_START ("ldata-segment", .)
                0x00000000c0007560                . = ALIGN (0x4)
                0x00000000c0007560                _end = .
                [!provide]                        PROVIDE (end = .)
                0x00000000c0007560                . = DATA_SEGMENT_END (.)

.stab
 *(.stab)

.stabstr
 *(.stabstr)

.stab.excl
 *(.stab.excl)

.stab.exclstr
 *(.stab.exclstr)

.stab.index
 *(.stab.index)

.stab.indexstr
 *(.stab.indexstr)

.comment        0x0000000000000000       0x33
 *(.comment)
 .comment       0x0000000000000000       0x33 build/main.o
                                         0x34 (size before relaxing)
 .comment       0x0000000000000033       0x34 build/init.o
 .comment       0x0000000000000033       0x34 build/interrupt.o
 .comment       0x0000000000000033       0x34 build/timer.o
 .comment       0x0000000000000033       0x34 build/debug.o
 .comment       0x0000000000000033       0x34 build/memory.o
 .comment       0x0000000000000033       0x34 build/bitmap.o
 .comment       0x0000000000000033       0x34 build/string.o
 .comment       0x0000000000000033       0x34 build/thread.o
 .comment       0x0000000000000033       0x34 build/list.o
 .comment       0x0000000000000033       0x34 build/sync.o
 .comment       0x0000000000000033       0x34 build/console.o
 .comment       0x0000000000000033       0x34 build/keyboard.o
 .comment       0x0000000000000033       0x34 build/ioqueue.o

.gnu.build.attributes
 *(.gnu.build.attributes .gnu.build.attributes.*)

.debug
 *(.debug)

.line
 *(.line)

.debug_srcinfo
 *(.debug_srcinfo)

.debug_sfnames
 *(.debug_sfnames)

.debug_aranges
 *(.debug_aranges)

.debug_pubnames
 *(.debug_pubnames)

.debug_info
 *(.debug_info .gnu.linkonce.wi.*)

.debug_abbrev
 *(.debug_abbrev)

.debug_line
 *(.debug_line .debug_line.* .debug_line_end)

.debug_frame
 *(.debug_frame)

.debug_str
 *(.debug_str)

.debug_loc
 *(.debug_loc)

.debug_macinfo
 *(.debug_macinfo)

.debug_weaknames
 *(.debug_weaknames)

.debug_funcnames
 *(.debug_funcnames)

.debug_typenames
 *(.debug_typenames)

.debug_varnames
 *(.debug_varnames)

.debug_pubtypes
 *(.debug_pubtypes)

.debug_ranges
 *(.debug_ranges)

.debug_macro
 *(.debug_macro)

.debug_addr
 *(.debug_addr)

.gnu.attributes
 *(.gnu.attributes)

/DISCARD/
 *(.note.GNU-stack)
 *(.gnu_debuglink)
 *(.gnu.lto_*)
OUTPUT(build/kernel.bin elf32-i386)
