
Discarded input sections

 .note.GNU-stack
                0x0000000000000000        0x0 build/main.o
 .note.GNU-stack
                0x0000000000000000        0x0 build/init.o
 .note.GNU-stack
                0x0000000000000000        0x0 build/interrupt.o
 .note.GNU-stack
                0x0000000000000000        0x0 build/timer.o
 .note.GNU-stack
                0x0000000000000000        0x0 build/debug.o
 .note.GNU-stack
                0x0000000000000000        0x0 build/memory.o
 .note.GNU-stack
                0x0000000000000000        0x0 build/bitmap.o
 .note.GNU-stack
                0x0000000000000000        0x0 build/string.o
 .note.GNU-stack
                0x0000000000000000        0x0 build/thread.o
 .note.GNU-stack
                0x0000000000000000        0x0 build/list.o
 .note.GNU-stack
                0x0000000000000000        0x0 build/sync.o
 .note.GNU-stack
                0x0000000000000000        0x0 build/console.o
 .note.GNU-stack
                0x0000000000000000        0x0 build/keyboard.o
 .note.GNU-stack
                0x0000000000000000        0x0 build/ioqueue.o
 .note.GNU-stack
                0x0000000000000000        0x0 build/tss.o
 .note.GNU-stack
                0x0000000000000000        0x0 build/process.o
 .note.GNU-stack
                0x0000000000000000        0x0 build/syscall.o
 .note.GNU-stack
                0x0000000000000000        0x0 build/syscall-init.o
 .note.GNU-stack
                0x0000000000000000        0x0 build/stdio.o
 .note.GNU-stack
                0x0000000000000000        0x0 build/ide.o
 .note.GNU-stack
                0x0000000000000000        0x0 build/stdio-kernel.o
 .note.GNU-stack
                0x0000000000000000        0x0 build/fs.o
 .note.GNU-stack
                0x0000000000000000        0x0 build/inode.o
 .note.GNU-stack
                0x0000000000000000        0x0 build/file.o
 .note.GNU-stack
                0x0000000000000000        0x0 build/dir.o
 .note.GNU-stack
                0x0000000000000000        0x0 build/fork.o
 .note.GNU-stack
                0x0000000000000000        0x0 build/shell.o
 .note.GNU-stack
                0x0000000000000000        0x0 build/assert.o

Memory Configuration

Name             Origin             Length             Attributes
*default*        0x0000000000000000 0xffffffffffffffff

Linker script and memory map

Address of section .text set to 0xc0001500
LOAD build/main.o
LOAD build/init.o
LOAD build/interrupt.o
LOAD build/timer.o
LOAD build/kernel.o
LOAD build/print.o
LOAD build/debug.o
LOAD build/memory.o
LOAD build/bitmap.o
LOAD build/string.o
LOAD build/thread.o
LOAD build/list.o
LOAD build/switch.o
LOAD build/sync.o
LOAD build/console.o
LOAD build/keyboard.o
LOAD build/ioqueue.o
LOAD build/tss.o
LOAD build/process.o
LOAD build/syscall.o
LOAD build/syscall-init.o
LOAD build/stdio.o
LOAD build/ide.o
LOAD build/stdio-kernel.o
LOAD build/fs.o
LOAD build/inode.o
LOAD build/file.o
LOAD build/dir.o
LOAD build/fork.o
LOAD build/shell.o
LOAD build/assert.o
                [!provide]                        PROVIDE (__executable_start = SEGMENT_START ("text-segment", 0x8048000))
                0x00000000080480d4                . = (SEGMENT_START ("text-segment", 0x8048000) + SIZEOF_HEADERS)

.interp
 *(.interp)

.note.gnu.build-id
 *(.note.gnu.build-id)

.hash
 *(.hash)

.gnu.hash
 *(.gnu.hash)

.dynsym
 *(.dynsym)

.dynstr
 *(.dynstr)

.gnu.version
 *(.gnu.version)

.gnu.version_d
 *(.gnu.version_d)

.gnu.version_r
 *(.gnu.version_r)

.rel.dyn        0x00000000080480d4        0x0
 *(.rel.init)
 *(.rel.text .rel.text.* .rel.gnu.linkonce.t.*)
 *(.rel.fini)
 *(.rel.rodata .rel.rodata.* .rel.gnu.linkonce.r.*)
 *(.rel.data.rel.ro .rel.data.rel.ro.* .rel.gnu.linkonce.d.rel.ro.*)
 *(.rel.data .rel.data.* .rel.gnu.linkonce.d.*)
 *(.rel.tdata .rel.tdata.* .rel.gnu.linkonce.td.*)
 *(.rel.tbss .rel.tbss.* .rel.gnu.linkonce.tb.*)
 *(.rel.ctors)
 *(.rel.dtors)
 *(.rel.got)
 .rel.got       0x00000000080480d4        0x0 build/main.o
 *(.rel.bss .rel.bss.* .rel.gnu.linkonce.b.*)
 *(.rel.ifunc)

.rel.plt        0x00000000080480d4        0x0
 *(.rel.plt)
                [!provide]                        PROVIDE (__rel_iplt_start = .)
 *(.rel.iplt)
 .rel.iplt      0x00000000080480d4        0x0 build/main.o
                [!provide]                        PROVIDE (__rel_iplt_end = .)
                0x0000000008049000                . = ALIGN (CONSTANT (MAXPAGESIZE))

.init
 *(SORT_NONE(.init))

.plt            0x0000000008049000        0x0
 *(.plt)
 *(.iplt)
 .iplt          0x0000000008049000        0x0 build/main.o

.plt.got
 *(.plt.got)

.plt.sec
 *(.plt.sec)

.text           0x00000000c0001500     0x9f7c
 *(.text.unlikely .text.*_unlikely .text.unlikely.*)
 *(.text.exit .text.exit.*)
 *(.text.startup .text.startup.*)
 *(.text.hot .text.hot.*)
 *(SORT_BY_NAME(.text.sorted.*))
 *(.text .stub .text.* .gnu.linkonce.t.*)
 .text          0x00000000c0001500       0x75 build/main.o
                0x00000000c0001500                main
                0x00000000c000153d                init
 .text          0x00000000c0001575       0x50 build/init.o
                0x00000000c0001575                init_all
 .text          0x00000000c00015c5      0x462 build/interrupt.o
                0x00000000c0001918                intr_enable
                0x00000000c0001941                intr_disable
                0x00000000c0001969                intr_set_status
                0x00000000c0001987                intr_get_status
                0x00000000c00019a4                register_handler
                0x00000000c00019c1                idt_init
 .text          0x00000000c0001a27      0x1eb build/timer.o
                0x00000000c0001b74                mtime_sleep
                0x00000000c0001bbf                timer_init
 *fill*         0x00000000c0001c12        0xe 
 .text          0x00000000c0001c20      0x55b build/kernel.o
                0x00000000c0001c20                intr_exit
                0x00000000c0002157                syscall_handler
 *fill*         0x00000000c000217b        0x5 
 .text          0x00000000c0002180      0x1b1 build/print.o
                0x00000000c0002180                put_str
                0x00000000c000219e                put_char
                0x00000000c000226b                cls_screen
                0x00000000c00022aa                put_int
                0x00000000c000230d                set_cursor
 .text          0x00000000c0002331       0xb0 build/debug.o
                0x00000000c0002331                panic_spin
 .text          0x00000000c00023e1     0x1191 build/memory.o
                0x00000000c00024f8                pte_ptr
                0x00000000c0002528                pde_ptr
                0x00000000c00026a6                malloc_page
                0x00000000c0002768                get_kernel_pages
                0x00000000c00027c3                get_user_pages
                0x00000000c0002818                get_a_page
                0x00000000c0002973                get_a_page_without_opvaddrbitmap
                0x00000000c00029fd                addr_v2p
                0x00000000c0002a50                sys_malloc
                0x00000000c0002d85                pfree
                0x00000000c0002eb7                mfree_page
                0x00000000c0003078                sys_free
                0x00000000c000345e                block_desc_init
                0x00000000c00034f3                mem_init
 .text          0x00000000c0003572      0x243 build/bitmap.o
                0x00000000c0003572                bitmap_init
                0x00000000c0003595                bitmap_scan_test
                0x00000000c00035d4                bitmap_scan
                0x00000000c00036ff                bitmap_set
 .text          0x00000000c00037b5      0x3d5 build/string.o
                0x00000000c00037b5                memset
                0x00000000c0003808                memcpy
                0x00000000c0003869                memcmp
                0x00000000c00038ec                strcpy
                0x00000000c0003941                strlen
                0x00000000c0003988                strcmp
                0x00000000c0003a01                strchr
                0x00000000c0003a59                strrchr
                0x00000000c0003ab7                strcat
                0x00000000c0003b21                strchrs
 .text          0x00000000c0003b8a      0x6f1 build/thread.o
                0x00000000c0003ba1                running_thread
                0x00000000c0003c11                fork_pid
                0x00000000c0003c1e                thread_create
                0x00000000c0003c92                init_thread
                0x00000000c0003d92                thread_start
                0x00000000c0003eee                schedule
                0x00000000c000403b                thread_yield
                0x00000000c00040bf                thread_init
                0x00000000c000414d                thread_block
                0x00000000c0004182                thread_unblock
 .text          0x00000000c000427b      0x1ee build/list.o
                0x00000000c000427b                list_init
                0x00000000c00042a9                list_insert_before
                0x00000000c00042ee                list_push
                0x00000000c000430c                list_append
                0x00000000c000432a                list_remove
                0x00000000c0004364                list_pop
                0x00000000c0004386                elem_find
                0x00000000c00043c1                list_empty
                0x00000000c00043da                list_len
                0x00000000c000440f                list_traversal
 *fill*         0x00000000c0004469        0x7 
 .text          0x00000000c0004470       0x15 build/switch.o
                0x00000000c0004470                switch_to
 .text          0x00000000c0004485      0x311 build/sync.o
                0x00000000c0004485                sema_init
                0x00000000c00044af                lock_init
                0x00000000c00044df                sema_down
                0x00000000c00045da                sema_up
                0x00000000c0004689                lock_acquire
                0x00000000c00046fe                lock_release
 .text          0x00000000c0004796       0xb6 build/console.o
                0x00000000c0004796                console_init
                0x00000000c00047af                console_acquire
                0x00000000c00047c8                console_release
                0x00000000c00047e1                console_put_str
                0x00000000c0004802                console_put_char
                0x00000000c000482b                console_put_int
 .text          0x00000000c000484c      0x300 build/keyboard.o
                0x00000000c0004b01                keyboard_init
 .text          0x00000000c0004b4c      0x2e0 build/ioqueue.o
                0x00000000c0004b4c                ioqueue_init
                0x00000000c0004ba6                ioq_full
                0x00000000c0004bf0                ioq_empty
                0x00000000c0004cbb                ioq_getchar
                0x00000000c0004d72                ioq_putchar
 .text          0x00000000c0004e2c      0x185 build/tss.o
                0x00000000c0004e2c                update_tss_esp
                0x00000000c0004ea7                tss_init
 .text          0x00000000c0004fb1      0x364 build/process.o
                0x00000000c0004fb1                start_process
                0x00000000c00050b6                page_dir_activate
                0x00000000c00050eb                process_activate
                0x00000000c0005139                create_page_dir
                0x00000000c00051b2                create_user_vaddr_bitmap
                0x00000000c00051fc                process_execute
 .text          0x00000000c0005315       0xde build/syscall.o
                0x00000000c0005315                getpid
                0x00000000c000532a                write
                0x00000000c000534c                malloc
                0x00000000c000536a                free
                0x00000000c0005386                fork
                0x00000000c000539b                read
                0x00000000c00053bd                putchar
                0x00000000c00053e0                clear
 .text          0x00000000c00053f3       0x8b build/syscall-init.o
                0x00000000c00053f3                sys_getpid
                0x00000000c0005405                syscall_init
 .text          0x00000000c000547e      0x2b0 build/stdio.o
                0x00000000c0005505                vsprintf
                0x00000000c0005684                sprintf
                0x00000000c00056b4                printf
 .text          0x00000000c000572e      0xd87 build/ide.o
                0x00000000c0005a3f                ide_read
                0x00000000c0005bb3                ide_write
                0x00000000c00061ef                intr_hd_handler
                0x00000000c00062a9                ide_init
 .text          0x00000000c00064b5       0x66 build/stdio-kernel.o
                0x00000000c00064b5                printk
 .text          0x00000000c000651b     0x206e build/fs.o
                0x00000000c0006bd3                path_depth_cnt
                0x00000000c0006edb                sys_open
                0x00000000c0007187                sys_close
                0x00000000c00071e3                sys_write
                0x00000000c00072d6                sys_read
                0x00000000c00073b8                sys_lseek
                0x00000000c00074a7                sys_unlink
                0x00000000c00076c9                sys_mkdir
                0x00000000c0007ab9                sys_opendir
                0x00000000c0007bc9                sys_closedir
                0x00000000c0007bf6                sys_readdir
                0x00000000c0007c2e                sys_rewinddir
                0x00000000c0007c3e                sys_rmdir
                0x00000000c0007fc8                sys_getcwd
                0x00000000c00081b8                sys_chdir
                0x00000000c0008245                sys_stat
                0x00000000c000836f                sys_putchar
                0x00000000c0008391                filesys_init
 .text          0x00000000c0008589      0x725 build/inode.o
                0x00000000c0008623                inode_sync
                0x00000000c000874a                inode_open
                0x00000000c0008890                inode_close
                0x00000000c000890c                inode_delete
                0x00000000c0008a1e                inode_release
                0x00000000c0008c57                inode_init
 .text          0x00000000c0008cae     0x1141 build/file.o
                0x00000000c0008cae                get_free_slot_in_global
                0x00000000c0008d03                pcb_fd_install
                0x00000000c0008d6e                inode_bitmap_alloc
                0x00000000c0008db5                block_bitmap_alloc
                0x00000000c0008e07                bitmap_sync
                0x00000000c0008e8f                file_create
                0x00000000c0009156                file_open
                0x00000000c000926f                file_close
                0x00000000c00092b2                file_write
                0x00000000c0009a46                file_read
 .text          0x00000000c0009def      0xe4b build/dir.o
                0x00000000c0009def                open_root_dir
                0x00000000c0009e1f                dir_open
                0x00000000c0009e5d                search_dir_entry
                0x00000000c000a035                dir_close
                0x00000000c000a068                create_dir_entry
                0x00000000c000a0da                sync_dir_entry
                0x00000000c000a4fc                delete_dir_entry
                0x00000000c000a964                dir_read
                0x00000000c000ab4c                dir_is_empty
                0x00000000c000ab77                dir_remove
 .text          0x00000000c000ac3a      0x505 build/fork.o
                0x00000000c000b01d                sys_fork
 .text          0x00000000c000b13f      0x319 build/shell.o
                0x00000000c000b13f                print_prompt
                0x00000000c000b363                my_shell
 .text          0x00000000c000b458       0x24 build/assert.o
                0x00000000c000b458                user_spin
 *(.gnu.warning)

.fini
 *(SORT_NONE(.fini))
                [!provide]                        PROVIDE (__etext = .)
                [!provide]                        PROVIDE (_etext = .)
                [!provide]                        PROVIDE (etext = .)
                0x00000000c000c000                . = ALIGN (CONSTANT (MAXPAGESIZE))
                0x00000000c000c000                . = SEGMENT_START ("rodata-segment", (ALIGN (CONSTANT (MAXPAGESIZE)) + (. & (CONSTANT (MAXPAGESIZE) - 0x1))))

.rodata         0x00000000c000c000     0x229e
 *(.rodata .rodata.* .gnu.linkonce.r.*)
 .rodata        0x00000000c000c000       0x49 build/main.o
 .rodata        0x00000000c000c049        0xa build/init.o
 *fill*         0x00000000c000c053        0x1 
 .rodata        0x00000000c000c054      0x2b5 build/interrupt.o
 *fill*         0x00000000c000c309        0x3 
 .rodata        0x00000000c000c30c       0x88 build/timer.o
 .rodata        0x00000000c000c394       0x2e build/debug.o
 *fill*         0x00000000c000c3c2        0x2 
 .rodata        0x00000000c000c3c4      0x3cd build/memory.o
 *fill*         0x00000000c000c791        0x3 
 .rodata        0x00000000c000c794       0x6b build/bitmap.o
 *fill*         0x00000000c000c7ff        0x1 
 .rodata        0x00000000c000c800       0xc4 build/string.o
 .rodata        0x00000000c000c8c4      0x283 build/thread.o
 *fill*         0x00000000c000cb47        0x1 
 .rodata        0x00000000c000cb48      0x135 build/sync.o
 .rodata        0x00000000c000cc7d       0x36 build/keyboard.o
 *fill*         0x00000000c000ccb3        0x1 
 .rodata        0x00000000c000ccb4       0xa8 build/ioqueue.o
 .rodata        0x00000000c000cd5c       0x27 build/tss.o
 *fill*         0x00000000c000cd83        0x1 
 .rodata        0x00000000c000cd84       0xe0 build/process.o
 .rodata        0x00000000c000ce64       0x27 build/syscall-init.o
 *fill*         0x00000000c000ce8b        0x1 
 .rodata        0x00000000c000ce8c      0x1f9 build/ide.o
 *fill*         0x00000000c000d085        0x3 
 .rodata        0x00000000c000d088      0x8a1 build/fs.o
 *fill*         0x00000000c000d929        0x3 
 .rodata        0x00000000c000d92c       0xc2 build/inode.o
 *fill*         0x00000000c000d9ee        0x2 
 .rodata        0x00000000c000d9f0      0x41e build/file.o
 *fill*         0x00000000c000de0e        0x2 
 .rodata        0x00000000c000de10      0x20f build/dir.o
 *fill*         0x00000000c000e01f        0x1 
 .rodata        0x00000000c000e020      0x145 build/fork.o
 *fill*         0x00000000c000e165        0x3 
 .rodata        0x00000000c000e168      0x102 build/shell.o
 *fill*         0x00000000c000e26a        0x2 
 .rodata        0x00000000c000e26c       0x32 build/assert.o

.rodata1
 *(.rodata1)

.eh_frame_hdr
 *(.eh_frame_hdr)
 *(.eh_frame_entry .eh_frame_entry.*)

.eh_frame       0x00000000c000e2a0     0x1ae8
 *(.eh_frame)
 .eh_frame      0x00000000c000e2a0       0x5c build/main.o
 .eh_frame      0x00000000c000e2fc       0x20 build/init.o
                                         0x38 (size before relaxing)
 .eh_frame      0x00000000c000e31c      0x188 build/interrupt.o
                                        0x1a0 (size before relaxing)
 .eh_frame      0x00000000c000e4a4       0xcc build/timer.o
                                         0xe4 (size before relaxing)
 .eh_frame      0x00000000c000e570       0x20 build/debug.o
                                         0x38 (size before relaxing)
 .eh_frame      0x00000000c000e590      0x2c0 build/memory.o
                                        0x2d8 (size before relaxing)
 .eh_frame      0x00000000c000e850       0x88 build/bitmap.o
                                         0xa0 (size before relaxing)
 .eh_frame      0x00000000c000e8d8      0x140 build/string.o
                                        0x158 (size before relaxing)
 .eh_frame      0x00000000c000ea18      0x1bc build/thread.o
                                        0x1d4 (size before relaxing)
 .eh_frame      0x00000000c000ebd4      0x140 build/list.o
                                        0x158 (size before relaxing)
 .eh_frame      0x00000000c000ed14       0xc8 build/sync.o
                                         0xe0 (size before relaxing)
 .eh_frame      0x00000000c000eddc       0xc0 build/console.o
                                         0xd8 (size before relaxing)
 .eh_frame      0x00000000c000ee9c       0x60 build/keyboard.o
                                         0x78 (size before relaxing)
 .eh_frame      0x00000000c000eefc      0x100 build/ioqueue.o
                                        0x118 (size before relaxing)
 .eh_frame      0x00000000c000effc       0x64 build/tss.o
                                         0x7c (size before relaxing)
 .eh_frame      0x00000000c000f060       0xc0 build/process.o
                                         0xd8 (size before relaxing)
 .eh_frame      0x00000000c000f120      0x114 build/syscall.o
                                        0x12c (size before relaxing)
 .eh_frame      0x00000000c000f234       0x40 build/syscall-init.o
                                         0x58 (size before relaxing)
 .eh_frame      0x00000000c000f274       0x88 build/stdio.o
                                         0xa0 (size before relaxing)
 .eh_frame      0x00000000c000f2fc      0x254 build/ide.o
                                        0x26c (size before relaxing)
 .eh_frame      0x00000000c000f550       0x24 build/stdio-kernel.o
                                         0x3c (size before relaxing)
 .eh_frame      0x00000000c000f574      0x34c build/fs.o
                                        0x364 (size before relaxing)
 .eh_frame      0x00000000c000f8c0       0xe4 build/inode.o
                                         0xfc (size before relaxing)
 .eh_frame      0x00000000c000f9a4      0x140 build/file.o
                                        0x158 (size before relaxing)
 .eh_frame      0x00000000c000fae4      0x14c build/dir.o
                                        0x164 (size before relaxing)
 .eh_frame      0x00000000c000fc30       0xc0 build/fork.o
                                         0xd8 (size before relaxing)
 .eh_frame      0x00000000c000fcf0       0x7c build/shell.o
                                         0x94 (size before relaxing)
 .eh_frame      0x00000000c000fd6c       0x1c build/assert.o
                                         0x34 (size before relaxing)
 *(.eh_frame.*)

.gcc_except_table
 *(.gcc_except_table .gcc_except_table.*)

.gnu_extab
 *(.gnu_extab*)

.exception_ranges
 *(.exception_ranges*)
                0x00000000c0011000                . = DATA_SEGMENT_ALIGN (CONSTANT (MAXPAGESIZE), CONSTANT (COMMONPAGESIZE))

.eh_frame
 *(.eh_frame)
 *(.eh_frame.*)

.gnu_extab
 *(.gnu_extab)

.gcc_except_table
 *(.gcc_except_table .gcc_except_table.*)

.exception_ranges
 *(.exception_ranges*)

.tdata          0x00000000c0011000        0x0
                [!provide]                        PROVIDE (__tdata_start = .)
 *(.tdata .tdata.* .gnu.linkonce.td.*)

.tbss
 *(.tbss .tbss.* .gnu.linkonce.tb.*)
 *(.tcommon)

.preinit_array  0x00000000c0011000        0x0
                [!provide]                        PROVIDE (__preinit_array_start = .)
 *(.preinit_array)
                [!provide]                        PROVIDE (__preinit_array_end = .)

.init_array     0x00000000c0011000        0x0
                [!provide]                        PROVIDE (__init_array_start = .)
 *(SORT_BY_INIT_PRIORITY(.init_array.*) SORT_BY_INIT_PRIORITY(.ctors.*))
 *(.init_array EXCLUDE_FILE(*crtend?.o *crtend.o *crtbegin?.o *crtbegin.o) .ctors)
                [!provide]                        PROVIDE (__init_array_end = .)

.fini_array     0x00000000c0011000        0x0
                [!provide]                        PROVIDE (__fini_array_start = .)
 *(SORT_BY_INIT_PRIORITY(.fini_array.*) SORT_BY_INIT_PRIORITY(.dtors.*))
 *(.fini_array EXCLUDE_FILE(*crtend?.o *crtend.o *crtbegin?.o *crtbegin.o) .dtors)
                [!provide]                        PROVIDE (__fini_array_end = .)

.ctors
 *crtbegin.o(.ctors)
 *crtbegin?.o(.ctors)
 *(EXCLUDE_FILE(*crtend?.o *crtend.o) .ctors)
 *(SORT_BY_NAME(.ctors.*))
 *(.ctors)

.dtors
 *crtbegin.o(.dtors)
 *crtbegin?.o(.dtors)
 *(EXCLUDE_FILE(*crtend?.o *crtend.o) .dtors)
 *(SORT_BY_NAME(.dtors.*))
 *(.dtors)

.jcr
 *(.jcr)

.data.rel.ro
 *(.data.rel.ro.local* .gnu.linkonce.d.rel.ro.local.*)
 *(.data.rel.ro .data.rel.ro.* .gnu.linkonce.d.rel.ro.*)

.dynamic
 *(.dynamic)

.got            0x00000000c0011000        0x0
 *(.got)
 .got           0x00000000c0011000        0x0 build/main.o
 *(.igot)
                0x00000000c0011000                . = DATA_SEGMENT_RELRO_END (., (SIZEOF (.got.plt) >= 0xc)?0xc:0x0)

.got.plt        0x00000000c0011000        0x0
 *(.got.plt)
 .got.plt       0x00000000c0011000        0x0 build/main.o
 *(.igot.plt)
 .igot.plt      0x00000000c0011000        0x0 build/main.o

.data           0x00000000c0011000      0x15c
 *(.data .data.* .gnu.linkonce.d.*)
 .data          0x00000000c0011000        0x0 build/main.o
 .data          0x00000000c0011000        0x0 build/init.o
 .data          0x00000000c0011000        0x0 build/interrupt.o
 .data          0x00000000c0011000        0x0 build/timer.o
 .data          0x00000000c0011000       0xc0 build/kernel.o
                0x00000000c0011000                intr_entry_table
 .data          0x00000000c00110c0        0x8 build/print.o
 .data          0x00000000c00110c8        0x0 build/debug.o
 .data          0x00000000c00110c8        0x0 build/memory.o
 .data          0x00000000c00110c8        0x0 build/bitmap.o
 .data          0x00000000c00110c8        0x0 build/string.o
 .data          0x00000000c00110c8        0x0 build/thread.o
 .data          0x00000000c00110c8        0x0 build/list.o
 .data          0x00000000c00110c8        0x0 build/sync.o
 .data          0x00000000c00110c8        0x0 build/console.o
 *fill*         0x00000000c00110c8       0x18 
 .data          0x00000000c00110e0       0x76 build/keyboard.o
 .data          0x00000000c0011156        0x0 build/ioqueue.o
 .data          0x00000000c0011156        0x0 build/tss.o
 .data          0x00000000c0011156        0x0 build/process.o
 .data          0x00000000c0011156        0x0 build/syscall.o
 .data          0x00000000c0011156        0x0 build/syscall-init.o
 .data          0x00000000c0011156        0x0 build/stdio.o
 .data          0x00000000c0011156        0x0 build/ide.o
 .data          0x00000000c0011156        0x0 build/stdio-kernel.o
 .data          0x00000000c0011156        0x0 build/fs.o
 .data          0x00000000c0011156        0x0 build/inode.o
 .data          0x00000000c0011156        0x0 build/file.o
 .data          0x00000000c0011156        0x0 build/dir.o
 .data          0x00000000c0011156        0x0 build/fork.o
 *fill*         0x00000000c0011156        0x2 
 .data          0x00000000c0011158        0x4 build/shell.o
                0x00000000c0011158                argc
 .data          0x00000000c001115c        0x0 build/assert.o

.data1
 *(.data1)
                0x00000000c001115c                _edata = .
                [!provide]                        PROVIDE (edata = .)
                0x00000000c001115c                . = .
                0x00000000c001115c                __bss_start = .

.bss            0x00000000c0011160     0x2260
 *(.dynbss)
 *(.bss .bss.* .gnu.linkonce.b.*)
 .bss           0x00000000c0011160        0x0 build/main.o
 .bss           0x00000000c0011160        0x0 build/init.o
 .bss           0x00000000c0011160      0x848 build/interrupt.o
                0x00000000c0011160                intr_name
                0x00000000c0011380                idt_table
 .bss           0x00000000c00119a8        0x4 build/timer.o
                0x00000000c00119a8                ticks
 .bss           0x00000000c00119ac        0x0 build/debug.o
 *fill*         0x00000000c00119ac       0x14 
 .bss           0x00000000c00119c0      0x128 build/memory.o
                0x00000000c00119c0                kernel_pool
                0x00000000c0011a00                user_pool
                0x00000000c0011a2c                kernel_vaddr
                0x00000000c0011a40                k_block_descs
 .bss           0x00000000c0011ae8        0x0 build/bitmap.o
 .bss           0x00000000c0011ae8        0x0 build/string.o
 .bss           0x00000000c0011ae8       0x4a build/thread.o
                0x00000000c0011ae8                main_thread
                0x00000000c0011aec                idle_thread
                0x00000000c0011af0                thread_ready_list
                0x00000000c0011b00                thread_all_list
                0x00000000c0011b10                pid_lock
 .bss           0x00000000c0011b32        0x0 build/list.o
 .bss           0x00000000c0011b32        0x0 build/sync.o
 *fill*         0x00000000c0011b32        0x2 
 .bss           0x00000000c0011b34       0x1c build/console.o
 *fill*         0x00000000c0011b50       0x10 
 .bss           0x00000000c0011b60       0x80 build/keyboard.o
                0x00000000c0011b60                kbd_buf
 .bss           0x00000000c0011be0        0x0 build/ioqueue.o
 .bss           0x00000000c0011be0       0x6c build/tss.o
 .bss           0x00000000c0011c4c        0x0 build/process.o
 .bss           0x00000000c0011c4c        0x0 build/syscall.o
 *fill*         0x00000000c0011c4c       0x14 
 .bss           0x00000000c0011c60       0x80 build/syscall-init.o
                0x00000000c0011c60                syscall_table
 .bss           0x00000000c0011ce0        0x0 build/stdio.o
 .bss           0x00000000c0011ce0      0xcf8 build/ide.o
                0x00000000c0011ce0                channel_cnt
                0x00000000c0011d00                channels
                0x00000000c00129c0                ext_lba_base
                0x00000000c00129c4                p_no
                0x00000000c00129c5                l_no
                0x00000000c00129c8                partition_list
 .bss           0x00000000c00129d8        0x0 build/stdio-kernel.o
 .bss           0x00000000c00129d8        0x4 build/fs.o
                0x00000000c00129d8                cur_part
 .bss           0x00000000c00129dc        0x0 build/inode.o
 *fill*         0x00000000c00129dc        0x4 
 .bss           0x00000000c00129e0      0x180 build/file.o
                0x00000000c00129e0                file_table
 .bss           0x00000000c0012b60      0x208 build/dir.o
                0x00000000c0012b60                root_dir
 .bss           0x00000000c0012d68        0x0 build/fork.o
 *fill*         0x00000000c0012d68       0x18 
 .bss           0x00000000c0012d80      0x640 build/shell.o
                0x00000000c0012d80                final_path
                0x00000000c0012f80                cwd_cache
                0x00000000c0013180                argv
 .bss           0x00000000c00133c0        0x0 build/assert.o
 *(COMMON)
                0x00000000c00133c0                . = ALIGN ((. != 0x0)?0x4:0x1)
                0x00000000c00133c0                . = ALIGN (0x4)
                0x00000000c00133c0                . = SEGMENT_START ("ldata-segment", .)
                0x00000000c00133c0                . = ALIGN (0x4)
                0x00000000c00133c0                _end = .
                [!provide]                        PROVIDE (end = .)
                0x00000000c00133c0                . = DATA_SEGMENT_END (.)

.stab
 *(.stab)

.stabstr
 *(.stabstr)

.stab.excl
 *(.stab.excl)

.stab.exclstr
 *(.stab.exclstr)

.stab.index
 *(.stab.index)

.stab.indexstr
 *(.stab.indexstr)

.comment        0x0000000000000000       0x33
 *(.comment)
 .comment       0x0000000000000000       0x33 build/main.o
                                         0x34 (size before relaxing)
 .comment       0x0000000000000033       0x34 build/init.o
 .comment       0x0000000000000033       0x34 build/interrupt.o
 .comment       0x0000000000000033       0x34 build/timer.o
 .comment       0x0000000000000033       0x34 build/debug.o
 .comment       0x0000000000000033       0x34 build/memory.o
 .comment       0x0000000000000033       0x34 build/bitmap.o
 .comment       0x0000000000000033       0x34 build/string.o
 .comment       0x0000000000000033       0x34 build/thread.o
 .comment       0x0000000000000033       0x34 build/list.o
 .comment       0x0000000000000033       0x34 build/sync.o
 .comment       0x0000000000000033       0x34 build/console.o
 .comment       0x0000000000000033       0x34 build/keyboard.o
 .comment       0x0000000000000033       0x34 build/ioqueue.o
 .comment       0x0000000000000033       0x34 build/tss.o
 .comment       0x0000000000000033       0x34 build/process.o
 .comment       0x0000000000000033       0x34 build/syscall.o
 .comment       0x0000000000000033       0x34 build/syscall-init.o
 .comment       0x0000000000000033       0x34 build/stdio.o
 .comment       0x0000000000000033       0x34 build/ide.o
 .comment       0x0000000000000033       0x34 build/stdio-kernel.o
 .comment       0x0000000000000033       0x34 build/fs.o
 .comment       0x0000000000000033       0x34 build/inode.o
 .comment       0x0000000000000033       0x34 build/file.o
 .comment       0x0000000000000033       0x34 build/dir.o
 .comment       0x0000000000000033       0x34 build/fork.o
 .comment       0x0000000000000033       0x34 build/shell.o
 .comment       0x0000000000000033       0x34 build/assert.o

.gnu.build.attributes
 *(.gnu.build.attributes .gnu.build.attributes.*)

.debug
 *(.debug)

.line
 *(.line)

.debug_srcinfo
 *(.debug_srcinfo)

.debug_sfnames
 *(.debug_sfnames)

.debug_aranges
 *(.debug_aranges)

.debug_pubnames
 *(.debug_pubnames)

.debug_info
 *(.debug_info .gnu.linkonce.wi.*)

.debug_abbrev
 *(.debug_abbrev)

.debug_line
 *(.debug_line .debug_line.* .debug_line_end)

.debug_frame
 *(.debug_frame)

.debug_str
 *(.debug_str)

.debug_loc
 *(.debug_loc)

.debug_macinfo
 *(.debug_macinfo)

.debug_weaknames
 *(.debug_weaknames)

.debug_funcnames
 *(.debug_funcnames)

.debug_typenames
 *(.debug_typenames)

.debug_varnames
 *(.debug_varnames)

.debug_pubtypes
 *(.debug_pubtypes)

.debug_ranges
 *(.debug_ranges)

.debug_macro
 *(.debug_macro)

.debug_addr
 *(.debug_addr)

.gnu.attributes
 *(.gnu.attributes)

/DISCARD/
 *(.note.GNU-stack)
 *(.gnu_debuglink)
 *(.gnu.lto_*)
OUTPUT(build/kernel.bin elf32-i386)
