
Discarded input sections

 .note.GNU-stack
                0x0000000000000000        0x0 build/main.o
 .note.GNU-stack
                0x0000000000000000        0x0 build/init.o
 .note.GNU-stack
                0x0000000000000000        0x0 build/interrupt.o
 .note.GNU-stack
                0x0000000000000000        0x0 build/timer.o
 .note.GNU-stack
                0x0000000000000000        0x0 build/debug.o
 .note.GNU-stack
                0x0000000000000000        0x0 build/memory.o
 .note.GNU-stack
                0x0000000000000000        0x0 build/bitmap.o
 .note.GNU-stack
                0x0000000000000000        0x0 build/string.o

Memory Configuration

Name             Origin             Length             Attributes
*default*        0x0000000000000000 0xffffffffffffffff

Linker script and memory map

Address of section .text set to 0xc0001500
LOAD build/main.o
LOAD build/init.o
LOAD build/interrupt.o
LOAD build/timer.o
LOAD build/kernel.o
LOAD build/print.o
LOAD build/debug.o
LOAD build/memory.o
LOAD build/bitmap.o
LOAD build/string.o
                [!provide]                        PROVIDE (__executable_start = SEGMENT_START ("text-segment", 0x8048000))
                0x00000000080480d4                . = (SEGMENT_START ("text-segment", 0x8048000) + SIZEOF_HEADERS)

.interp
 *(.interp)

.note.gnu.build-id
 *(.note.gnu.build-id)

.hash
 *(.hash)

.gnu.hash
 *(.gnu.hash)

.dynsym
 *(.dynsym)

.dynstr
 *(.dynstr)

.gnu.version
 *(.gnu.version)

.gnu.version_d
 *(.gnu.version_d)

.gnu.version_r
 *(.gnu.version_r)

.rel.dyn        0x00000000080480d4        0x0
 *(.rel.init)
 *(.rel.text .rel.text.* .rel.gnu.linkonce.t.*)
 *(.rel.fini)
 *(.rel.rodata .rel.rodata.* .rel.gnu.linkonce.r.*)
 *(.rel.data.rel.ro .rel.data.rel.ro.* .rel.gnu.linkonce.d.rel.ro.*)
 *(.rel.data .rel.data.* .rel.gnu.linkonce.d.*)
 *(.rel.tdata .rel.tdata.* .rel.gnu.linkonce.td.*)
 *(.rel.tbss .rel.tbss.* .rel.gnu.linkonce.tb.*)
 *(.rel.ctors)
 *(.rel.dtors)
 *(.rel.got)
 .rel.got       0x00000000080480d4        0x0 build/main.o
 *(.rel.bss .rel.bss.* .rel.gnu.linkonce.b.*)
 *(.rel.ifunc)

.rel.plt        0x00000000080480d4        0x0
 *(.rel.plt)
                [!provide]                        PROVIDE (__rel_iplt_start = .)
 *(.rel.iplt)
 .rel.iplt      0x00000000080480d4        0x0 build/main.o
                [!provide]                        PROVIDE (__rel_iplt_end = .)
                0x0000000008049000                . = ALIGN (CONSTANT (MAXPAGESIZE))

.init
 *(SORT_NONE(.init))

.plt            0x0000000008049000        0x0
 *(.plt)
 *(.iplt)
 .iplt          0x0000000008049000        0x0 build/main.o

.plt.got
 *(.plt.got)

.plt.sec
 *(.plt.sec)

.text           0x00000000c0001500     0x1639
 *(.text.unlikely .text.*_unlikely .text.unlikely.*)
 *(.text.exit .text.exit.*)
 *(.text.startup .text.startup.*)
 *(.text.hot .text.hot.*)
 *(SORT_BY_NAME(.text.sorted.*))
 *(.text .stub .text.* .gnu.linkonce.t.*)
 .text          0x00000000c0001500       0x67 build/main.o
                0x00000000c0001500                main
 .text          0x00000000c0001567       0x28 build/init.o
                0x00000000c0001567                init_all
 .text          0x00000000c000158f      0x38d build/interrupt.o
                0x00000000c000182a                intr_enable
                0x00000000c0001853                intr_disable
                0x00000000c000187b                intr_set_status
                0x00000000c0001899                intr_get_status
                0x00000000c00018b6                idt_init
 .text          0x00000000c000191c       0xef build/timer.o
                0x00000000c00019ca                timer_init
 *fill*         0x00000000c0001a0b        0x5 
 .text          0x00000000c0001a10      0x393 build/kernel.o
                0x00000000c0001a10                intr_exit
 *fill*         0x00000000c0001da3        0xd 
 .text          0x00000000c0001db0      0x14e build/print.o
                0x00000000c0001db0                put_str
                0x00000000c0001dce                put_char
                0x00000000c0001e9b                put_int
 .text          0x00000000c0001efe       0x81 build/debug.o
                0x00000000c0001efe                panic_spin
 .text          0x00000000c0001f7f      0x5a2 build/memory.o
                0x00000000c0002002                pte_ptr
                0x00000000c0002032                pde_ptr
                0x00000000c00021d6                malloc_page
                0x00000000c0002298                get_kernel_pages
                0x00000000c00024b2                mem_init
 .text          0x00000000c0002521      0x243 build/bitmap.o
                0x00000000c0002521                bitmap_init
                0x00000000c0002544                bitmap_scan_test
                0x00000000c0002583                bitmap_scan
                0x00000000c00026ae                bitmap_set
 .text          0x00000000c0002764      0x3d5 build/string.o
                0x00000000c0002764                memset
                0x00000000c00027b7                memcpy
                0x00000000c0002818                memcmp
                0x00000000c000289b                strcpy
                0x00000000c00028f0                strlen
                0x00000000c0002937                strcmp
                0x00000000c00029b0                strchr
                0x00000000c0002a08                strrchr
                0x00000000c0002a66                strcat
                0x00000000c0002ad0                strchrs
 *(.gnu.warning)

.fini
 *(SORT_NONE(.fini))
                [!provide]                        PROVIDE (__etext = .)
                [!provide]                        PROVIDE (_etext = .)
                [!provide]                        PROVIDE (etext = .)
                0x00000000c0003000                . = ALIGN (CONSTANT (MAXPAGESIZE))
                0x00000000c0003000                . = SEGMENT_START ("rodata-segment", (ALIGN (CONSTANT (MAXPAGESIZE)) + (. & (CONSTANT (MAXPAGESIZE) - 0x1))))

.rodata         0x00000000c0003000      0x558
 *(.rodata .rodata.* .gnu.linkonce.r.*)
 .rodata        0x00000000c0003000       0x33 build/main.o
 .rodata        0x00000000c0003033        0xa build/init.o
 *fill*         0x00000000c000303d        0x3 
 .rodata        0x00000000c0003040      0x261 build/interrupt.o
 .rodata        0x00000000c00032a1       0x23 build/timer.o
 .rodata        0x00000000c00032c4       0x28 build/debug.o
 .rodata        0x00000000c00032ec      0x13c build/memory.o
 .rodata        0x00000000c0003428       0x6b build/bitmap.o
 *fill*         0x00000000c0003493        0x1 
 .rodata        0x00000000c0003494       0xc4 build/string.o

.rodata1
 *(.rodata1)

.eh_frame_hdr
 *(.eh_frame_hdr)
 *(.eh_frame_entry .eh_frame_entry.*)

.eh_frame       0x00000000c0003558      0x538
 *(.eh_frame)
 .eh_frame      0x00000000c0003558       0x3c build/main.o
 .eh_frame      0x00000000c0003594       0x20 build/init.o
                                         0x38 (size before relaxing)
 .eh_frame      0x00000000c00035b4      0x168 build/interrupt.o
                                        0x180 (size before relaxing)
 .eh_frame      0x00000000c000371c       0x6c build/timer.o
                                         0x84 (size before relaxing)
 .eh_frame      0x00000000c0003788       0x20 build/debug.o
                                         0x38 (size before relaxing)
 .eh_frame      0x00000000c00037a8      0x120 build/memory.o
                                        0x138 (size before relaxing)
 .eh_frame      0x00000000c00038c8       0x88 build/bitmap.o
                                         0xa0 (size before relaxing)
 .eh_frame      0x00000000c0003950      0x140 build/string.o
                                        0x158 (size before relaxing)
 *(.eh_frame.*)

.gcc_except_table
 *(.gcc_except_table .gcc_except_table.*)

.gnu_extab
 *(.gnu_extab*)

.exception_ranges
 *(.exception_ranges*)
                0x00000000c0005000                . = DATA_SEGMENT_ALIGN (CONSTANT (MAXPAGESIZE), CONSTANT (COMMONPAGESIZE))

.eh_frame
 *(.eh_frame)
 *(.eh_frame.*)

.gnu_extab
 *(.gnu_extab)

.gcc_except_table
 *(.gcc_except_table .gcc_except_table.*)

.exception_ranges
 *(.exception_ranges*)

.tdata          0x00000000c0005000        0x0
                [!provide]                        PROVIDE (__tdata_start = .)
 *(.tdata .tdata.* .gnu.linkonce.td.*)

.tbss
 *(.tbss .tbss.* .gnu.linkonce.tb.*)
 *(.tcommon)

.preinit_array  0x00000000c0005000        0x0
                [!provide]                        PROVIDE (__preinit_array_start = .)
 *(.preinit_array)
                [!provide]                        PROVIDE (__preinit_array_end = .)

.init_array     0x00000000c0005000        0x0
                [!provide]                        PROVIDE (__init_array_start = .)
 *(SORT_BY_INIT_PRIORITY(.init_array.*) SORT_BY_INIT_PRIORITY(.ctors.*))
 *(.init_array EXCLUDE_FILE(*crtend?.o *crtend.o *crtbegin?.o *crtbegin.o) .ctors)
                [!provide]                        PROVIDE (__init_array_end = .)

.fini_array     0x00000000c0005000        0x0
                [!provide]                        PROVIDE (__fini_array_start = .)
 *(SORT_BY_INIT_PRIORITY(.fini_array.*) SORT_BY_INIT_PRIORITY(.dtors.*))
 *(.fini_array EXCLUDE_FILE(*crtend?.o *crtend.o *crtbegin?.o *crtbegin.o) .dtors)
                [!provide]                        PROVIDE (__fini_array_end = .)

.ctors
 *crtbegin.o(.ctors)
 *crtbegin?.o(.ctors)
 *(EXCLUDE_FILE(*crtend?.o *crtend.o) .ctors)
 *(SORT_BY_NAME(.ctors.*))
 *(.ctors)

.dtors
 *crtbegin.o(.dtors)
 *crtbegin?.o(.dtors)
 *(EXCLUDE_FILE(*crtend?.o *crtend.o) .dtors)
 *(SORT_BY_NAME(.dtors.*))
 *(.dtors)

.jcr
 *(.jcr)

.data.rel.ro
 *(.data.rel.ro.local* .gnu.linkonce.d.rel.ro.local.*)
 *(.data.rel.ro .data.rel.ro.* .gnu.linkonce.d.rel.ro.*)

.dynamic
 *(.dynamic)

.got            0x00000000c0005000        0x0
 *(.got)
 .got           0x00000000c0005000        0x0 build/main.o
 *(.igot)
                0x00000000c0005000                . = DATA_SEGMENT_RELRO_END (., (SIZEOF (.got.plt) >= 0xc)?0xc:0x0)

.got.plt        0x00000000c0005000        0x0
 *(.got.plt)
 .got.plt       0x00000000c0005000        0x0 build/main.o
 *(.igot.plt)
 .igot.plt      0x00000000c0005000        0x0 build/main.o

.data           0x00000000c0005000       0x8c
 *(.data .data.* .gnu.linkonce.d.*)
 .data          0x00000000c0005000        0x0 build/main.o
 .data          0x00000000c0005000        0x0 build/init.o
 .data          0x00000000c0005000        0x0 build/interrupt.o
 .data          0x00000000c0005000        0x0 build/timer.o
 .data          0x00000000c0005000       0x84 build/kernel.o
                0x00000000c0005000                intr_entry_table
 .data          0x00000000c0005084        0x8 build/print.o
 .data          0x00000000c000508c        0x0 build/debug.o
 .data          0x00000000c000508c        0x0 build/memory.o
 .data          0x00000000c000508c        0x0 build/bitmap.o
 .data          0x00000000c000508c        0x0 build/string.o

.data1
 *(.data1)
                0x00000000c000508c                _edata = .
                [!provide]                        PROVIDE (edata = .)
                0x00000000c000508c                . = .
                0x00000000c000508c                __bss_start = .

.bss            0x00000000c00050a0      0x274
 *(.dynbss)
 *(.bss .bss.* .gnu.linkonce.b.*)
 .bss           0x00000000c00050a0        0x0 build/main.o
 .bss           0x00000000c00050a0        0x0 build/init.o
 .bss           0x00000000c00050a0      0x248 build/interrupt.o
                0x00000000c00050a0                intr_name
                0x00000000c0005140                idt_table
 .bss           0x00000000c00052e8        0x0 build/timer.o
 .bss           0x00000000c00052e8        0x0 build/debug.o
 .bss           0x00000000c00052e8       0x2c build/memory.o
                0x00000000c00052e8                kernel_pool
                0x00000000c00052f8                user_pool
                0x00000000c0005308                kernel_vaddr
 .bss           0x00000000c0005314        0x0 build/bitmap.o
 .bss           0x00000000c0005314        0x0 build/string.o
 *(COMMON)
                0x00000000c0005314                . = ALIGN ((. != 0x0)?0x4:0x1)
                0x00000000c0005314                . = ALIGN (0x4)
                0x00000000c0005314                . = SEGMENT_START ("ldata-segment", .)
                0x00000000c0005314                . = ALIGN (0x4)
                0x00000000c0005314                _end = .
                [!provide]                        PROVIDE (end = .)
                0x00000000c0005314                . = DATA_SEGMENT_END (.)

.stab
 *(.stab)

.stabstr
 *(.stabstr)

.stab.excl
 *(.stab.excl)

.stab.exclstr
 *(.stab.exclstr)

.stab.index
 *(.stab.index)

.stab.indexstr
 *(.stab.indexstr)

.comment        0x0000000000000000       0x33
 *(.comment)
 .comment       0x0000000000000000       0x33 build/main.o
                                         0x34 (size before relaxing)
 .comment       0x0000000000000033       0x34 build/init.o
 .comment       0x0000000000000033       0x34 build/interrupt.o
 .comment       0x0000000000000033       0x34 build/timer.o
 .comment       0x0000000000000033       0x34 build/debug.o
 .comment       0x0000000000000033       0x34 build/memory.o
 .comment       0x0000000000000033       0x34 build/bitmap.o
 .comment       0x0000000000000033       0x34 build/string.o

.gnu.build.attributes
 *(.gnu.build.attributes .gnu.build.attributes.*)

.debug
 *(.debug)

.line
 *(.line)

.debug_srcinfo
 *(.debug_srcinfo)

.debug_sfnames
 *(.debug_sfnames)

.debug_aranges
 *(.debug_aranges)

.debug_pubnames
 *(.debug_pubnames)

.debug_info
 *(.debug_info .gnu.linkonce.wi.*)

.debug_abbrev
 *(.debug_abbrev)

.debug_line
 *(.debug_line .debug_line.* .debug_line_end)

.debug_frame
 *(.debug_frame)

.debug_str
 *(.debug_str)

.debug_loc
 *(.debug_loc)

.debug_macinfo
 *(.debug_macinfo)

.debug_weaknames
 *(.debug_weaknames)

.debug_funcnames
 *(.debug_funcnames)

.debug_typenames
 *(.debug_typenames)

.debug_varnames
 *(.debug_varnames)

.debug_pubtypes
 *(.debug_pubtypes)

.debug_ranges
 *(.debug_ranges)

.debug_macro
 *(.debug_macro)

.debug_addr
 *(.debug_addr)

.gnu.attributes
 *(.gnu.attributes)

/DISCARD/
 *(.note.GNU-stack)
 *(.gnu_debuglink)
 *(.gnu.lto_*)
OUTPUT(build/kernel.bin elf32-i386)
