
Discarded input sections

 .note.GNU-stack
                0x0000000000000000        0x0 build/main.o
 .note.GNU-stack
                0x0000000000000000        0x0 build/init.o
 .note.GNU-stack
                0x0000000000000000        0x0 build/interrupt.o
 .note.GNU-stack
                0x0000000000000000        0x0 build/timer.o
 .note.GNU-stack
                0x0000000000000000        0x0 build/debug.o
 .note.GNU-stack
                0x0000000000000000        0x0 build/memory.o
 .note.GNU-stack
                0x0000000000000000        0x0 build/bitmap.o
 .note.GNU-stack
                0x0000000000000000        0x0 build/string.o
 .note.GNU-stack
                0x0000000000000000        0x0 build/thread.o
 .note.GNU-stack
                0x0000000000000000        0x0 build/list.o

Memory Configuration

Name             Origin             Length             Attributes
*default*        0x0000000000000000 0xffffffffffffffff

Linker script and memory map

Address of section .text set to 0xc0001500
LOAD build/main.o
LOAD build/init.o
LOAD build/interrupt.o
LOAD build/timer.o
LOAD build/kernel.o
LOAD build/print.o
LOAD build/debug.o
LOAD build/memory.o
LOAD build/bitmap.o
LOAD build/string.o
LOAD build/thread.o
LOAD build/list.o
LOAD build/switch.o
                [!provide]                        PROVIDE (__executable_start = SEGMENT_START ("text-segment", 0x8048000))
                0x00000000080480d4                . = (SEGMENT_START ("text-segment", 0x8048000) + SIZEOF_HEADERS)

.interp
 *(.interp)

.note.gnu.build-id
 *(.note.gnu.build-id)

.hash
 *(.hash)

.gnu.hash
 *(.gnu.hash)

.dynsym
 *(.dynsym)

.dynstr
 *(.dynstr)

.gnu.version
 *(.gnu.version)

.gnu.version_d
 *(.gnu.version_d)

.gnu.version_r
 *(.gnu.version_r)

.rel.dyn        0x00000000080480d4        0x0
 *(.rel.init)
 *(.rel.text .rel.text.* .rel.gnu.linkonce.t.*)
 *(.rel.fini)
 *(.rel.rodata .rel.rodata.* .rel.gnu.linkonce.r.*)
 *(.rel.data.rel.ro .rel.data.rel.ro.* .rel.gnu.linkonce.d.rel.ro.*)
 *(.rel.data .rel.data.* .rel.gnu.linkonce.d.*)
 *(.rel.tdata .rel.tdata.* .rel.gnu.linkonce.td.*)
 *(.rel.tbss .rel.tbss.* .rel.gnu.linkonce.tb.*)
 *(.rel.ctors)
 *(.rel.dtors)
 *(.rel.got)
 .rel.got       0x00000000080480d4        0x0 build/main.o
 *(.rel.bss .rel.bss.* .rel.gnu.linkonce.b.*)
 *(.rel.ifunc)

.rel.plt        0x00000000080480d4        0x0
 *(.rel.plt)
                [!provide]                        PROVIDE (__rel_iplt_start = .)
 *(.rel.iplt)
 .rel.iplt      0x00000000080480d4        0x0 build/main.o
                [!provide]                        PROVIDE (__rel_iplt_end = .)
                0x0000000008049000                . = ALIGN (CONSTANT (MAXPAGESIZE))

.init
 *(SORT_NONE(.init))

.plt            0x0000000008049000        0x0
 *(.plt)
 *(.iplt)
 .iplt          0x0000000008049000        0x0 build/main.o

.plt.got
 *(.plt.got)

.plt.sec
 *(.plt.sec)

.text           0x00000000c0001500     0x1dd5
 *(.text.unlikely .text.*_unlikely .text.unlikely.*)
 *(.text.exit .text.exit.*)
 *(.text.startup .text.startup.*)
 *(.text.hot .text.hot.*)
 *(SORT_BY_NAME(.text.sorted.*))
 *(.text .stub .text.* .gnu.linkonce.t.*)
 .text          0x00000000c0001500       0xa7 build/main.o
                0x00000000c0001500                main
                0x00000000c000156f                k_thread_a
                0x00000000c000158b                k_thread_b
 .text          0x00000000c00015a7       0x2d build/init.o
                0x00000000c00015a7                init_all
 .text          0x00000000c00015d4      0x437 build/interrupt.o
                0x00000000c00018fc                intr_enable
                0x00000000c0001925                intr_disable
                0x00000000c000194d                intr_set_status
                0x00000000c000196b                intr_get_status
                0x00000000c0001988                register_handler
                0x00000000c00019a5                idt_init
 .text          0x00000000c0001a0b      0x177 build/timer.o
                0x00000000c0001b2f                timer_init
 *fill*         0x00000000c0001b82        0xe 
 .text          0x00000000c0001b90      0x393 build/kernel.o
                0x00000000c0001b90                intr_exit
 *fill*         0x00000000c0001f23        0xd 
 .text          0x00000000c0001f30      0x172 build/print.o
                0x00000000c0001f30                put_str
                0x00000000c0001f4e                put_char
                0x00000000c000201b                put_int
                0x00000000c000207e                set_cursor
 .text          0x00000000c00020a2       0x81 build/debug.o
                0x00000000c00020a2                panic_spin
 .text          0x00000000c0002123      0x5a2 build/memory.o
                0x00000000c00021a6                pte_ptr
                0x00000000c00021d6                pde_ptr
                0x00000000c000237a                malloc_page
                0x00000000c000243c                get_kernel_pages
                0x00000000c0002656                mem_init
 .text          0x00000000c00026c5      0x243 build/bitmap.o
                0x00000000c00026c5                bitmap_init
                0x00000000c00026e8                bitmap_scan_test
                0x00000000c0002727                bitmap_scan
                0x00000000c0002852                bitmap_set
 .text          0x00000000c0002908      0x3d5 build/string.o
                0x00000000c0002908                memset
                0x00000000c000295b                memcpy
                0x00000000c00029bc                memcmp
                0x00000000c0002a3f                strcpy
                0x00000000c0002a94                strlen
                0x00000000c0002adb                strcmp
                0x00000000c0002b54                strchr
                0x00000000c0002bac                strrchr
                0x00000000c0002c0a                strcat
                0x00000000c0002c74                strchrs
 .text          0x00000000c0002cdd      0x3ed build/thread.o
                0x00000000c0002cdd                running_thread
                0x00000000c0002d0e                thread_create
                0x00000000c0002d82                init_thread
                0x00000000c0002e12                thread_start
                0x00000000c0002f65                schedule
                0x00000000c000307c                thread_init
 .text          0x00000000c00030ca      0x1ee build/list.o
                0x00000000c00030ca                list_init
                0x00000000c00030f8                list_insert_before
                0x00000000c000313d                list_push
                0x00000000c000315b                list_append
                0x00000000c0003179                list_remove
                0x00000000c00031b3                list_pop
                0x00000000c00031d5                elem_find
                0x00000000c0003210                list_empty
                0x00000000c0003229                list_len
                0x00000000c000325e                list_traversal
 *fill*         0x00000000c00032b8        0x8 
 .text          0x00000000c00032c0       0x15 build/switch.o
                0x00000000c00032c0                switch_to
 *(.gnu.warning)

.fini
 *(SORT_NONE(.fini))
                [!provide]                        PROVIDE (__etext = .)
                [!provide]                        PROVIDE (_etext = .)
                [!provide]                        PROVIDE (etext = .)
                0x00000000c0004000                . = ALIGN (CONSTANT (MAXPAGESIZE))
                0x00000000c0004000                . = SEGMENT_START ("rodata-segment", (ALIGN (CONSTANT (MAXPAGESIZE)) + (. & (CONSTANT (MAXPAGESIZE) - 0x1))))

.rodata         0x00000000c0004000      0x779
 *(.rodata .rodata.* .gnu.linkonce.r.*)
 .rodata        0x00000000c0004000       0x35 build/main.o
 .rodata        0x00000000c0004035        0xa build/init.o
 *fill*         0x00000000c000403f        0x1 
 .rodata        0x00000000c0004040      0x2b1 build/interrupt.o
 *fill*         0x00000000c00042f1        0x3 
 .rodata        0x00000000c00042f4       0x6b build/timer.o
 .rodata        0x00000000c000435f       0x28 build/debug.o
 *fill*         0x00000000c0004387        0x1 
 .rodata        0x00000000c0004388      0x13c build/memory.o
 .rodata        0x00000000c00044c4       0x6b build/bitmap.o
 *fill*         0x00000000c000452f        0x1 
 .rodata        0x00000000c0004530       0xc4 build/string.o
 .rodata        0x00000000c00045f4      0x185 build/thread.o

.rodata1
 *(.rodata1)

.eh_frame_hdr
 *(.eh_frame_hdr)
 *(.eh_frame_entry .eh_frame_entry.*)

.eh_frame       0x00000000c000477c      0x7f0
 *(.eh_frame)
 .eh_frame      0x00000000c000477c       0x74 build/main.o
 .eh_frame      0x00000000c00047f0       0x20 build/init.o
                                         0x38 (size before relaxing)
 .eh_frame      0x00000000c0004810      0x188 build/interrupt.o
                                        0x1a0 (size before relaxing)
 .eh_frame      0x00000000c0004998       0x8c build/timer.o
                                         0xa4 (size before relaxing)
 .eh_frame      0x00000000c0004a24       0x20 build/debug.o
                                         0x38 (size before relaxing)
 .eh_frame      0x00000000c0004a44      0x120 build/memory.o
                                        0x138 (size before relaxing)
 .eh_frame      0x00000000c0004b64       0x88 build/bitmap.o
                                         0xa0 (size before relaxing)
 .eh_frame      0x00000000c0004bec      0x140 build/string.o
                                        0x158 (size before relaxing)
 .eh_frame      0x00000000c0004d2c      0x100 build/thread.o
                                        0x118 (size before relaxing)
 .eh_frame      0x00000000c0004e2c      0x140 build/list.o
                                        0x158 (size before relaxing)
 *(.eh_frame.*)

.gcc_except_table
 *(.gcc_except_table .gcc_except_table.*)

.gnu_extab
 *(.gnu_extab*)

.exception_ranges
 *(.exception_ranges*)
                0x00000000c0006000                . = DATA_SEGMENT_ALIGN (CONSTANT (MAXPAGESIZE), CONSTANT (COMMONPAGESIZE))

.eh_frame
 *(.eh_frame)
 *(.eh_frame.*)

.gnu_extab
 *(.gnu_extab)

.gcc_except_table
 *(.gcc_except_table .gcc_except_table.*)

.exception_ranges
 *(.exception_ranges*)

.tdata          0x00000000c0006000        0x0
                [!provide]                        PROVIDE (__tdata_start = .)
 *(.tdata .tdata.* .gnu.linkonce.td.*)

.tbss
 *(.tbss .tbss.* .gnu.linkonce.tb.*)
 *(.tcommon)

.preinit_array  0x00000000c0006000        0x0
                [!provide]                        PROVIDE (__preinit_array_start = .)
 *(.preinit_array)
                [!provide]                        PROVIDE (__preinit_array_end = .)

.init_array     0x00000000c0006000        0x0
                [!provide]                        PROVIDE (__init_array_start = .)
 *(SORT_BY_INIT_PRIORITY(.init_array.*) SORT_BY_INIT_PRIORITY(.ctors.*))
 *(.init_array EXCLUDE_FILE(*crtend?.o *crtend.o *crtbegin?.o *crtbegin.o) .ctors)
                [!provide]                        PROVIDE (__init_array_end = .)

.fini_array     0x00000000c0006000        0x0
                [!provide]                        PROVIDE (__fini_array_start = .)
 *(SORT_BY_INIT_PRIORITY(.fini_array.*) SORT_BY_INIT_PRIORITY(.dtors.*))
 *(.fini_array EXCLUDE_FILE(*crtend?.o *crtend.o *crtbegin?.o *crtbegin.o) .dtors)
                [!provide]                        PROVIDE (__fini_array_end = .)

.ctors
 *crtbegin.o(.ctors)
 *crtbegin?.o(.ctors)
 *(EXCLUDE_FILE(*crtend?.o *crtend.o) .ctors)
 *(SORT_BY_NAME(.ctors.*))
 *(.ctors)

.dtors
 *crtbegin.o(.dtors)
 *crtbegin?.o(.dtors)
 *(EXCLUDE_FILE(*crtend?.o *crtend.o) .dtors)
 *(SORT_BY_NAME(.dtors.*))
 *(.dtors)

.jcr
 *(.jcr)

.data.rel.ro
 *(.data.rel.ro.local* .gnu.linkonce.d.rel.ro.local.*)
 *(.data.rel.ro .data.rel.ro.* .gnu.linkonce.d.rel.ro.*)

.dynamic
 *(.dynamic)

.got            0x00000000c0006000        0x0
 *(.got)
 .got           0x00000000c0006000        0x0 build/main.o
 *(.igot)
                0x00000000c0006000                . = DATA_SEGMENT_RELRO_END (., (SIZEOF (.got.plt) >= 0xc)?0xc:0x0)

.got.plt        0x00000000c0006000        0x0
 *(.got.plt)
 .got.plt       0x00000000c0006000        0x0 build/main.o
 *(.igot.plt)
 .igot.plt      0x00000000c0006000        0x0 build/main.o

.data           0x00000000c0006000       0x8c
 *(.data .data.* .gnu.linkonce.d.*)
 .data          0x00000000c0006000        0x0 build/main.o
 .data          0x00000000c0006000        0x0 build/init.o
 .data          0x00000000c0006000        0x0 build/interrupt.o
 .data          0x00000000c0006000        0x0 build/timer.o
 .data          0x00000000c0006000       0x84 build/kernel.o
                0x00000000c0006000                intr_entry_table
 .data          0x00000000c0006084        0x8 build/print.o
 .data          0x00000000c000608c        0x0 build/debug.o
 .data          0x00000000c000608c        0x0 build/memory.o
 .data          0x00000000c000608c        0x0 build/bitmap.o
 .data          0x00000000c000608c        0x0 build/string.o
 .data          0x00000000c000608c        0x0 build/thread.o
 .data          0x00000000c000608c        0x0 build/list.o

.data1
 *(.data1)
                0x00000000c000608c                _edata = .
                [!provide]                        PROVIDE (edata = .)
                0x00000000c000608c                . = .
                0x00000000c000608c                __bss_start = .

.bss            0x00000000c00060a0      0x2a0
 *(.dynbss)
 *(.bss .bss.* .gnu.linkonce.b.*)
 .bss           0x00000000c00060a0        0x0 build/main.o
 .bss           0x00000000c00060a0        0x0 build/init.o
 .bss           0x00000000c00060a0      0x248 build/interrupt.o
                0x00000000c00060a0                intr_name
                0x00000000c0006140                idt_table
 .bss           0x00000000c00062e8        0x4 build/timer.o
                0x00000000c00062e8                ticks
 .bss           0x00000000c00062ec        0x0 build/debug.o
 .bss           0x00000000c00062ec       0x2c build/memory.o
                0x00000000c00062ec                kernel_pool
                0x00000000c00062fc                user_pool
                0x00000000c000630c                kernel_vaddr
 .bss           0x00000000c0006318        0x0 build/bitmap.o
 .bss           0x00000000c0006318        0x0 build/string.o
 .bss           0x00000000c0006318       0x28 build/thread.o
                0x00000000c0006318                main_thread
                0x00000000c000631c                thread_ready_list
                0x00000000c000632c                thread_all_list
 .bss           0x00000000c0006340        0x0 build/list.o
 *(COMMON)
                0x00000000c0006340                . = ALIGN ((. != 0x0)?0x4:0x1)
                0x00000000c0006340                . = ALIGN (0x4)
                0x00000000c0006340                . = SEGMENT_START ("ldata-segment", .)
                0x00000000c0006340                . = ALIGN (0x4)
                0x00000000c0006340                _end = .
                [!provide]                        PROVIDE (end = .)
                0x00000000c0006340                . = DATA_SEGMENT_END (.)

.stab
 *(.stab)

.stabstr
 *(.stabstr)

.stab.excl
 *(.stab.excl)

.stab.exclstr
 *(.stab.exclstr)

.stab.index
 *(.stab.index)

.stab.indexstr
 *(.stab.indexstr)

.comment        0x0000000000000000       0x33
 *(.comment)
 .comment       0x0000000000000000       0x33 build/main.o
                                         0x34 (size before relaxing)
 .comment       0x0000000000000033       0x34 build/init.o
 .comment       0x0000000000000033       0x34 build/interrupt.o
 .comment       0x0000000000000033       0x34 build/timer.o
 .comment       0x0000000000000033       0x34 build/debug.o
 .comment       0x0000000000000033       0x34 build/memory.o
 .comment       0x0000000000000033       0x34 build/bitmap.o
 .comment       0x0000000000000033       0x34 build/string.o
 .comment       0x0000000000000033       0x34 build/thread.o
 .comment       0x0000000000000033       0x34 build/list.o

.gnu.build.attributes
 *(.gnu.build.attributes .gnu.build.attributes.*)

.debug
 *(.debug)

.line
 *(.line)

.debug_srcinfo
 *(.debug_srcinfo)

.debug_sfnames
 *(.debug_sfnames)

.debug_aranges
 *(.debug_aranges)

.debug_pubnames
 *(.debug_pubnames)

.debug_info
 *(.debug_info .gnu.linkonce.wi.*)

.debug_abbrev
 *(.debug_abbrev)

.debug_line
 *(.debug_line .debug_line.* .debug_line_end)

.debug_frame
 *(.debug_frame)

.debug_str
 *(.debug_str)

.debug_loc
 *(.debug_loc)

.debug_macinfo
 *(.debug_macinfo)

.debug_weaknames
 *(.debug_weaknames)

.debug_funcnames
 *(.debug_funcnames)

.debug_typenames
 *(.debug_typenames)

.debug_varnames
 *(.debug_varnames)

.debug_pubtypes
 *(.debug_pubtypes)

.debug_ranges
 *(.debug_ranges)

.debug_macro
 *(.debug_macro)

.debug_addr
 *(.debug_addr)

.gnu.attributes
 *(.gnu.attributes)

/DISCARD/
 *(.note.GNU-stack)
 *(.gnu_debuglink)
 *(.gnu.lto_*)
OUTPUT(build/kernel.bin elf32-i386)
